###############################################################################
#
# IAR ELF Linker V8.40.1.212/W32 for ARM                  24/Feb/2020  16:06:12
# Copyright 2007-2019 IAR Systems AB.
#
#    Output file  =
#        D:\kraizette\STD\VII-VIII\POIP\PROJECTS\ÎÒ×ÅÒ6\ÑPP\6.2\Debug\Exe\LAB.out
#    Map file     =
#        D:\kraizette\STD\VII-VIII\POIP\PROJECTS\ÎÒ×ÅÒ6\ÑPP\6.2\Debug\List\LAB.map
#    Command line =
#        -f C:\Users\User\AppData\Local\Temp\EWDC11.tmp
#        (D:\kraizette\STD\VII-VIII\POIP\PROJECTS\ÎÒ×ÅÒ6\ÑPP\6.2\Debug\Obj\main.o
#        --no_out_extension -o
#        D:\kraizette\STD\VII-VIII\POIP\PROJECTS\ÎÒ×ÅÒ6\ÑPP\6.2\Debug\Exe\LAB.out
#        --map
#        D:\kraizette\STD\VII-VIII\POIP\PROJECTS\ÎÒ×ÅÒ6\ÑPP\6.2\Debug\List\LAB.map
#        --config "C:\Programs\IAR Arm\arm\config\linker\ST\stm32f411xE.icf"
#        --semihosting --entry __iar_program_start --vfe --text_out locale)
#
###############################################################################

*******************************************************************************
*** RUNTIME MODEL ATTRIBUTES
***

CppFlavor                     = *
__CPP_Exceptions              = Disabled
__CPP_Language                = C++14
__Heap_Handler                = DLMalloc
__SystemLibrary               = DLib
__dlib_dynamic_initialization = normal
__dlib_version                = 6


*******************************************************************************
*** HEAP SELECTION
***

The advanced heap was selected because the application calls memory
allocation functions outside of system library functions, and there
are calls to deallocation functions in the application.


*******************************************************************************
*** PLACEMENT SUMMARY
***

"A0":  place at address 0x800'0000 { ro section .intvec };
"P1":  place in [from 0x800'0000 to 0x807'ffff] { ro };
define block CSTACK with size = 32K, alignment = 8 { };
define block HEAP with size = 8K, alignment = 8 { };
"P2":  place in [from 0x2000'0000 to 0x2001'ffff] {
          rw, block CSTACK, block HEAP };
initialize by copy { rw };

  Section                Kind         Address    Size  Object
  -------                ----         -------    ----  ------
"A0":                                            0x40
  .intvec                ro code   0x800'0000    0x40  vector_table_M.o [5]
                                 - 0x800'0040    0x40

"P1":                                          0x5ac4
  .text                  ro code   0x800'0040  0x149c  dlmalloc.o [2]
  .text                  ro code   0x800'14dc     0x6  abort.o [2]
  .text                  ro code   0x800'14e2    0x3a  zero_init3.o [5]
  .text                  ro code   0x800'151c    0x2c  xgetmemchunk.o [2]
  .text                  ro code   0x800'1548    0x14  exit.o [6]
  .text                  ro code   0x800'155c    0x7c  iarttio.o [6]
  .text                  ro code   0x800'15d8    0x3c  XShttio.o [2]
  .text                  ro code   0x800'1614   0xfaa  xprintffull_nomb.o [2]
  .text                  ro code   0x800'25be    0x2e  copy_init3.o [5]
  .text                  ro code   0x800'25ec    0x16  strchr.o [5]
  .text                  ro code   0x800'2602     0xa  xsprout.o [2]
  .text                  ro code   0x800'260c    0x40  xfail_s.o [2]
  .text                  ro code   0x800'264c    0x36  strlen.o [5]
  .text                  ro code   0x800'2682     0x6  iostream_cout.o [3]
  .text                  ro code   0x800'2688    0x58  memchr.o [5]
  .text                  ro code   0x800'26e0    0x76  ABImemcpy_unaligned.o [5]
  .rodata                const     0x800'2756     0x2  main.o [1]
  .text                  ro code   0x800'2758    0x70  frexp.o [4]
  .text                  ro code   0x800'27c8    0x2e  DblCmpLe.o [4]
  .text                  ro code   0x800'27f6     0x2  iostream_cout.o [3]
  .text                  ro code   0x800'27f8    0x2e  DblCmpGe.o [4]
  .text                  ro code   0x800'2826     0x2  iostream_cout.o [3]
  .text                  ro code   0x800'2828   0x13a  ldexp.o [4]
  .text                  ro code   0x800'2962     0x2  vector_table_M.o [5]
  .text                  ro code   0x800'2964    0x3a  DblToS32.o [4]
  .rodata                const     0x800'299e     0x1  main.o [1]
  .rodata                const     0x800'299f     0x1  main.o [1]
  .text                  ro code   0x800'29a0    0x22  S32ToDbl.o [4]
  .rodata                const     0x800'29c2     0x1  unwind_debug.o [6]
  .text                  ro code   0x800'29c4    0xe2  DblSub.o [4]
  .text                  ro code   0x800'2aa8   0x246  DblDiv.o [4]
  .text                  ro code   0x800'2cf0    0x28  DblToU32.o [4]
  .text                  ro code   0x800'2d18    0x1a  U32ToDbl.o [4]
  .text                  ro code   0x800'2d34   0x1a2  DblMul.o [4]
  .text                  ro code   0x800'2ed8   0x230  I64DivMod.o [5]
  .text                  ro code   0x800'3108   0x16a  DblAdd.o [4]
  .text                  ro code   0x800'3274     0x2  I64DivZer.o [5]
  .text                  ro code   0x800'3278   0x368  main.o [1]
  .text                  ro code   0x800'35e0   0x1ce  main.o [1]
  .text                  ro code   0x800'37ae    0xa6  main.o [1]
  .text                  ro code   0x800'3854    0xbc  main.o [1]
  .text                  ro code   0x800'3910     0xc  main.o [1]
  .text                  ro code   0x800'391c    0x16  main.o [1]
  .text                  ro code   0x800'3932     0x4  main.o [1]
  .text                  ro code   0x800'3936    0x72  main.o [1]
  .text                  ro code   0x800'39a8     0x4  main.o [1]
  .text                  ro code   0x800'39ac     0x8  main.o [1]
  .text                  ro code   0x800'39b4     0x4  main.o [1]
  .text                  ro code   0x800'39b8     0x6  main.o [1]
  .text                  ro code   0x800'39be     0x6  main.o [1]
  .text                  ro code   0x800'39c4     0x4  main.o [1]
  .text                  ro code   0x800'39c8    0x32  main.o [1]
  .text                  ro code   0x800'39fa    0x12  main.o [1]
  .text                  ro code   0x800'3a0c    0x16  main.o [1]
  .text                  ro code   0x800'3a22     0x8  main.o [1]
  .text                  ro code   0x800'3a2a    0x28  main.o [1]
  .text                  ro code   0x800'3a52     0xe  main.o [1]
  .text                  ro code   0x800'3a60    0x20  main.o [1]
  .text                  ro code   0x800'3a80     0x8  main.o [1]
  .text                  ro code   0x800'3a88    0x24  main.o [1]
  .text                  ro code   0x800'3aac     0x4  main.o [1]
  .text                  ro code   0x800'3ab0    0x48  FltToDbl.o [4]
  .text                  ro code   0x800'3af8    0x38  main.o [1]
  .text                  ro code   0x800'3b30     0xc  main.o [1]
  .text                  ro code   0x800'3b3c    0x18  main.o [1]
  .text                  ro code   0x800'3b54     0x4  main.o [1]
  .text                  ro code   0x800'3b58    0x54  main.o [1]
  .text                  ro code   0x800'3bac    0x18  main.o [1]
  .text                  ro code   0x800'3bc4     0xe  main.o [1]
  .text                  ro code   0x800'3bd2     0x4  main.o [1]
  .text                  ro code   0x800'3bd6     0x4  main.o [1]
  .text                  ro code   0x800'3bda    0x24  main.o [1]
  .text                  ro code   0x800'3bfe     0xc  main.o [1]
  .text                  ro code   0x800'3c0c    0x18  main.o [1]
  .text                  ro code   0x800'3c24    0x28  main.o [1]
  .text                  ro code   0x800'3c4c     0xe  main.o [1]
  .text                  ro code   0x800'3c5a    0x14  main.o [1]
  .text                  ro code   0x800'3c70   0x104  ios.o [3]
  .text                  ro code   0x800'3d74     0xc  main.o [1]
  .text                  ro code   0x800'3d80     0xc  main.o [1]
  .text                  ro code   0x800'3d8c    0x54  main.o [1]
  .text                  ro code   0x800'3de0     0xc  main.o [1]
  .text                  ro code   0x800'3dec     0x4  delop4_0.o [3]
  .text                  ro code   0x800'3df0     0xc  main.o [1]
  .text                  ro code   0x800'3dfc    0x4a  main.o [1]
  .text                  ro code   0x800'3e46    0x46  main.o [1]
  .text                  ro code   0x800'3e8c     0xa  delop_0.o [3]
  .text                  ro code   0x800'3e96     0x4  heaptramp0.o [2]
  .text                  ro code   0x800'3e9c   0x2e0  main.o [1]
  .text                  ro code   0x800'417c    0x22  strcspn.o [2]
  .text                  ro code   0x800'41a0    0x20  main.o [1]
  .text                  ro code   0x800'41c0     0x8  main.o [1]
  .text                  ro code   0x800'41c8    0x2a  main.o [1]
  .text                  ro code   0x800'41f2    0x10  main.o [1]
  .text                  ro code   0x800'4202    0x18  main.o [1]
  .text                  ro code   0x800'421c    0x30  main.o [1]
  .text                  ro code   0x800'424c     0xe  main.o [1]
  .text                  ro code   0x800'425a     0xe  main.o [1]
  .text                  ro code   0x800'4268    0x94  main.o [1]
  .text                  ro code   0x800'42fc     0xe  main.o [1]
  .text                  ro code   0x800'430a    0x10  main.o [1]
  .text                  ro code   0x800'431a     0xe  main.o [1]
  .text                  ro code   0x800'4328    0x30  main.o [1]
  .text                  ro code   0x800'4358    0x30  main.o [1]
  .text                  ro code   0x800'4388    0x12  main.o [1]
  .text                  ro code   0x800'439c    0x18  main.o [1]
  .text                  ro code   0x800'43b4     0xc  main.o [1]
  .text                  ro code   0x800'43c0    0x84  main.o [1]
  .text                  ro code   0x800'4444    0x3a  main.o [1]
  .text                  ro code   0x800'447e    0x10  main.o [1]
  .text                  ro code   0x800'4490    0x18  main.o [1]
  .text                  ro code   0x800'44a8     0xa  cxxabi.o [3]
  .text                  ro code   0x800'44b2     0xe  main.o [1]
  .text                  ro code   0x800'44c0    0x7c  main.o [1]
  .text                  ro code   0x800'453c    0x28  main.o [1]
  .text                  ro code   0x800'4564    0x30  main.o [1]
  .text                  ro code   0x800'4594    0x28  main.o [1]
  .text                  ro code   0x800'45bc    0x10  main.o [1]
  .text                  ro code   0x800'45cc     0xe  main.o [1]
  .text                  ro code   0x800'45da     0x2  main.o [1]
  .text                  ro code   0x800'45dc    0x3e  main.o [1]
  .text                  ro code   0x800'461a     0x2  main.o [1]
  .text                  ro code   0x800'461c     0xc  main.o [1]
  .text                  ro code   0x800'4628    0x1c  main.o [1]
  .text                  ro code   0x800'4644     0xe  main.o [1]
  .text                  ro code   0x800'4652     0xc  main.o [1]
  .text                  ro code   0x800'465e     0xc  main.o [1]
  .text                  ro code   0x800'466a    0x10  main.o [1]
  .text                  ro code   0x800'467a     0xc  main.o [1]
  .text                  ro code   0x800'4686    0x28  main.o [1]
  .text                  ro code   0x800'46ae    0x14  main.o [1]
  .text                  ro code   0x800'46c2     0xc  main.o [1]
  .text                  ro code   0x800'46ce    0x16  main.o [1]
  .text                  ro code   0x800'46e4     0xc  main.o [1]
  .text                  ro code   0x800'46f0    0xa0  cppinit.o [2]
  .text                  ro code   0x800'4790    0x1c  main.o [1]
  .text                  ro code   0x800'47ac    0xdc  main.o [1]
  .text                  ro code   0x800'4888    0x78  ABImemmove_unaligned.o [5]
  .text                  ro code   0x800'4900     0x6  main.o [1]
  .text                  ro code   0x800'4906    0x24  main.o [1]
  .text                  ro code   0x800'492a     0xc  main.o [1]
  .text                  ro code   0x800'4936    0x16  main.o [1]
  .text                  ro code   0x800'494c     0xc  main.o [1]
  .text                  ro code   0x800'4958    0x1e  main.o [1]
  .text                  ro code   0x800'4976     0x2  main.o [1]
  .text                  ro code   0x800'4978    0x10  main.o [1]
  .text                  ro code   0x800'4988     0x2  main.o [1]
  .text                  ro code   0x800'498a    0x12  main.o [1]
  .text                  ro code   0x800'499c     0x2  main.o [1]
  .text                  ro code   0x800'49a0    0x28  main.o [1]
  .text                  ro code   0x800'49c8     0xc  main.o [1]
  .text                  ro code   0x800'49d4     0xc  main.o [1]
  .text                  ro code   0x800'49e0    0x10  main.o [1]
  .text                  ro code   0x800'49f0     0x2  main.o [1]
  .text                  ro code   0x800'49f2    0x1a  main.o [1]
  .text                  ro code   0x800'4a0c    0x66  ABImemset.o [5]
  .text                  ro code   0x800'4a72     0x2  main.o [1]
  .text                  ro code   0x800'4a74     0x2  main.o [1]
  .text                  ro code   0x800'4a76     0xc  main.o [1]
  .text                  ro code   0x800'4a82     0xa  main.o [1]
  .text                  ro code   0x800'4a8c     0x2  main.o [1]
  .text                  ro code   0x800'4a8e     0xe  main.o [1]
  .text                  ro code   0x800'4a9c    0x70  main.o [1]
  .text                  ro code   0x800'4b0c     0x4  main.o [1]
  .text                  ro code   0x800'4b10     0x2  main.o [1]
  .text                  ro code   0x800'4b12     0xc  main.o [1]
  .text                  ro code   0x800'4b1e    0x12  main.o [1]
  .text                  ro code   0x800'4b30     0x2  main.o [1]
  .text                  ro code   0x800'4b32    0x1a  main.o [1]
  .text                  ro code   0x800'4b4c     0x2  main.o [1]
  .text                  ro code   0x800'4b4e    0x34  main.o [1]
  .text                  ro code   0x800'4b82    0x1a  main.o [1]
  .text                  ro code   0x800'4b9c     0x8  main.o [1]
  .text                  ro code   0x800'4ba4    0x1a  main.o [1]
  .text                  ro code   0x800'4bbe    0x26  main.o [1]
  .text                  ro code   0x800'4be4    0x24  newop_0.o [3]
  .text                  ro code   0x800'4c08     0x4  main.o [1]
  .text                  ro code   0x800'4c0c     0x4  nomemory.o [3]
  .text                  ro code   0x800'4c10   0x244  main.o [1]
  .text                  ro code   0x800'4e54   0x194  main.o [1]
  .text                  ro code   0x800'4fe8     0x4  main.o [1]
  .text                  ro code   0x800'4fec    0x20  DblCmpEq.o [4]
  .text                  ro code   0x800'500c    0xf8  main.o [1]
  .text                  ro code   0x800'5104    0x40  sprintf.o [2]
  .text                  ro code   0x800'5144    0xbc  main.o [1]
  .text                  ro code   0x800'5200    0x90  iostream_cout.o [3]
  .text                  ro code   0x800'5290    0x5c  iostream_cout.o [3]
  .text                  ro code   0x800'52ec    0x82  main.o [1]
  .text                  ro code   0x800'536e    0x7a  main.o [1]
  .text                  ro code   0x800'53e8    0x22  main.o [1]
  .text                  ro code   0x800'540a    0x6a  main.o [1]
  .text                  ro code   0x800'5474    0x60  iostream_cout.o [3]
  .text                  ro code   0x800'54d4    0x58  main.o [1]
  .text                  ro code   0x800'552c    0x52  main.o [1]
  .text                  ro code   0x800'557e    0x32  main.o [1]
  .rodata                const     0x800'55b0    0x48  main.o [1]
  .rodata                const     0x800'55f8    0x44  iostream_cout.o [3]
  .rodata                const     0x800'563c    0x44  iostream_cout.o [3]
  .text                  ro code   0x800'5680    0x38  iostream_cout.o [3]
  .text                  ro code   0x800'56b8    0x20  putchar.o [2]
  .text                  ro code   0x800'56d8    0x10  write.o [6]
  .text                  ro code   0x800'56e8    0x1e  dwrite.o [6]
  .text                  ro code   0x800'5706    0x20  iarwstd.o [6]
  .text                  ro code   0x800'5726    0x22  iarwrite.o [6]
  .rodata                const     0x800'5748    0x30  main.o [1]
  .rodata                const     0x800'5778    0x30  main.o [1]
  .text                  ro code   0x800'57a8    0x2e  main.o [1]
  .text                  ro code   0x800'57d6    0x18  main.o [1]
  .rodata                const     0x800'57f0    0x28  main.o [1]
  .rodata                const     0x800'5818    0x28  main.o [1]
  .rodata                const     0x800'5840    0x28  iostream_cout.o [3]
  .text                  ro code   0x800'5868    0x28  data_init.o [5]
  .rodata                const     0x800'5890    0x24  main.o [1]
  .rodata                const     0x800'58b4    0x24  main.o [1]
  .text                  ro code   0x800'58d8    0x24  main.o [1]
  .text                  ro code   0x800'58fc    0x18  main.o [1]
  .text                  ro code   0x800'5914    0x22  fpinit_M.o [4]
  .iar.init_table        const     0x800'5938    0x28  - Linker created -
  .text                  ro code   0x800'5960    0x20  cmain_call_ctors.o [5]
  .text                  ro code   0x800'5980    0x1e  cmain.o [5]
  .text                  ro code   0x800'599e     0x4  exit.o [2]
  .text                  ro code   0x800'59a4     0xe  cexit.o [5]
  .text                  ro code   0x800'59b4    0x18  main.o [1]
  .text                  ro code   0x800'59cc    0x18  main.o [1]
  .text                  ro code   0x800'59e4     0x4  delaop_0.o [3]
  .text                  ro code   0x800'59e8    0x14  iostream_cout.o [3]
  Initializer bytes      const     0x800'59fc    0x14  <for P2-1>
  .rodata                const     0x800'5a10    0x10  main.o [1]
  .rodata                const     0x800'5a20    0x10  main.o [1]
  .rodata                const     0x800'5a30    0x10  ios.o [3]
  .rodata                const     0x800'5a40    0x10  iostream_cout.o [3]
  .text                  ro code   0x800'5a50     0xe  main.o [1]
  .text                  ro code   0x800'5a5e     0xc  main.o [1]
  .text                  ro code   0x800'5a6a     0xe  iostream_cout.o [3]
  .rodata                const     0x800'5a78     0xc  main.o [1]
  .rodata                const     0x800'5a84     0xc  main.o [1]
  .rodata                const     0x800'5a90     0xc  main.o [1]
  .rodata                const     0x800'5a9c     0xc  main.o [1]
  .text                  ro code   0x800'5aa8     0xc  main.o [1]
  .text                  ro code   0x800'5ab4     0xc  cstartup_M.o [5]
  SHT$$PREINIT_ARRAY               0x800'5ac0     0x4  <Block>
    .preinit_array       const     0x800'5ac0     0x4  iostream_cout.o [3]
  SHT$$INIT_ARRAY                  0x800'5ac4     0x8  <Block>
    .init_array          const     0x800'5ac4     0x4  main.o [1]
    .init_array          const     0x800'5ac8     0x4  ios.o [3]
  __iar_tls$$INIT_ARRAY            0x800'5acc     0x0  <Block>
  .rodata                const     0x800'5acc     0x8  main.o [1]
  .rodata                const     0x800'5ad4     0x8  main.o [1]
  .rodata                const     0x800'5adc     0x8  main.o [1]
  .rodata                const     0x800'5ae4     0x8  xprintffull_nomb.o [2]
  .rodata                const     0x800'5aec     0x4  main.o [1]
  .rodata                const     0x800'5af0     0x4  main.o [1]
  .rodata                const     0x800'5af4     0x4  main.o [1]
  .text                  ro code   0x800'5af8     0x4  main.o [1]
  .text                  ro code   0x800'5afc     0x4  main.o [1]
  .text                  ro code   0x800'5b00     0x4  iostream_cout.o [3]
  .text                  ro code   0x800'5b04     0x0  cstart_call_dtors.o [5]
  .rodata                const     0x800'5b04     0x0  zero_init3.o [5]
  .rodata                const     0x800'5b04     0x0  copy_init3.o [5]
                                 - 0x800'5b04  0x5ac4

"P2", part 1 of 3:                               0x14
  P2-1                            0x2000'0000    0x14  <Init block>
    .data                inited   0x2000'0000     0x4  main.o [1]
    .data                inited   0x2000'0004     0x4  main.o [1]
    .data                inited   0x2000'0008     0x4  main.o [1]
    .data                inited   0x2000'000c     0x8  XShttio.o [2]
                                - 0x2000'0014    0x14

"P2", part 2 of 3:                              0x2f0
  .bss                   zero     0x2000'0014   0x1d8  dlmalloc.o [2]
  .bss                   zero     0x2000'01ec    0x70  iostream_cout.o [3]
  .bss                   zero     0x2000'025c    0x34  ios.o [3]
  .bss                   zero     0x2000'0290    0x18  dlmalloc.o [2]
  .bss                   zero     0x2000'02a8    0x14  main.o [1]
  .bss                   zero     0x2000'02c0    0x10  ios.o [3]
  .bss                   zero     0x2000'02d0     0x4  main.o [1]
  .bss                   zero     0x2000'02d4     0x4  main.o [1]
  .bss                   zero     0x2000'02d8     0x4  main.o [1]
  .bss                   zero     0x2000'02dc     0x4  main.o [1]
  .bss                   zero     0x2000'02e0     0x4  main.o [1]
  .bss                   zero     0x2000'02e4     0x4  cppinit.o [2]
  .bss                   zero     0x2000'02e8     0x4  cppinit.o [2]
  .bss                   zero     0x2000'02ec     0x4  new.o [3]
  .bss                   zero     0x2000'02f0     0x4  xgetmemchunk.o [2]
  .bss                   zero     0x2000'02f4     0x4  xfail_s.o [2]
  .bss                   zero     0x2000'02f8     0x2  main.o [1]
  .bss                   zero     0x2000'02fa     0x2  main.o [1]
  .bss                   zero     0x2000'02fc     0x2  main.o [1]
  .bss                   zero     0x2000'02fe     0x1  main.o [1]
  .bss                   zero     0x2000'02ff     0x1  main.o [1]
  .bss                   zero     0x2000'0300     0x1  main.o [1]
  .bss                   zero     0x2000'0301     0x1  XShttio.o [2]
                                - 0x2000'0302   0x2ee

"P2", part 3 of 3:                             0xa1a4
  .iar.dynexit                    0x2000'0304   0x1a4  <Block>
    .iar.dynexit         uninit   0x2000'0304     0xc  cppinit.o [2]
    .iar.dynexit         uninit   0x2000'0310   0x198  <Block tail>
  CSTACK                          0x2000'04a8  0x8000  <Block>
    CSTACK               uninit   0x2000'04a8  0x8000  <Block tail>
  HEAP                            0x2000'84a8  0x2000  <Block>
    HEAP                 uninit   0x2000'84a8  0x2000  <Block tail>
                                - 0x2000'a4a8  0xa1a4

Unused ranges:

         From           To      Size
         ----           --      ----
   0x800'5b04   0x807'ffff  0x7'a4fc
  0x2000'a4a8  0x2001'ffff  0x1'5b58


*******************************************************************************
*** INIT TABLE
***

          Address      Size
          -------      ----
Zero (__iar_zero_init3)
    1 destination range, total size 0x2ee:
          0x2000'0014  0x2ee

Copy (__iar_copy_init3)
    1 source range, total size 0x14:
           0x800'59fc   0x14
    1 destination range, total size 0x14:
          0x2000'0000   0x14

Extra (__iar_cstart_call_ctors)



*******************************************************************************
*** MODULE SUMMARY
***

    Module                  ro code  ro data  rw data
    ------                  -------  -------  -------
command line/config:
    -------------------------------------------------
    Total:

D:\kraizette\STD\VII-VIII\POIP\PROJECTS\ÎÒ×ÅÒ6\ÑPP\6.2\Debug\Obj: [1]
    main.o                    7'980      456       61
    -------------------------------------------------
    Total:                    7'980      456       61

dl7M_tln.a: [2]
    XShttio.o                    60        8        9
    abort.o                       6
    cppinit.o                   160                20
    dlmalloc.o                5'276               496
    exit.o                        4
    heaptramp0.o                  4
    putchar.o                    32
    sprintf.o                    64
    strcspn.o                    34
    xfail_s.o                    64                 4
    xgetmemchunk.o               44                 4
    xprintffull_nomb.o        4'010        8
    xsprout.o                    10
    -------------------------------------------------
    Total:                    9'768       16      533

dlpp7M_tl_nc.a: [3]
    cxxabi.o                     10
    delaop_0.o                    4
    delop4_0.o                    4
    delop_0.o                    10
    ios.o                       260       20       68
    iostream_cout.o             436      196      112
    new.o                                           4
    newop_0.o                    36
    nomemory.o                    4
    -------------------------------------------------
    Total:                      764      216      184

m7M_tls.a: [4]
    DblAdd.o                    362
    DblCmpEq.o                   32
    DblCmpGe.o                   46
    DblCmpLe.o                   46
    DblDiv.o                    582
    DblMul.o                    418
    DblSub.o                    226
    DblToS32.o                   58
    DblToU32.o                   40
    FltToDbl.o                   72
    S32ToDbl.o                   34
    U32ToDbl.o                   26
    fpinit_M.o                   34
    frexp.o                     112
    ldexp.o                     314
    -------------------------------------------------
    Total:                    2'402

rt7M_tl.a: [5]
    ABImemcpy_unaligned.o       118
    ABImemmove_unaligned.o      120
    ABImemset.o                 102
    I64DivMod.o                 560
    I64DivZer.o                   2
    cexit.o                      14
    cmain.o                      30
    cmain_call_ctors.o           32
    copy_init3.o                 46
    cstart_call_dtors.o
    cstartup_M.o                 12
    data_init.o                  40
    memchr.o                     88
    strchr.o                     22
    strlen.o                     54
    vector_table_M.o             66
    zero_init3.o                 58
    -------------------------------------------------
    Total:                    1'364

shb_l.a: [6]
    dwrite.o                     30
    exit.o                       20
    iarttio.o                   124
    iarwrite.o                   34
    iarwstd.o                    32
    unwind_debug.o                         1
    write.o                      16
    -------------------------------------------------
    Total:                      256        1

    Gaps                         33        4        4
    Linker created                        40   41'368
-----------------------------------------------------
    Grand Total:             22'567      733   42'150


*******************************************************************************
*** ENTRY LIST
***

Entry                       Address   Size  Type      Object
-----                       -------   ----  ----      ------
.iar.dynexit$$Base      0x2000'0304          --   Gb  - Linker created -
.iar.dynexit$$Limit     0x2000'04a8          --   Gb  - Linker created -
.iar.init_table$$Base    0x800'5938          --   Gb  - Linker created -
.iar.init_table$$Limit   0x800'5960          --   Gb  - Linker created -
?main                    0x800'5981         Code  Gb  cmain.o [5]
CSTACK$$Base            0x2000'04a8          --   Gb  - Linker created -
CSTACK$$Limit           0x2000'84a8          --   Gb  - Linker created -
DtorRecArray            0x2000'0304    0xc  Data  Lc  cppinit.o [2]
HEAP$$Base              0x2000'84a8          --   Gb  - Linker created -
HEAP$$Limit             0x2000'a4a8          --   Gb  - Linker created -
Initialization guard variable for std::ctype<char> const & std::use_facet<std::ctype<char>>()::_MyFacet
                        0x2000'02ff    0x1  Data  Gb  main.o [1]
Initialization guard variable for std::num_put<char, std::ostreambuf_iterator<char, std::char_traits<char>>> const & std::use_facet<std::num_put<char, std::ostreambuf_iterator<char, std::char_traits<char>>>>()::_MyFacet
                        0x2000'02fe    0x1  Data  Gb  main.o [1]
Initialization guard variable for std::numpunct<char> const & std::use_facet<std::numpunct<char>>()::_MyFacet
                        0x2000'0300    0x1  Data  Gb  main.o [1]
Region$$Table$$Base      0x800'5938          --   Gb  - Linker created -
Region$$Table$$Limit     0x800'5960          --   Gb  - Linker created -
SHT$$INIT_ARRAY$$Base    0x800'5ac4          --   Gb  - Linker created -
SHT$$INIT_ARRAY$$Limit   0x800'5acc          --   Gb  - Linker created -
SHT$$PREINIT_ARRAY$$Base
                         0x800'5ac0          --   Gb  - Linker created -
SHT$$PREINIT_ARRAY$$Limit
                         0x800'5ac4          --   Gb  - Linker created -
VddaCal                 0x2000'02e0    0x4  Data  Gb  main.o [1]
VddaCal32               0x2000'02fc    0x2  Data  Gb  main.o [1]
VddaCalPointer          0x2000'0008    0x4  Data  Gb  main.o [1]
Virtual function table for std::_Wrap_facet<std::ctype<char>>
                         0x800'5a20   0x10  Data  Gb  main.o [1]
Virtual function table for std::_Wrap_facet<std::num_put<char, std::ostreambuf_iterator<char, std::char_traits<char>>>>
                         0x800'5778   0x30  Data  Gb  main.o [1]
Virtual function table for std::_Wrap_facet<std::numpunct<char>>
                         0x800'58b4   0x24  Data  Gb  main.o [1]
Virtual function table for std::__nobasic_filebuf<char, std::char_traits<char>>
                         0x800'563c   0x44  Data  Gb  iostream_cout.o [3]
Virtual function table for std::ctype<char>
                         0x800'5a10   0x10  Data  Gb  main.o [1]
Virtual function table for std::ios
                         0x800'5a40   0x10  Data  Gb  iostream_cout.o [3]
Virtual function table for std::ios_base
                         0x800'5a30   0x10  Data  Gb  ios.o [3]
Virtual function table for std::num_put<char, std::ostreambuf_iterator<char, std::char_traits<char>>>
                         0x800'5748   0x30  Data  Gb  main.o [1]
Virtual function table for std::numpunct<char>
                         0x800'5890   0x24  Data  Gb  main.o [1]
Virtual function table for std::ostream
                         0x800'5840   0x28  Data  Gb  iostream_cout.o [3]
Virtual function table for std::streambuf
                         0x800'55f8   0x44  Data  Gb  iostream_cout.o [3]
[local to ios_cpp]::std::stdopens
                        0x2000'025c    0xc  Data  Lc  ios.o [3]
[local to ios_cpp]::std::stdstr
                        0x2000'0268   0x28  Data  Lc  ios.o [3]
[local to iostream_cout_cpp]::std::__iarcoutguard
                        0x2000'0218    0x1  Data  Lc  iostream_cout.o [3]
[local to iostream_cout_cpp]::std::fout
                        0x2000'021c   0x40  Data  Lc  iostream_cout.o [3]
_LitobFullNoMb           0x800'23b9  0x10a  Code  Lc  xprintffull_nomb.o [2]
_PrintfFullNoMb          0x800'1615  0xd80  Code  Gb  xprintffull_nomb.o [2]
_PutcharFullNoMb         0x800'2529   0x20  Code  Lc  xprintffull_nomb.o [2]
_PutcharsFullNoMb        0x800'2549   0x2e  Code  Lc  xprintffull_nomb.o [2]
_SProut                  0x800'2603    0xa  Code  Gb  xsprout.o [2]
__aeabi_atexit           0x800'44a9    0xa  Code  Gb  cxxabi.o [3]
__aeabi_cdcmpeq          0x800'4fed         Code  Gb  DblCmpEq.o [4]
__aeabi_cdcmple          0x800'27c9         Code  Gb  DblCmpLe.o [4]
__aeabi_cdrcmple         0x800'27f9         Code  Gb  DblCmpGe.o [4]
__aeabi_d2iz             0x800'2965         Code  Gb  DblToS32.o [4]
__aeabi_d2uiz            0x800'2cf1         Code  Gb  DblToU32.o [4]
__aeabi_ddiv             0x800'2aa9         Code  Gb  DblDiv.o [4]
__aeabi_dmul             0x800'2d35         Code  Gb  DblMul.o [4]
__aeabi_dsub             0x800'29c5         Code  Gb  DblSub.o [4]
__aeabi_f2d              0x800'3ab1         Code  Gb  FltToDbl.o [4]
__aeabi_i2d              0x800'29a1         Code  Gb  S32ToDbl.o [4]
__aeabi_ldiv0            0x800'3275         Code  Gb  I64DivZer.o [5]
__aeabi_memset           0x800'4a0d         Code  Gb  ABImemset.o [5]
__aeabi_ui2d             0x800'2d19         Code  Gb  U32ToDbl.o [4]
__aeabi_uldivmod         0x800'2ed9         Code  Gb  I64DivMod.o [5]
__call_ctors             0x800'46f1   0x18  Code  Gb  cppinit.o [2]
__call_dtors             0x800'473f    0xc  Code  Gb  cppinit.o [2]
__call_dtors0            0x800'474b   0x36  Code  Gb  cppinit.o [2]
__cexit_call_dtors       0x800'59a7         Code  Gb  cexit.o [5]
__cmain                  0x800'5981         Code  Gb  cmain.o [5]
__cstart_call_dtors      0x800'5b04         Data  Gb  cstart_call_dtors.o [5]
__cxa_atexit             0x800'4709   0x36  Code  Gb  cppinit.o [2]
__data_GetMemChunk       0x800'151d   0x2c  Code  Gb  xgetmemchunk.o [2]
__data_GetMemChunk::start
                        0x2000'02f0    0x4  Data  Lc  xgetmemchunk.o [2]
__dso_handle            0x2000'02e8    0x4  Data  Gb  cppinit.o [2]
__dwrite                 0x800'56e9   0x1e  Code  Gb  dwrite.o [6]
__exit                   0x800'1549   0x14  Code  Gb  exit.o [6]
__iar_Fail_s             0x800'260d   0x1c  Code  Gb  xfail_s.o [2]
__iar_Memchr             0x800'2689         Code  Gb  memchr.o [5]
__iar_Memset             0x800'4a0d         Code  Gb  ABImemset.o [5]
__iar_Memset_word        0x800'4a15         Code  Gb  ABImemset.o [5]
__iar_Strchr             0x800'25ed         Code  Gb  strchr.o [5]
__iar_close_ttio         0x800'155d   0x2c  Code  Gb  iarttio.o [6]
__iar_copy_init3         0x800'25bf   0x2e  Code  Gb  copy_init3.o [5]
__iar_cstart_call_ctors
                         0x800'5961   0x20  Code  Gb  cmain_call_ctors.o [5]
__iar_dadd               0x800'29d5         Code  Gb  DblSub.o [4]
__iar_data_init3         0x800'5869   0x28  Code  Gb  data_init.o [5]
__iar_debug_exceptions   0x800'29c2    0x1  Data  Gb  unwind_debug.o [6]
__iar_dlfree             0x800'0fb7  0x51e  Code  Gb  dlmalloc.o [2]
__iar_dlmalloc           0x800'00c9  0xeee  Code  Gb  dlmalloc.o [2]
__iar_dsub               0x800'3109         Code  Gb  DblAdd.o [4]
__iar_dsubStart          0x800'311b         Code  Gb  DblAdd.o [4]
__iar_frexp              0x800'2765         Code  Gb  frexp.o [4]
__iar_frexpl             0x800'2765         Code  Gb  frexp.o [4]
__iar_get_ttio           0x800'1589   0x4c  Code  Gb  iarttio.o [6]
__iar_init_vfp           0x800'5915         Code  Gb  fpinit_M.o [4]
__iar_ldexp64            0x800'2829         Code  Gb  ldexp.o [4]
__iar_lookup_ttioh       0x800'1607    0x4  Code  Gb  XShttio.o [2]
__iar_program_start      0x800'5ab5         Code  Gb  cstartup_M.o [5]
__iar_scalbln64          0x800'2829         Code  Gb  ldexp.o [4]
__iar_scalbn64           0x800'2829         Code  Gb  ldexp.o [4]
__iar_sh_stdout          0x800'5707   0x20  Code  Gb  iarwstd.o [6]
__iar_sh_write           0x800'5727   0x22  Code  Gb  iarwrite.o [6]
__iar_softfp___iar_frexp64
                         0x800'2759         Code  Gb  frexp.o [4]
__iar_softfp_frexp       0x800'2759         Code  Gb  frexp.o [4]
__iar_softfp_frexpl      0x800'2759         Code  Gb  frexp.o [4]
__iar_tls$$INIT_ARRAY$$Base
                         0x800'5acc          --   Gb  - Linker created -
__iar_tls$$INIT_ARRAY$$Limit
                         0x800'5acc          --   Gb  - Linker created -
__iar_ttio_guard_lock    0x800'15d9   0x1e  Code  Gb  XShttio.o [2]
__iar_ttio_guard_unlock
                         0x800'15f7   0x10  Code  Gb  XShttio.o [2]
__iar_ttio_handles      0x2000'000c    0x8  Data  Lc  XShttio.o [2]
__iar_unaligned_memcpy   0x800'26e1         Code  Gb  ABImemcpy_unaligned.o [5]
__iar_unaligned_memcpy4
                         0x800'2701         Code  Gb  ABImemcpy_unaligned.o [5]
__iar_unaligned_memcpy8
                         0x800'2701         Code  Gb  ABImemcpy_unaligned.o [5]
__iar_unaligned_memmove
                         0x800'4889         Code  Gb  ABImemmove_unaligned.o [5]
__iar_unaligned_memmove4
                         0x800'4889         Code  Gb  ABImemmove_unaligned.o [5]
__iar_unaligned_memmove8
                         0x800'4889         Code  Gb  ABImemmove_unaligned.o [5]
__iar_zero_init3         0x800'14e3   0x3a  Code  Gb  zero_init3.o [5]
__low_level_init         0x800'32c9  0x106  Code  Gb  main.o [1]
__sti__routine           0x800'3279   0x50  Code  Lc  main.o [1]
__sti__routine           0x800'3c73    0xa  Code  Lc  ios.o [3]
__sti__routine           0x800'5201   0x90  Code  Lc  iostream_cout.o [3]
__vector_table           0x800'0000         Data  Gb  vector_table_M.o [5]
__write                  0x800'56d9   0x10  Code  Gb  write.o [6]
_call_main               0x800'598d         Code  Gb  cmain.o [5]
_exit                    0x800'59a5         Code  Gb  cexit.o [5]
_gm_                    0x2000'0014  0x1d8  Data  Lc  dlmalloc.o [2]
_main                    0x800'599b         Code  Gb  cmain.o [5]
abort                    0x800'14dd    0x6  Code  Gb  abort.o [2]
char * && std::forward<char *>(std::remove_reference<char *>::type &)
                         0x800'4b31    0x2  Code  Gb  main.o [1]
char * std::_Addressof<char>(char &, std::integral_constant<bool, (bool)0>)
                         0x800'4989    0x2  Code  Gb  main.o [1]
char * std::_Allocate<char>(unsigned int, char *, bool)
                         0x800'4ba5   0x1a  Code  Gb  main.o [1]
char * std::_Maklocstr<char>(char const *, char *)
                         0x800'4b4f   0x34  Code  Gb  main.o [1]
char * std::addressof<char>(char &)
                         0x800'467b    0xc  Code  Gb  main.o [1]
char std::_Maklocchr<char>(char, char *)
                         0x800'4b0d    0x4  Code  Gb  main.o [1]
const std::allocator<char>& && std::forward<const std::allocator<char>&>(std::remove_reference<const std::allocator<char>&>::type &)
                         0x800'4a75    0x2  Code  Gb  main.o [1]
exit                     0x800'599f    0x4  Code  Gb  exit.o [2]
free                     0x800'3e97    0x4  Code  Gb  heaptramp0.o [2]
init_mparams             0x800'005b   0x2c  Code  Lc  dlmalloc.o [2]
init_top                 0x800'0087   0x34  Code  Lc  dlmalloc.o [2]
ldexp                    0x800'2829         Code  Gb  ldexp.o [4]
ldexpl                   0x800'2829         Code  Gb  ldexp.o [4]
main                     0x800'33d1  0x188  Code  Gb  main.o [1]
memchr                   0x800'2689         Code  Gb  memchr.o [5]
mparams                 0x2000'0290   0x18  Data  Lc  dlmalloc.o [2]
next_abi_dtor_rec       0x2000'02e4    0x4  Data  Lc  cppinit.o [2]
operator delete (void *)
                         0x800'3e8d    0xa  Code  Gb  delop_0.o [3]
operator delete (void *, unsigned int)
                         0x800'3ded    0x4  Code  Gb  delop4_0.o [3]
operator delete[] (void *)
                         0x800'59e5    0x4  Code  Gb  delaop_0.o [3]
operator new (unsigned int)
                         0x800'4be5   0x24  Code  Gb  newop_0.o [3]
operator new (unsigned int, void *)
                         0x800'4c09    0x4  Code  Gb  main.o [1]
putchar                  0x800'56b9   0x20  Code  Gb  putchar.o [2]
scalbln                  0x800'2829         Code  Gb  ldexp.o [4]
scalblnl                 0x800'2829         Code  Gb  ldexp.o [4]
scalbn                   0x800'2829         Code  Gb  ldexp.o [4]
scalbnl                  0x800'2829         Code  Gb  ldexp.o [4]
scale                    0x800'24c3   0x46  Code  Lc  xprintffull_nomb.o [2]
sec_hand                0x2000'02f4    0x4  Data  Lc  xfail_s.o [2]
segment_holding          0x800'0041   0x1a  Code  Lc  dlmalloc.o [2]
sprintf                  0x800'5105   0x40  Code  Gb  sprintf.o [2]
std::_Compressed_pair<std::_Wrap_alloc<std::allocator<char>>, std::_String_val<std::_Simple_types<char>>, (bool)1>::_Compressed_pair<const std::allocator<char>&, >(std::_One_then_variadic_args_t, const std::allocator<char>& &&,  &&...)
                         0x800'4959   0x1e  Code  Gb  main.o [1]
std::_Compressed_pair<std::_Wrap_alloc<std::allocator<char>>, std::_String_val<std::_Simple_types<char>>, (bool)1>::_Get_first()
                         0x800'4977    0x2  Code  Gb  main.o [1]
std::_Compressed_pair<std::_Wrap_alloc<std::allocator<char>>, std::_String_val<std::_Simple_types<char>>, (bool)1>::_Get_first() const
                         0x800'4b11    0x2  Code  Gb  main.o [1]
std::_Compressed_pair<std::_Wrap_alloc<std::allocator<char>>, std::_String_val<std::_Simple_types<char>>, (bool)1>::_Get_second()
                         0x800'499d    0x2  Code  Gb  main.o [1]
std::_Compressed_pair<std::_Wrap_alloc<std::allocator<char>>, std::_String_val<std::_Simple_types<char>>, (bool)1>::_Get_second() const
                         0x800'4a73    0x2  Code  Gb  main.o [1]
std::_Fpz               0x2000'02c0   0x10  Data  Gb  ios.o [3]
std::_NomemoryNothrow()
                         0x800'4c0d    0x4  Code  Gb  nomemory.o [3]
std::_String_alloc<std::_String_base_types<char, std::allocator<char>>>::_Bx()
                         0x800'4653    0xc  Code  Gb  main.o [1]
std::_String_alloc<std::_String_base_types<char, std::allocator<char>>>::_Get_data()
                         0x800'46c3    0xc  Code  Gb  main.o [1]
std::_String_alloc<std::_String_base_types<char, std::allocator<char>>>::_Get_data() const
                         0x800'492b    0xc  Code  Gb  main.o [1]
std::_String_alloc<std::_String_base_types<char, std::allocator<char>>>::_Getal()
                         0x800'465f    0xc  Code  Gb  main.o [1]
std::_String_alloc<std::_String_base_types<char, std::allocator<char>>>::_Getal() const
                         0x800'49c9    0xc  Code  Gb  main.o [1]
std::_String_alloc<std::_String_base_types<char, std::allocator<char>>>::_Myptr()
                         0x800'447f   0x10  Code  Gb  main.o [1]
std::_String_alloc<std::_String_base_types<char, std::allocator<char>>>::_Myptr() const
                         0x800'45bd   0x10  Code  Gb  main.o [1]
std::_String_alloc<std::_String_base_types<char, std::allocator<char>>>::_Myres()
                         0x800'4645    0xe  Code  Gb  main.o [1]
std::_String_alloc<std::_String_base_types<char, std::allocator<char>>>::_Mysize()
                         0x800'44b3    0xe  Code  Gb  main.o [1]
std::_String_alloc<std::_String_base_types<char, std::allocator<char>>>::_Mysize() const
                         0x800'45cd    0xe  Code  Gb  main.o [1]
std::_String_alloc<std::_String_base_types<char, std::allocator<char>>>::_String_alloc(const std::allocator<char>&)
                         0x800'4629   0x1c  Code  Gb  main.o [1]
std::_String_alloc<std::_String_base_types<char, std::allocator<char>>>::_String_alloc(const std::allocator<char>&) [subobject]
                         0x800'43b5    0xc  Code  Gb  main.o [1]
std::_String_val<std::_Simple_types<char>>::_Myptr()
                         0x800'46cf   0x16  Code  Gb  main.o [1]
std::_String_val<std::_Simple_types<char>>::_Myptr() const
                         0x800'4937   0x16  Code  Gb  main.o [1]
std::_String_val<std::_Simple_types<char>>::_String_val()
                         0x800'4a83    0xa  Code  Gb  main.o [1]
std::_Wrap_alloc<std::allocator<char>>::_Wrap_alloc(const std::allocator<char>&)
                         0x800'4b4d    0x2  Code  Gb  main.o [1]
std::_Wrap_alloc<std::allocator<char>>::_Wrap_alloc(const std::allocator<char>&) [subobject]
                         0x800'4a77    0xc  Code  Gb  main.o [1]
std::_Wrap_alloc<std::allocator<char>>::allocate(unsigned int)
                         0x800'49e1   0x10  Code  Gb  main.o [1]
std::_Wrap_alloc<std::allocator<char>>::deallocate(char *, unsigned int)
                         0x800'46af   0x14  Code  Gb  main.o [1]
std::_Wrap_alloc<std::allocator<char>>::max_size(std::_Nil) const
                         0x800'49d5    0xc  Code  Gb  main.o [1]
std::_Wrap_facet<std::ctype<char>>::_Wrap_facet()
                         0x800'439d   0x18  Code  Gb  main.o [1]
std::_Wrap_facet<std::num_put<char, std::ostreambuf_iterator<char, std::char_traits<char>>>>::_Wrap_facet()
                         0x800'3c0d   0x18  Code  Gb  main.o [1]
std::_Wrap_facet<std::numpunct<char>>::_Wrap_facet()
                         0x800'4491   0x18  Code  Gb  main.o [1]
std::_Wrap_facet<std::numpunct<char>>::~_Wrap_facet()
                         0x800'5a51    0xe  Code  Gb  main.o [1]
std::__iar_New_hand     0x2000'02ec    0x4  Data  Gb  new.o [3]
std::__iar_cout_guard::~__iar_cout_guard()
                         0x800'59e9   0x14  Code  Gb  iostream_cout.o [3]
std::__nobasic_filebuf<char, std::char_traits<char>>::__nobasic_filebuf()
                         0x800'5291   0x5c  Code  Gb  iostream_cout.o [3]
std::__nobasic_filebuf<char, std::char_traits<char>>::overflow(int)
                         0x800'5681   0x38  Code  Gb  iostream_cout.o [3]
std::allocator<char>::allocate(unsigned int)
                         0x800'4b1f   0x12  Code  Gb  main.o [1]
std::allocator<char>::deallocate(char *, unsigned int)
                         0x800'498b   0x12  Code  Gb  main.o [1]
std::allocator<char>::max_size() const
                         0x800'4b9d    0x8  Code  Gb  main.o [1]
std::allocator_traits<std::allocator<char>>::max_size(const std::allocator<char>&)
                         0x800'4b13    0xc  Code  Gb  main.o [1]
std::char_traits<char>::assign(char &, char const &)
                         0x800'4901    0x6  Code  Gb  main.o [1]
std::char_traits<char>::assign(char *, unsigned int, char)
                         0x800'4907   0x24  Code  Gb  main.o [1]
std::char_traits<char>::copy(char *, char const *, unsigned int)
                         0x800'4687   0x28  Code  Gb  main.o [1]
std::char_traits<char>::eq_int_type(int const &, int const &)
                         0x800'39fb   0x12  Code  Gb  main.o [1]
std::char_traits<char>::length(char const *)
                         0x800'391d   0x16  Code  Gb  main.o [1]
std::char_traits<char>::move(char *, char const *, unsigned int)
                         0x800'453d   0x28  Code  Gb  main.o [1]
std::char_traits<char>::to_int_type(char const &)
                         0x800'3bd3    0x4  Code  Gb  main.o [1]
std::cout               0x2000'01ec   0x2c  Data  Gb  iostream_cout.o [3]
std::ctype<char> const & std::use_facet<std::ctype<char>>()
                         0x800'41a1   0x20  Code  Gb  main.o [1]
std::ctype<char> const & std::use_facet<std::ctype<char>>()::_MyFacet
                        0x2000'02d4    0x4  Data  Gb  main.o [1]
std::ctype<char>::ctype()
                         0x800'494d    0xc  Code  Gb  main.o [1]
std::ctype<char>::ctype() [subobject]
                         0x800'461d    0xc  Code  Gb  main.o [1]
std::ctype<char>::widen(char const *, char const *, char *) const
                         0x800'4203   0x18  Code  Gb  main.o [1]
std::ctype<char>::widen(char) const
                         0x800'41c1    0x8  Code  Gb  main.o [1]
std::ios::clear(std::_Iosb<int>::_Iostate, bool)
                         0x800'3bdb   0x24  Code  Gb  main.o [1]
std::ios::fill() const   0x800'39bf    0x6  Code  Gb  main.o [1]
std::ios::rdbuf() const
                         0x800'39c5    0x4  Code  Gb  main.o [1]
std::ios::setstate(std::_Iosb<int>::_Iostate, bool)
                         0x800'3a2b   0x28  Code  Gb  main.o [1]
std::ios::tie() const    0x800'3b55    0x4  Code  Gb  main.o [1]
std::ios::widen(char) const
                         0x800'57d7   0x18  Code  Gb  main.o [1]
std::ios_base::_Addstd(std::ios_base*)
                         0x800'3cdd   0x36  Code  Gb  ios.o [3]
std::ios_base::_Callfns(std::ios_base::event)
                         0x800'3cc1   0x1c  Code  Gb  ios.o [3]
std::ios_base::_Init()   0x800'3d21   0x1c  Code  Gb  ios.o [3]
std::ios_base::_Tidy()   0x800'3d3d   0x38  Code  Gb  ios.o [3]
std::ios_base::clear(std::_Iosb<int>::_Iostate, bool)
                         0x800'3c7d   0x20  Code  Gb  ios.o [3]
std::ios_base::flags() const
                         0x800'39b5    0x4  Code  Gb  main.o [1]
std::ios_base::good() const
                         0x800'3b3d   0x18  Code  Gb  main.o [1]
std::ios_base::precision() const
                         0x800'4fe9    0x4  Code  Gb  main.o [1]
std::ios_base::rdstate() const
                         0x800'3bd7    0x4  Code  Gb  main.o [1]
std::ios_base::width() const
                         0x800'3933    0x4  Code  Gb  main.o [1]
std::ios_base::width(int)
                         0x800'3a23    0x8  Code  Gb  main.o [1]
std::ios_base::~ios_base()
                         0x800'3c9d   0x24  Code  Gb  ios.o [3]
std::ios_base::~ios_base() [subobject]
                         0x800'3c71    0x2  Code  Gb  ios.o [3]
std::num_put<char, std::ostreambuf_iterator<char, std::char_traits<char>>> const & std::use_facet<std::num_put<char, std::ostreambuf_iterator<char, std::char_traits<char>>>>()
                         0x800'3a61   0x20  Code  Gb  main.o [1]
std::num_put<char, std::ostreambuf_iterator<char, std::char_traits<char>>> const & std::use_facet<std::num_put<char, std::ostreambuf_iterator<char, std::char_traits<char>>>>()::_MyFacet
                        0x2000'02d0    0x4  Data  Gb  main.o [1]
std::num_put<char, std::ostreambuf_iterator<char, std::char_traits<char>>>::_Ffmt(char *, char, std::_Iosb<int>::_Fmtflags) const
                         0x800'500d   0xf8  Code  Gb  main.o [1]
std::num_put<char, std::ostreambuf_iterator<char, std::char_traits<char>>>::_Fput(std::ostreambuf_iterator<char, std::char_traits<char>>, std::ios_base &, char, char const *, unsigned int, unsigned int, unsigned int, unsigned int) const
                         0x800'3e9d  0x2e0  Code  Gb  main.o [1]
std::num_put<char, std::ostreambuf_iterator<char, std::char_traits<char>>>::_Fput(std::ostreambuf_iterator<char, std::char_traits<char>>, std::ios_base &, char, char const *, unsigned int, unsigned int, unsigned int, unsigned int) const::string
                         0x800'5af0    0x4  Data  Gb  main.o [1]
std::num_put<char, std::ostreambuf_iterator<char, std::char_traits<char>>>::_Fput(std::ostreambuf_iterator<char, std::char_traits<char>>, std::ios_base &, char, char const *, unsigned int, unsigned int, unsigned int, unsigned int) const::string (instance 2)
                         0x800'5af4    0x4  Data  Gb  main.o [1]
std::num_put<char, std::ostreambuf_iterator<char, std::char_traits<char>>>::_Ifmt(char *, char const *, std::_Iosb<int>::_Fmtflags) const
                         0x800'5145   0xbc  Code  Gb  main.o [1]
std::num_put<char, std::ostreambuf_iterator<char, std::char_traits<char>>>::_Iput(std::ostreambuf_iterator<char, std::char_traits<char>>, std::ios_base &, char, char *, unsigned int) const
                         0x800'4c11  0x244  Code  Gb  main.o [1]
std::num_put<char, std::ostreambuf_iterator<char, std::char_traits<char>>>::_Put(std::ostreambuf_iterator<char, std::char_traits<char>>, char const *, unsigned int) const
                         0x800'4359   0x30  Code  Gb  main.o [1]
std::num_put<char, std::ostreambuf_iterator<char, std::char_traits<char>>>::_Rep(std::ostreambuf_iterator<char, std::char_traits<char>>, char, unsigned int) const
                         0x800'4329   0x30  Code  Gb  main.o [1]
std::num_put<char, std::ostreambuf_iterator<char, std::char_traits<char>>>::do_put(std::ostreambuf_iterator<char, std::char_traits<char>>, std::ios_base &, char, double) const
                         0x800'4e55  0x194  Code  Gb  main.o [1]
std::num_put<char, std::ostreambuf_iterator<char, std::char_traits<char>>>::do_put(std::ostreambuf_iterator<char, std::char_traits<char>>, std::ios_base &, char, unsigned long) const
                         0x800'54d5   0x58  Code  Gb  main.o [1]
std::num_put<char, std::ostreambuf_iterator<char, std::char_traits<char>>>::do_put(std::ostreambuf_iterator<char, std::char_traits<char>>, std::ios_base &, char, unsigned long) const::string
                         0x800'5aec    0x4  Data  Gb  main.o [1]
std::num_put<char, std::ostreambuf_iterator<char, std::char_traits<char>>>::num_put()
                         0x800'3df1    0xc  Code  Gb  main.o [1]
std::num_put<char, std::ostreambuf_iterator<char, std::char_traits<char>>>::num_put() [subobject]
                         0x800'3d75    0xc  Code  Gb  main.o [1]
std::num_put<char, std::ostreambuf_iterator<char, std::char_traits<char>>>::put(std::ostreambuf_iterator<char, std::char_traits<char>>, std::ios_base &, char, double) const
                         0x800'3af9   0x38  Code  Gb  main.o [1]
std::num_put<char, std::ostreambuf_iterator<char, std::char_traits<char>>>::put(std::ostreambuf_iterator<char, std::char_traits<char>>, std::ios_base &, char, unsigned long) const
                         0x800'3a89   0x24  Code  Gb  main.o [1]
std::numpunct<char> const & std::use_facet<std::numpunct<char>>()
                         0x800'421d   0x30  Code  Gb  main.o [1]
std::numpunct<char> const & std::use_facet<std::numpunct<char>>()::_MyFacet
                        0x2000'02a8   0x14  Data  Gb  main.o [1]
std::numpunct<char>::_Init(bool)
                         0x800'4a9d   0x70  Code  Gb  main.o [1]
std::numpunct<char>::_Init(bool)::string
                         0x800'299e    0x1  Data  Gb  main.o [1]
std::numpunct<char>::_Init(bool)::string (instance 2)
                         0x800'5acc    0x8  Data  Gb  main.o [1]
std::numpunct<char>::_Init(bool)::string (instance 3)
                         0x800'5ad4    0x8  Data  Gb  main.o [1]
std::numpunct<char>::_Tidy()
                         0x800'59cd   0x18  Code  Gb  main.o [1]
std::numpunct<char>::decimal_point() const
                         0x800'42fd    0xe  Code  Gb  main.o [1]
std::numpunct<char>::do_decimal_point() const
                         0x800'5af9    0x4  Code  Gb  main.o [1]
std::numpunct<char>::do_grouping() const
                         0x800'5aa9    0xc  Code  Gb  main.o [1]
std::numpunct<char>::do_thousands_sep() const
                         0x800'5afd    0x4  Code  Gb  main.o [1]
std::numpunct<char>::grouping() const
                         0x800'424d    0xe  Code  Gb  main.o [1]
std::numpunct<char>::numpunct()
                         0x800'49a1   0x28  Code  Gb  main.o [1]
std::numpunct<char>::numpunct() [subobject]
                         0x800'46e5    0xc  Code  Gb  main.o [1]
std::numpunct<char>::thousands_sep() const
                         0x800'425b    0xe  Code  Gb  main.o [1]
std::numpunct<char>::~numpunct()
                         0x800'59b5   0x18  Code  Gb  main.o [1]
std::numpunct<char>::~numpunct() [subobject]
                         0x800'5a5f    0xc  Code  Gb  main.o [1]
std::operator &(std::_Iosb<int>::_Fmtflags, std::_Iosb<int>::_Fmtflags)
                         0x800'39b9    0x6  Code  Gb  main.o [1]
std::operator |=(std::_Iosb<int>::_Iostate &, std::_Iosb<int>::_Iostate)
                         0x800'39ad    0x8  Code  Gb  main.o [1]
std::ostream & std::endl<char, std::char_traits<char>>(std::ostream &)
                         0x800'57a9   0x2e  Code  Gb  main.o [1]
std::ostream & std::operator <<<std::char_traits<char>>(std::ostream &, char const *)
                         0x800'35e1  0x1ce  Code  Gb  main.o [1]
std::ostream::_Flush_sentry::_Flush_sentry(std::ostream&)
                         0x800'3c25   0x28  Code  Gb  main.o [1]
std::ostream::_Flush_sentry::_Flush_sentry(std::ostream&) [subobject]
                         0x800'3b31    0xc  Code  Gb  main.o [1]
std::ostream::_Flush_sentry::operator bool() const
                         0x800'39a9    0x4  Code  Gb  main.o [1]
std::ostream::_Flush_sentry::~_Flush_sentry()
                         0x800'3c5b   0x14  Code  Gb  main.o [1]
std::ostream::_Flush_sentry::~_Flush_sentry() [subobject]
                         0x800'3bff    0xc  Code  Gb  main.o [1]
std::ostream::_Osfx()    0x800'3d8d   0x54  Code  Gb  main.o [1]
std::ostream::_Sentry_base::_Sentry_base(std::ostream&)
                         0x800'3dfd   0x4a  Code  Gb  main.o [1]
std::ostream::_Sentry_base::_Sentry_base(std::ostream&) [subobject]
                         0x800'3d81    0xc  Code  Gb  main.o [1]
std::ostream::_Sentry_base::~_Sentry_base()
                         0x800'3e47   0x46  Code  Gb  main.o [1]
std::ostream::_Sentry_base::~_Sentry_base() [subobject]
                         0x800'3de1    0xc  Code  Gb  main.o [1]
std::ostream::flush()    0x800'3b59   0x54  Code  Gb  main.o [1]
std::ostream::operator <<(float)
                         0x800'3855   0xbc  Code  Gb  main.o [1]
std::ostream::operator <<(std::ostream&(*)(std::ostream&))
                         0x800'3911    0xc  Code  Gb  main.o [1]
std::ostream::operator <<(unsigned int)
                         0x800'37af   0xa6  Code  Gb  main.o [1]
std::ostream::put(char)
                         0x800'52ed   0x82  Code  Gb  main.o [1]
std::ostream::sentry::sentry(std::ostream&)
                         0x800'3937   0x72  Code  Gb  main.o [1]
std::ostream::sentry::~sentry()
                         0x800'3a53    0xe  Code  Gb  main.o [1]
std::ostream::~basic_ostream()
                         0x800'5a6b    0xe  Code  Gb  iostream_cout.o [3]
std::ostreambuf_iterator<char, std::char_traits<char>>::failed() const
                         0x800'3aad    0x4  Code  Gb  main.o [1]
std::ostreambuf_iterator<char, std::char_traits<char>>::operator *()
                         0x800'45db    0x2  Code  Gb  main.o [1]
std::ostreambuf_iterator<char, std::char_traits<char>>::operator ++()
                         0x800'461b    0x2  Code  Gb  main.o [1]
std::ostreambuf_iterator<char, std::char_traits<char>>::operator =(char)
                         0x800'45dd   0x3e  Code  Gb  main.o [1]
std::ostreambuf_iterator<char, std::char_traits<char>>::ostreambuf_iterator(std::streambuf *)
                         0x800'3a81    0x8  Code  Gb  main.o [1]
std::remove_reference<char *&>::type && std::move<char *&>(char *& &&)
                         0x800'49f1    0x2  Code  Gb  main.o [1]
std::streambuf::_Lock()
                         0x800'27f7    0x2  Code  Gb  iostream_cout.o [3]
std::streambuf::_Pnavail() const
                         0x800'3bad   0x18  Code  Gb  main.o [1]
std::streambuf::_Pninc()
                         0x800'3bc5    0xe  Code  Gb  main.o [1]
std::streambuf::_Unlock()
                         0x800'2827    0x2  Code  Gb  iostream_cout.o [3]
std::streambuf::overflow(int)
                         0x800'2683    0x6  Code  Gb  iostream_cout.o [3]
std::streambuf::pubsync()
                         0x800'3c4d    0xe  Code  Gb  main.o [1]
std::streambuf::sputc(char)
                         0x800'39c9   0x32  Code  Gb  main.o [1]
std::streambuf::sputn(char const *, int)
                         0x800'3a0d   0x16  Code  Gb  main.o [1]
std::streambuf::sync()   0x800'5b01    0x4  Code  Gb  iostream_cout.o [3]
std::streambuf::xsputn(char const *, int)
                         0x800'5475   0x60  Code  Gb  iostream_cout.o [3]
std::string::_Chassign(unsigned int, unsigned int, char)
                         0x800'4565   0x30  Code  Gb  main.o [1]
std::string::_Copy(unsigned int, unsigned int)
                         0x800'47ad   0xdc  Code  Gb  main.o [1]
std::string::_Eos(unsigned int)
                         0x800'4595   0x28  Code  Gb  main.o [1]
std::string::_Grow(unsigned int, bool)
                         0x800'44c1   0x7c  Code  Gb  main.o [1]
std::string::_Inside(char const *)
                         0x800'557f   0x32  Code  Gb  main.o [1]
std::string::_Tidy(bool, unsigned int)
                         0x800'43c1   0x84  Code  Gb  main.o [1]
std::string::assign(char const *)
                         0x800'58fd   0x18  Code  Gb  main.o [1]
std::string::assign(char const *, unsigned int)
                         0x800'552d   0x52  Code  Gb  main.o [1]
std::string::assign(const std::string&, unsigned int, unsigned int)
                         0x800'536f   0x7a  Code  Gb  main.o [1]
std::string::assign(unsigned int, char)
                         0x800'4445   0x3a  Code  Gb  main.o [1]
std::string::basic_string(char const *)
                         0x800'58d9   0x24  Code  Gb  main.o [1]
std::string::basic_string(unsigned int, char)
                         0x800'41c9   0x2a  Code  Gb  main.o [1]
std::string::erase(unsigned int)
                         0x800'53e9   0x22  Code  Gb  main.o [1]
std::string::erase(unsigned int, unsigned int)
                         0x800'540b   0x6a  Code  Gb  main.o [1]
std::string::insert(unsigned int, unsigned int, char)
                         0x800'4269   0x94  Code  Gb  main.o [1]
std::string::max_size() const
                         0x800'4791   0x1c  Code  Gb  main.o [1]
std::string::operator [](unsigned int)
                         0x800'41f3   0x10  Code  Gb  main.o [1]
std::string::operator [](unsigned int) const
                         0x800'430b   0x10  Code  Gb  main.o [1]
std::string::size() const
                         0x800'431b    0xe  Code  Gb  main.o [1]
std::string::~basic_string()
                         0x800'4389   0x12  Code  Gb  main.o [1]
strchr                   0x800'25ed         Code  Gb  strchr.o [5]
strcspn                  0x800'417d   0x22  Code  Gb  strcspn.o [2]
strlen                   0x800'264d         Code  Gb  strlen.o [5]
tsCal1                  0x2000'02d8    0x4  Data  Gb  main.o [1]
tsCal132                0x2000'02f8    0x2  Data  Gb  main.o [1]
tsCal1Pointer           0x2000'0000    0x4  Data  Gb  main.o [1]
tsCal2                  0x2000'02dc    0x4  Data  Gb  main.o [1]
tsCal232                0x2000'02fa    0x2  Data  Gb  main.o [1]
tsCal2Pointer           0x2000'0004    0x4  Data  Gb  main.o [1]
ttio_guard              0x2000'0301    0x1  Data  Lc  XShttio.o [2]
void std::_Deallocate<char>(char *, unsigned int)
                         0x800'4a8f    0xe  Code  Gb  main.o [1]
void std::_Wrap_alloc<std::allocator<char>>::construct<char *, char *>(char * *, char * &&...)
                         0x800'49f3   0x1a  Code  Gb  main.o [1]
void std::_Wrap_alloc<std::allocator<char>>::destroy<char *>(char * *)
                         0x800'466b   0x10  Code  Gb  main.o [1]
void std::allocator<char>::construct<char *, char *>(char * *, char * &&...)
                         0x800'4bbf   0x26  Code  Gb  main.o [1]
void std::allocator<char>::destroy<char *>(char * *)
                         0x800'4a8d    0x2  Code  Gb  main.o [1]
void std::allocator_traits<std::allocator<char>>::construct<char *, char *>(std::allocator<char>&, char * *, char * &&...)
                         0x800'4b33   0x1a  Code  Gb  main.o [1]
void std::allocator_traits<std::allocator<char>>::destroy<char *>(std::allocator<char>&, char * *)
                         0x800'4979   0x10  Code  Gb  main.o [1]
void std::numpunct<char>::_Getvals<char>(char)
                         0x800'4b83   0x1a  Code  Gb  main.o [1]


[1] = D:\kraizette\STD\VII-VIII\POIP\PROJECTS\ÎÒ×ÅÒ6\ÑPP\6.2\Debug\Obj
[2] = dl7M_tln.a
[3] = dlpp7M_tl_nc.a
[4] = m7M_tls.a
[5] = rt7M_tl.a
[6] = shb_l.a

  22'567 bytes of readonly  code memory
     733 bytes of readonly  data memory
  42'150 bytes of readwrite data memory

Errors: none
Warnings: none
