###############################################################################
#
# IAR ELF Linker V8.40.1.212/W32 for ARM                  05/Oct/2019  01:25:57
# Copyright 2007-2019 IAR Systems AB.
#
#    Output file  =  D:\kraizette\STD\VII\POIP\PROJECTS\LR2\Debug\Exe\lr2.out
#    Map file     =  D:\kraizette\STD\VII\POIP\PROJECTS\LR2\Debug\List\lr2.map
#    Command line =
#        -f C:\Users\User\AppData\Local\Temp\EW9998.tmp
#        (D:\kraizette\STD\VII\POIP\PROJECTS\LR2\Debug\Obj\main.o
#        D:\kraizette\STD\VII\POIP\PROJECTS\LR2\Debug\Obj\startup.o
#        --no_out_extension -o
#        D:\kraizette\STD\VII\POIP\PROJECTS\LR2\Debug\Exe\lr2.out --redirect
#        _Printf=_PrintfFullNoMb --redirect _Scanf=_ScanfFullNoMb --map
#        D:\kraizette\STD\VII\POIP\PROJECTS\LR2\Debug\List\lr2.map --config
#        D:\kraizette\STD\VII\POIP\PROJECTS\LR2\lr2.icf --semihosting --entry
#        __iar_program_start --no_exceptions --vfe --enable_stack_usage
#        --text_out locale)
#
###############################################################################

*******************************************************************************
*** MESSAGES
***

Warning[Ls015]: [stack usage analysis] at least one function appears to be
          uncalled. Example: "InterruptHandler::DummyHandler()". A complete
          list of uncalled functions is in the map file.


*******************************************************************************
*** RUNTIME MODEL ATTRIBUTES
***

CppFlavor        = *
__CPP_Exceptions = Disabled
__CPP_Language   = C++14
__SystemLibrary  = DLib
__dlib_version   = 6


*******************************************************************************
*** HEAP SELECTION
***

The basic heap was selected because no calls to memory allocation
functions were found in the application outside of system library
functions, and there are calls to deallocation functions in the
application.


*******************************************************************************
*** PLACEMENT SUMMARY
***

"A0":  place at address 0x800'0000 { ro section .intvec };
"P1":  place in [from 0x800'0000 to 0x807'ffff] { ro };
define block CSTACK with size = 22, alignment = 8 { };
define block HEAP with size = 0, alignment = 8 { };
"P2":  place in [from 0x2000'0000 to 0x2001'ffff] {
          rw, block CSTACK, block HEAP };

No sections matched the following patterns:

  rw  in "P2"


  Section   Kind         Address   Size  Object
  -------   ----         -------   ----  ------
"A0":                              0xbc
  .intvec   const     0x800'0000   0xbc  startup.o [1]
                    - 0x800'00bc   0xbc

"P1":                             0x1c4
  .text     ro code   0x800'00bc   0x3e  main.o [1]
  .text     ro code   0x800'00fa    0x2  startup.o [1]
  .text     ro code   0x800'00fc   0x14  main.o [1]
  .text     ro code   0x800'0110   0x14  main.o [1]
  .text     ro code   0x800'0124   0x14  main.o [1]
  .text     ro code   0x800'0138   0x14  main.o [1]
  .text     ro code   0x800'014c   0x14  main.o [1]
  .text     ro code   0x800'0160   0x14  main.o [1]
  .text     ro code   0x800'0174   0x14  main.o [1]
  .text     ro code   0x800'0188   0x14  main.o [1]
  .text     ro code   0x800'019c   0x14  main.o [1]
  .text     ro code   0x800'01b0   0x14  main.o [1]
  .text     ro code   0x800'01c4   0x10  main.o [1]
  .text     ro code   0x800'01d4   0x10  main.o [1]
  .text     ro code   0x800'01e4   0x10  main.o [1]
  .text     ro code   0x800'01f4   0x10  main.o [1]
  .text     ro code   0x800'0204   0x22  fpinit_M.o [3]
  .text     ro code   0x800'0226    0x2  startup.o [1]
  .text     ro code   0x800'0228   0x1e  cmain.o [4]
  .text     ro code   0x800'0246    0x4  low_level_init.o [2]
  .text     ro code   0x800'024a    0x4  exit.o [2]
  .rodata   const     0x800'024e    0x1  unwind_debug.o [5]
  .text     ro code   0x800'0250    0xa  cexit.o [4]
  .text     ro code   0x800'025c   0x14  exit.o [5]
  .text     ro code   0x800'0270   0x10  startup.o [1]
                    - 0x800'0280  0x1c4

"P2":                              0x16
  CSTACK             0x2000'0000   0x16  <Block>
    CSTACK  uninit   0x2000'0000   0x16  <Block tail>
                   - 0x2000'0016   0x16

Unused ranges:

         From           To      Size
         ----           --      ----
   0x800'0280   0x807'ffff  0x7'fd80
  0x2000'0016  0x2001'ffff  0x1'ffea


*******************************************************************************
*** STACK USAGE
***

  Call Graph Root Category  Max Use  Total Use
  ------------------------  -------  ---------
  Program entry                 16         16
  Uncalled function              0          0


Program entry
  "__iar_program_start": 0x800'0271

  Maximum call chain                               16  bytes

    "__iar_program_start"                           8
    "__cmain"                                       0
    "main"                                          8
    "void FieldValueBase<RCC_AHBENR_GPIOAEN_Values<RCC::AHB1ENR, (unsigned int)0, (unsigned int)1, ReadWriteMode, RCC::RCCAHB1ENRBase>, RCC::RCCAHB1ENRBase, (unsigned int)1>::Set<ReadWriteMode, void>()"
                                                    0

Uncalled function
  "InterruptHandler::DummyHandler()": 0x800'00fb

  Maximum call chain                                0  bytes

    "InterruptHandler::DummyHandler()"              0

Uncalled function
  "InterruptHandler::Timer2Handler()": 0x800'0227

  Maximum call chain                                0  bytes

    "InterruptHandler::Timer2Handler()"             0


*******************************************************************************
*** MODULE SUMMARY
***

    Module            ro code  ro data  rw data
    ------            -------  -------  -------
command line/config:
    -------------------------------------------
    Total:

D:\kraizette\STD\VII\POIP\PROJECTS\LR2\Debug\Obj: [1]
    main.o                326
    startup.o              20      188
    -------------------------------------------
    Total:                346      188

dl7M_tln.a: [2]
    exit.o                  4
    low_level_init.o        4
    -------------------------------------------
    Total:                  8

m7M_tls.a: [3]
    fpinit_M.o             34
    -------------------------------------------
    Total:                 34

rt7M_tl.a: [4]
    cexit.o                10
    cmain.o                30
    -------------------------------------------
    Total:                 40

shb_l.a: [5]
    exit.o                 20
    unwind_debug.o                   1
    -------------------------------------------
    Total:                 20        1

    Gaps                    3
    Linker created                           22
-----------------------------------------------
    Grand Total:          451      189       22


*******************************************************************************
*** ENTRY LIST
***

Entry                       Address  Size  Type      Object
-----                       -------  ----  ----      ------
?main                    0x800'0229        Code  Gb  cmain.o [4]
CSTACK$$Base            0x2000'0000         --   Gb  - Linker created -
CSTACK$$Limit           0x2000'0016         --   Gb  - Linker created -
InterruptHandler::DummyHandler()
                         0x800'00fb   0x2  Code  Gb  startup.o [1]
InterruptHandler::Timer2Handler()
                         0x800'0227   0x2  Code  Gb  startup.o [1]
Region$$Table$$Base             0x0         --   Gb  - Linker created -
Region$$Table$$Limit            0x0         --   Gb  - Linker created -
__cmain                  0x800'0229        Code  Gb  cmain.o [4]
__exit                   0x800'025d  0x14  Code  Gb  exit.o [5]
__iar_debug_exceptions   0x800'024e   0x1  Data  Gb  unwind_debug.o [5]
__iar_init_vfp           0x800'0205        Code  Gb  fpinit_M.o [3]
__iar_program_start      0x800'0271  0x10  Code  Gb  startup.o [1]
__low_level_init         0x800'0247   0x4  Code  Gb  low_level_init.o [2]
__vector_table           0x800'0000  0xbc  Data  Lc  startup.o [1]
_call_main               0x800'0235        Code  Gb  cmain.o [4]
_exit                    0x800'0251        Code  Gb  cexit.o [4]
_main                    0x800'0243        Code  Gb  cmain.o [4]
exit                     0x800'024b   0x4  Code  Gb  exit.o [2]
main                     0x800'00bd  0x3e  Code  Gb  main.o [1]
void FieldValueBase<GPIOA_MODER_MODER_Values<GPIOA::MODER, (unsigned int)10, (unsigned int)2, ReadWriteMode, GPIOA::GPIOAMODERBase>, GPIOA::GPIOAMODERBase, (unsigned int)1>::Set<ReadWriteMode, void>()
                         0x800'0111  0x14  Code  Gb  main.o [1]
void FieldValueBase<GPIOA_ODR_ODR_Values<GPIOA::ODR, (unsigned int)5, (unsigned int)1, ReadWriteMode, GPIOA::GPIOAODRBase>, GPIOA::GPIOAODRBase, (unsigned int)0>::Set<ReadWriteMode, void>()
                         0x800'01c5  0x10  Code  Gb  main.o [1]
void FieldValueBase<GPIOA_ODR_ODR_Values<GPIOA::ODR, (unsigned int)5, (unsigned int)1, ReadWriteMode, GPIOA::GPIOAODRBase>, GPIOA::GPIOAODRBase, (unsigned int)1>::Set<ReadWriteMode, void>()
                         0x800'0175  0x14  Code  Gb  main.o [1]
void FieldValueBase<GPIOC_MODER_MODER_Values<GPIOC::MODER, (unsigned int)10, (unsigned int)2, ReadWriteMode, GPIOC::GPIOCMODERBase>, GPIOC::GPIOCMODERBase, (unsigned int)1>::Set<ReadWriteMode, void>()
                         0x800'0161  0x14  Code  Gb  main.o [1]
void FieldValueBase<GPIOC_MODER_MODER_Values<GPIOC::MODER, (unsigned int)16, (unsigned int)2, ReadWriteMode, GPIOC::GPIOCMODERBase>, GPIOC::GPIOCMODERBase, (unsigned int)1>::Set<ReadWriteMode, void>()
                         0x800'014d  0x14  Code  Gb  main.o [1]
void FieldValueBase<GPIOC_MODER_MODER_Values<GPIOC::MODER, (unsigned int)18, (unsigned int)2, ReadWriteMode, GPIOC::GPIOCMODERBase>, GPIOC::GPIOCMODERBase, (unsigned int)1>::Set<ReadWriteMode, void>()
                         0x800'0139  0x14  Code  Gb  main.o [1]
void FieldValueBase<GPIOC_ODR_ODR_Values<GPIOC::ODR, (unsigned int)5, (unsigned int)1, ReadWriteMode, GPIOC::GPIOCODRBase>, GPIOC::GPIOCODRBase, (unsigned int)0>::Set<ReadWriteMode, void>()
                         0x800'01f5  0x10  Code  Gb  main.o [1]
void FieldValueBase<GPIOC_ODR_ODR_Values<GPIOC::ODR, (unsigned int)5, (unsigned int)1, ReadWriteMode, GPIOC::GPIOCODRBase>, GPIOC::GPIOCODRBase, (unsigned int)1>::Set<ReadWriteMode, void>()
                         0x800'01b1  0x14  Code  Gb  main.o [1]
void FieldValueBase<GPIOC_ODR_ODR_Values<GPIOC::ODR, (unsigned int)8, (unsigned int)1, ReadWriteMode, GPIOC::GPIOCODRBase>, GPIOC::GPIOCODRBase, (unsigned int)0>::Set<ReadWriteMode, void>()
                         0x800'01e5  0x10  Code  Gb  main.o [1]
void FieldValueBase<GPIOC_ODR_ODR_Values<GPIOC::ODR, (unsigned int)8, (unsigned int)1, ReadWriteMode, GPIOC::GPIOCODRBase>, GPIOC::GPIOCODRBase, (unsigned int)1>::Set<ReadWriteMode, void>()
                         0x800'019d  0x14  Code  Gb  main.o [1]
void FieldValueBase<GPIOC_ODR_ODR_Values<GPIOC::ODR, (unsigned int)9, (unsigned int)1, ReadWriteMode, GPIOC::GPIOCODRBase>, GPIOC::GPIOCODRBase, (unsigned int)0>::Set<ReadWriteMode, void>()
                         0x800'01d5  0x10  Code  Gb  main.o [1]
void FieldValueBase<GPIOC_ODR_ODR_Values<GPIOC::ODR, (unsigned int)9, (unsigned int)1, ReadWriteMode, GPIOC::GPIOCODRBase>, GPIOC::GPIOCODRBase, (unsigned int)1>::Set<ReadWriteMode, void>()
                         0x800'0189  0x14  Code  Gb  main.o [1]
void FieldValueBase<RCC_AHBENR_GPIOAEN_Values<RCC::AHB1ENR, (unsigned int)0, (unsigned int)1, ReadWriteMode, RCC::RCCAHB1ENRBase>, RCC::RCCAHB1ENRBase, (unsigned int)1>::Set<ReadWriteMode, void>()
                         0x800'00fd  0x14  Code  Gb  main.o [1]
void FieldValueBase<RCC_AHBENR_GPIOCEN_Values<RCC::AHB1ENR, (unsigned int)2, (unsigned int)1, ReadWriteMode, RCC::RCCAHB1ENRBase>, RCC::RCCAHB1ENRBase, (unsigned int)1>::Set<ReadWriteMode, void>()
                         0x800'0125  0x14  Code  Gb  main.o [1]


[1] = D:\kraizette\STD\VII\POIP\PROJECTS\LR2\Debug\Obj
[2] = dl7M_tln.a
[3] = m7M_tls.a
[4] = rt7M_tl.a
[5] = shb_l.a

  451 bytes of readonly  code memory
  189 bytes of readonly  data memory
   22 bytes of readwrite data memory

Errors: none
Warnings: 1
