###############################################################################
#
# IAR ELF Linker V8.40.1.212/W32 for ARM                  25/Dec/2019  00:48:51
# Copyright 2007-2019 IAR Systems AB.
#
#    Output file  =
#        D:\kraizette\STD\VII\POIP\PROJECTS\ÎÒ×ÅÒ5\ÑPP\Debug\Exe\lab5.out
#    Map file     =
#        D:\kraizette\STD\VII\POIP\PROJECTS\ÎÒ×ÅÒ5\ÑPP\Debug\List\lab5.map
#    Command line =
#        -f C:\Users\User\AppData\Local\Temp\EWBCF2.tmp
#        (D:\kraizette\STD\VII\POIP\PROJECTS\ÎÒ×ÅÒ5\ÑPP\Debug\Obj\main.o
#        D:\kraizette\STD\VII\POIP\PROJECTS\ÎÒ×ÅÒ5\ÑPP\Debug\Obj\startup.o
#        --no_out_extension -o
#        D:\kraizette\STD\VII\POIP\PROJECTS\ÎÒ×ÅÒ5\ÑPP\Debug\Exe\lab5.out
#        --map
#        D:\kraizette\STD\VII\POIP\PROJECTS\ÎÒ×ÅÒ5\ÑPP\Debug\List\lab5.map
#        --config "C:\Programs\IAR Arm\arm\config\linker\ST\stm32f411xE.icf"
#        --semihosting --entry __iar_program_start --vfe --text_out locale)
#
###############################################################################

*******************************************************************************
*** RUNTIME MODEL ATTRIBUTES
***

CppFlavor                     = *
__CPP_Exceptions              = Disabled
__CPP_Language                = C++14
__SystemLibrary               = DLib
__dlib_dynamic_initialization = normal
__dlib_version                = 6


*******************************************************************************
*** HEAP SELECTION
***

The basic heap was selected because no calls to memory allocation
functions were found in the application outside of system library
functions, and there are calls to deallocation functions in the
application.


*******************************************************************************
*** PLACEMENT SUMMARY
***

"A0":  place at address 0x800'0000 { ro section .intvec };
"P1":  place in [from 0x800'0000 to 0x807'ffff] { ro };
define block CSTACK with size = 32K, alignment = 8 { };
define block HEAP with size = 8K, alignment = 8 { };
"P2":  place in [from 0x2000'0000 to 0x2001'ffff] {
          rw, block CSTACK, block HEAP };
initialize by copy { rw };

  Section                Kind         Address    Size  Object
  -------                ----         -------    ----  ------
"A0":                                           0x110
  .intvec                const     0x800'0000   0x110  startup.o [1]
                                 - 0x800'0110   0x110

"P1":                                           0x434
  .text                  ro code   0x800'0110    0x84  main.o [1]
  .text                  ro code   0x800'0194    0x14  main.o [1]
  .text                  ro code   0x800'01a8    0x10  main.o [1]
  .text                  ro code   0x800'01b8    0x14  main.o [1]
  .text                  ro code   0x800'01cc    0x1c  main.o [1]
  .text                  ro code   0x800'01e8    0x14  main.o [1]
  .text                  ro code   0x800'01fc    0x14  main.o [1]
  .text                  ro code   0x800'0210    0x14  main.o [1]
  .text                  ro code   0x800'0224     0xc  main.o [1]
  .text                  ro code   0x800'0230     0xc  main.o [1]
  .text                  ro code   0x800'023c    0x12  main.o [1]
  .text                  ro code   0x800'024e    0x2e  copy_init3.o [4]
  .text                  ro code   0x800'027c    0x14  main.o [1]
  .text                  ro code   0x800'0290    0x14  main.o [1]
  .text                  ro code   0x800'02a4    0x14  main.o [1]
  .text                  ro code   0x800'02b8    0x10  main.o [1]
  .text                  ro code   0x800'02c8    0x10  main.o [1]
  .text                  ro code   0x800'02d8    0x14  main.o [1]
  .text                  ro code   0x800'02ec    0x14  main.o [1]
  .text                  ro code   0x800'0300    0x14  main.o [1]
  .text                  ro code   0x800'0314    0x14  main.o [1]
  .text                  ro code   0x800'0328     0xc  main.o [1]
  .text                  ro code   0x800'0334    0x14  main.o [1]
  .text                  ro code   0x800'0348     0xc  main.o [1]
  .text                  ro code   0x800'0354    0x14  main.o [1]
  .text                  ro code   0x800'0368    0x14  main.o [1]
  .text                  ro code   0x800'037c    0x14  main.o [1]
  .text                  ro code   0x800'0390    0x14  main.o [1]
  .text                  ro code   0x800'03a4    0x40  startup.o [1]
  .text                  ro code   0x800'03e4     0xc  startup.o [1]
  .text                  ro code   0x800'03f0    0x10  startup.o [1]
  .text                  ro code   0x800'0400    0x14  startup.o [1]
  .text                  ro code   0x800'0414    0x10  startup.o [1]
  .text                  ro code   0x800'0424    0x28  data_init.o [4]
  .text                  ro code   0x800'044c    0x24  startup.o [1]
  .text                  ro code   0x800'0470    0x22  fpinit_M.o [3]
  .text                  ro code   0x800'0492     0x2  startup.o [1]
  .text                  ro code   0x800'0494    0x1e  cmain.o [4]
  .text                  ro code   0x800'04b2     0x4  exit.o [2]
  .rodata                const     0x800'04b6     0x1  unwind_debug.o [5]
  .text                  ro code   0x800'04b8     0xa  cexit.o [4]
  .text                  ro code   0x800'04c4    0x14  exit.o [5]
  .iar.init_table        const     0x800'04d8    0x18  - Linker created -
  .text                  ro code   0x800'04f0    0x20  cmain_call_ctors.o [4]
  .text                  ro code   0x800'0510    0x18  cppinit.o [2]
  .rodata                const     0x800'0528    0x10  startup.o [1]
  Initializer bytes      const     0x800'0538     0x8  <for P2-1>
  SHT$$PREINIT_ARRAY               0x800'0540     0x0  <Block>
  SHT$$INIT_ARRAY                  0x800'0540     0x4  <Block>
    .init_array          const     0x800'0540     0x4  startup.o [1]
  __iar_tls$$INIT_ARRAY            0x800'0544     0x0  <Block>
  .rodata                const     0x800'0544     0x0  copy_init3.o [4]
                                 - 0x800'0544   0x434

"P2", part 1 of 2:                                0x8
  P2-1                            0x2000'0000     0x8  <Init block>
    .data                inited   0x2000'0000     0x4  startup.o [1]
    .bss                 inited   0x2000'0004     0x4  startup.o [1]
                                - 0x2000'0008     0x8

"P2", part 2 of 2:                             0x8000
  CSTACK                          0x2000'0008  0x8000  <Block>
    CSTACK               uninit   0x2000'0008  0x8000  <Block tail>
                                - 0x2000'8008  0x8000

Unused ranges:

         From           To      Size
         ----           --      ----
   0x800'0544   0x807'ffff  0x7'fabc
  0x2000'8008  0x2001'ffff  0x1'7ff8


*******************************************************************************
*** INIT TABLE
***

          Address      Size
          -------      ----
Copy (__iar_copy_init3)
    1 source range, total size 0x8:
           0x800'0538   0x8
    1 destination range, total size 0x8:
          0x2000'0000   0x8

Extra (__iar_cstart_call_ctors)



*******************************************************************************
*** MODULE SUMMARY
***

    Module              ro code  ro data  rw data
    ------              -------  -------  -------
command line/config:
    ---------------------------------------------
    Total:

D:\kraizette\STD\VII\POIP\PROJECTS\ÎÒ×ÅÒ5\ÑPP\Debug\Obj: [1]
    main.o                  614
    startup.o               166      300        8
    ---------------------------------------------
    Total:                  780      300        8

dl7M_tln.a: [2]
    cppinit.o                24
    exit.o                    4
    ---------------------------------------------
    Total:                   28

m7M_tls.a: [3]
    fpinit_M.o               34
    ---------------------------------------------
    Total:                   34

rt7M_tl.a: [4]
    cexit.o                  10
    cmain.o                  30
    cmain_call_ctors.o       32
    copy_init3.o             46
    data_init.o              40
    ---------------------------------------------
    Total:                  158

shb_l.a: [5]
    exit.o                   20
    unwind_debug.o                     1
    ---------------------------------------------
    Total:                   20        1

    Gaps                      3
    Linker created                    24   32'768
-------------------------------------------------
    Grand Total:          1'023      325   32'776


*******************************************************************************
*** ENTRY LIST
***

Entry                       Address   Size  Type      Object
-----                       -------   ----  ----      ------
.iar.init_table$$Base    0x800'04d8          --   Gb  - Linker created -
.iar.init_table$$Limit   0x800'04f0          --   Gb  - Linker created -
?main                    0x800'0495         Code  Gb  cmain.o [4]
CSTACK$$Base            0x2000'0008          --   Gb  - Linker created -
CSTACK$$Limit           0x2000'8008          --   Gb  - Linker created -
InterruptHandler::DummyHandler()
                         0x800'0493    0x2  Code  Gb  startup.o [1]
InterruptHandler::USART2Handler()
                         0x800'03a5   0x40  Code  Gb  startup.o [1]
Region$$Table$$Base      0x800'04d8          --   Gb  - Linker created -
Region$$Table$$Limit     0x800'04f0          --   Gb  - Linker created -
SHT$$INIT_ARRAY$$Base    0x800'0540          --   Gb  - Linker created -
SHT$$INIT_ARRAY$$Limit   0x800'0544          --   Gb  - Linker created -
SHT$$PREINIT_ARRAY$$Base
                         0x800'0540          --   Gb  - Linker created -
SHT$$PREINIT_ARRAY$$Limit
                         0x800'0540          --   Gb  - Linker created -
__call_ctors             0x800'0511   0x18  Code  Gb  cppinit.o [2]
__cmain                  0x800'0495         Code  Gb  cmain.o [4]
__exit                   0x800'04c5   0x14  Code  Gb  exit.o [5]
__iar_copy_init3         0x800'024f   0x2e  Code  Gb  copy_init3.o [4]
__iar_cstart_call_ctors
                         0x800'04f1   0x20  Code  Gb  cmain_call_ctors.o [4]
__iar_data_init3         0x800'0425   0x28  Code  Gb  data_init.o [4]
__iar_debug_exceptions   0x800'04b6    0x1  Data  Gb  unwind_debug.o [5]
__iar_init_vfp           0x800'0471         Code  Gb  fpinit_M.o [3]
__iar_program_start      0x800'0461   0x10  Code  Gb  startup.o [1]
__iar_tls$$INIT_ARRAY$$Base
                         0x800'0544          --   Gb  - Linker created -
__iar_tls$$INIT_ARRAY$$Limit
                         0x800'0544          --   Gb  - Linker created -
__low_level_init         0x800'0111   0x82  Code  Gb  main.o [1]
__sti__routine           0x800'044d    0xa  Code  Lc  startup.o [1]
__vector_table           0x800'0000  0x110  Data  Lc  startup.o [1]
_call_main               0x800'04a1         Code  Gb  cmain.o [4]
_exit                    0x800'04b9         Code  Gb  cexit.o [4]
_main                    0x800'04af         Code  Gb  cmain.o [4]
bool FieldValueBase<RCC_CFGR_SWS_Values<RCC::CFGR, (unsigned int)2, (unsigned int)2, ReadMode, RCC::RCCCFGRBase>, RCC::RCCCFGRBase, (unsigned int)1>::IsSet<ReadMode, void>()
                         0x800'01cd   0x1c  Code  Gb  main.o [1]
bool FieldValueBase<RCC_CR_HSERDY_Values<RCC::CR, (unsigned int)17, (unsigned int)1, ReadMode, RCC::RCCCRBase>, RCC::RCCCRBase, (unsigned int)1>::IsSet<ReadMode, void>()
                         0x800'01a9   0x10  Code  Gb  main.o [1]
bool FieldValueBase<TIM2_SR_UIF_Values<TIM2::SR, (unsigned int)0, (unsigned int)1, ReadWriteMode, TIM2::TIM2SRBase>, TIM2::TIM2SRBase, (unsigned int)0>::IsSet<ReadWriteMode, void>()
                         0x800'0401   0x14  Code  Gb  startup.o [1]
bool FieldValueBase<USART2_SR_TXE_Values<USART2::SR, (unsigned int)7, (unsigned int)1, ReadMode, USART2::USART2SRBase>, USART2::USART2SRBase, (unsigned int)1>::IsSet<ReadMode, void>()
                         0x800'03f1   0x10  Code  Gb  startup.o [1]
exit                     0x800'04b3    0x4  Code  Gb  exit.o [2]
main                     0x800'0193    0x2  Code  Gb  main.o [1]
ptr                     0x2000'0004    0x4  Data  Gb  startup.o [1]
str                     0x2000'0000    0x4  Data  Gb  startup.o [1]
void FieldValueBase<GPIOA_AFRL_AFRL7_Values<GPIOA::AFRL, (unsigned int)12, (unsigned int)4, ReadWriteMode, GPIOA::GPIOAAFRLBase>, GPIOA::GPIOAAFRLBase, (unsigned int)7>::Set<ReadWriteMode, void>()
                         0x800'0315   0x14  Code  Gb  main.o [1]
void FieldValueBase<GPIOA_AFRL_AFRL7_Values<GPIOA::AFRL, (unsigned int)8, (unsigned int)4, ReadWriteMode, GPIOA::GPIOAAFRLBase>, GPIOA::GPIOAAFRLBase, (unsigned int)7>::Set<ReadWriteMode, void>()
                         0x800'0301   0x14  Code  Gb  main.o [1]
void FieldValueBase<GPIOA_MODER_MODER2_Values<GPIOA::MODER, (unsigned int)4, (unsigned int)2, ReadWriteMode, GPIOA::GPIOAMODERBase>, GPIOA::GPIOAMODERBase, (unsigned int)2>::Set<ReadWriteMode, void>()
                         0x800'0291   0x14  Code  Gb  main.o [1]
void FieldValueBase<GPIOA_MODER_MODER3_Values<GPIOA::MODER, (unsigned int)6, (unsigned int)2, ReadWriteMode, GPIOA::GPIOAMODERBase>, GPIOA::GPIOAMODERBase, (unsigned int)2>::Set<ReadWriteMode, void>()
                         0x800'02a5   0x14  Code  Gb  main.o [1]
void FieldValueBase<GPIOA_OTYPER_OT2_Values<GPIOA::OTYPER, (unsigned int)2, (unsigned int)1, ReadWriteMode, GPIOA::GPIOAOTYPERBase>, GPIOA::GPIOAOTYPERBase, (unsigned int)0>::Set<ReadWriteMode, void>()
                         0x800'02b9   0x10  Code  Gb  main.o [1]
void FieldValueBase<GPIOA_OTYPER_OT3_Values<GPIOA::OTYPER, (unsigned int)3, (unsigned int)1, ReadWriteMode, GPIOA::GPIOAOTYPERBase>, GPIOA::GPIOAOTYPERBase, (unsigned int)0>::Set<ReadWriteMode, void>()
                         0x800'02c9   0x10  Code  Gb  main.o [1]
void FieldValueBase<GPIOA_PUPDR_PUPDR15_Values<GPIOA::PUPDR, (unsigned int)4, (unsigned int)2, ReadWriteMode, GPIOA::GPIOAPUPDRBase>, GPIOA::GPIOAPUPDRBase, (unsigned int)1>::Set<ReadWriteMode, void>()
                         0x800'02d9   0x14  Code  Gb  main.o [1]
void FieldValueBase<GPIOA_PUPDR_PUPDR15_Values<GPIOA::PUPDR, (unsigned int)6, (unsigned int)2, ReadWriteMode, GPIOA::GPIOAPUPDRBase>, GPIOA::GPIOAPUPDRBase, (unsigned int)1>::Set<ReadWriteMode, void>()
                         0x800'02ed   0x14  Code  Gb  main.o [1]
void FieldValueBase<RCC_AHB1ENR_DMA2EN_Values<RCC::AHB1ENR, (unsigned int)0, (unsigned int)1, ReadWriteMode, RCC::RCCAHB1ENRBase>, RCC::RCCAHB1ENRBase, (unsigned int)1>::Set<ReadWriteMode, void>()
                         0x800'01e9   0x14  Code  Gb  main.o [1]
void FieldValueBase<RCC_AHB1ENR_DMA2EN_Values<RCC::AHB1ENR, (unsigned int)2, (unsigned int)1, ReadWriteMode, RCC::RCCAHB1ENRBase>, RCC::RCCAHB1ENRBase, (unsigned int)1>::Set<ReadWriteMode, void>()
                         0x800'01fd   0x14  Code  Gb  main.o [1]
void FieldValueBase<RCC_AHB1ENR_DMA2EN_Values<RCC::APB1ENR, (unsigned int)0, (unsigned int)1, ReadWriteMode, RCC::RCCAPB1ENRBase>, RCC::RCCAPB1ENRBase, (unsigned int)1>::Set<ReadWriteMode, void>()
                         0x800'0211   0x14  Code  Gb  main.o [1]
void FieldValueBase<RCC_AHB1ENR_DMA2EN_Values<RCC::APB1ENR, (unsigned int)17, (unsigned int)1, ReadWriteMode, RCC::RCCAPB1ENRBase>, RCC::RCCAPB1ENRBase, (unsigned int)1>::Set<ReadWriteMode, void>()
                         0x800'027d   0x14  Code  Gb  main.o [1]
void FieldValueBase<RCC_CFGR_SW_Values<RCC::CFGR, (unsigned int)0, (unsigned int)2, ReadWriteMode, RCC::RCCCFGRBase>, RCC::RCCCFGRBase, (unsigned int)1>::Set<ReadWriteMode, void>()
                         0x800'01b9   0x14  Code  Gb  main.o [1]
void FieldValueBase<RCC_CR_HSEON_Values<RCC::CR, (unsigned int)16, (unsigned int)1, ReadWriteMode, RCC::RCCCRBase>, RCC::RCCCRBase, (unsigned int)1>::Set<ReadWriteMode, void>()
                         0x800'0195   0x14  Code  Gb  main.o [1]
void FieldValueBase<TIM2_CR1_CEN_Values<TIM2::CR1, (unsigned int)0, (unsigned int)1, ReadWriteMode, TIM2::TIM2CR1Base>, TIM2::TIM2CR1Base, (unsigned int)1>::Set<ReadWriteMode, void>()
                         0x800'023d   0x12  Code  Gb  main.o [1]
void FieldValueBase<TIM2_SR_UIF_Values<TIM2::SR, (unsigned int)0, (unsigned int)1, ReadWriteMode, TIM2::TIM2SRBase>, TIM2::TIM2SRBase, (unsigned int)0>::Set<ReadWriteMode, void>()
                         0x800'0415   0x10  Code  Gb  startup.o [1]
void FieldValueBase<USART2_CR1_RE_Values<USART2::CR1, (unsigned int)2, (unsigned int)1, ReadWriteMode, USART2::USART2CR1Base>, USART2::USART2CR1Base, (unsigned int)1>::Set<ReadWriteMode, void>()
                         0x800'037d   0x14  Code  Gb  main.o [1]
void FieldValueBase<USART2_CR1_TE_Values<USART2::CR1, (unsigned int)3, (unsigned int)1, ReadWriteMode, USART2::USART2CR1Base>, USART2::USART2CR1Base, (unsigned int)1>::Set<ReadWriteMode, void>()
                         0x800'0369   0x14  Code  Gb  main.o [1]
void FieldValueBase<USART2_CR1_TXEIE_Values<USART2::CR1, (unsigned int)7, (unsigned int)1, ReadWriteMode, USART2::USART2CR1Base>, USART2::USART2CR1Base, (unsigned int)1>::Set<ReadWriteMode, void>()
                         0x800'0391   0x14  Code  Gb  main.o [1]
void FieldValueBase<USART2_CR1_UE_Values<USART2::CR1, (unsigned int)13, (unsigned int)1, ReadWriteMode, USART2::USART2CR1Base>, USART2::USART2CR1Base, (unsigned int)1>::Set<ReadWriteMode, void>()
                         0x800'0355   0x14  Code  Gb  main.o [1]
void FieldValueBase<USART2_CR2_STOP_Values<USART2::CR2, (unsigned int)12, (unsigned int)2, ReadWriteMode, USART2::USART2CR2Base>, USART2::USART2CR2Base, (unsigned int)2>::Set<ReadWriteMode, void>()
                         0x800'0335   0x14  Code  Gb  main.o [1]
void RegisterBase<(unsigned int)1073741864, (unsigned int)32, ReadWriteMode>::Write<ReadWriteMode, void>(unsigned int)
                         0x800'0225    0xc  Code  Gb  main.o [1]
void RegisterBase<(unsigned int)1073741868, (unsigned int)32, ReadWriteMode>::Write<ReadWriteMode, void>(unsigned int)
                         0x800'0231    0xc  Code  Gb  main.o [1]
void RegisterBase<(unsigned int)1073759236, (unsigned int)32, ReadWriteMode>::Write<ReadWriteMode, void>(unsigned int)
                         0x800'03e5    0xc  Code  Gb  startup.o [1]
void RegisterBase<(unsigned int)1073759240, (unsigned int)32, ReadWriteMode>::Write<ReadWriteMode, void>(unsigned int)
                         0x800'0329    0xc  Code  Gb  main.o [1]
void RegisterBase<(unsigned int)3758153988, (unsigned int)32, ReadWriteMode>::Write<ReadWriteMode, void>(unsigned int)
                         0x800'0349    0xc  Code  Gb  main.o [1]


[1] = D:\kraizette\STD\VII\POIP\PROJECTS\ÎÒ×ÅÒ5\ÑPP\Debug\Obj
[2] = dl7M_tln.a
[3] = m7M_tls.a
[4] = rt7M_tl.a
[5] = shb_l.a

   1'023 bytes of readonly  code memory
     325 bytes of readonly  data memory
  32'776 bytes of readwrite data memory

Errors: none
Warnings: none
