###############################################################################
#
# IAR ELF Linker V8.40.1.212/W32 for ARM                  27/Feb/2020  22:44:53
# Copyright 2007-2019 IAR Systems AB.
#
#    Output file  =
#        D:\kraizette\STD\VII-VIII\POIP\PROJECTS\нрвер7\CPP\Debug\Exe\LAB.out
#    Map file     =
#        D:\kraizette\STD\VII-VIII\POIP\PROJECTS\нрвер7\CPP\Debug\List\LAB.map
#    Command line =
#        -f C:\Users\User\AppData\Local\Temp\EWF5A.tmp
#        (D:\kraizette\STD\VII-VIII\POIP\PROJECTS\нрвер7\CPP\Debug\Obj\main.o
#        --no_out_extension -o
#        D:\kraizette\STD\VII-VIII\POIP\PROJECTS\нрвер7\CPP\Debug\Exe\LAB.out
#        --map
#        D:\kraizette\STD\VII-VIII\POIP\PROJECTS\нрвер7\CPP\Debug\List\LAB.map
#        --config "C:\Programs\IAR Arm\arm\config\linker\ST\stm32f411xE.icf"
#        --semihosting --entry __iar_program_start --vfe --text_out locale)
#
###############################################################################

*******************************************************************************
*** RUNTIME MODEL ATTRIBUTES
***

CppFlavor                     = *
__CPP_Exceptions              = Disabled
__CPP_Language                = C++14
__Heap_Handler                = DLMalloc
__SystemLibrary               = DLib
__dlib_dynamic_initialization = normal
__dlib_version                = 6


*******************************************************************************
*** HEAP SELECTION
***

The advanced heap was selected because the application calls memory
allocation functions outside of system library functions, and there
are calls to deallocation functions in the application.


*******************************************************************************
*** PLACEMENT SUMMARY
***

"A0":  place at address 0x800'0000 { ro section .intvec };
"P1":  place in [from 0x800'0000 to 0x807'ffff] { ro };
define block CSTACK with size = 32K, alignment = 8 { };
define block HEAP with size = 8K, alignment = 8 { };
"P2":  place in [from 0x2000'0000 to 0x2001'ffff] {
          rw, block CSTACK, block HEAP };
initialize by copy { rw };

  Section                Kind         Address    Size  Object
  -------                ----         -------    ----  ------
"A0":                                            0x40
  .intvec                ro code   0x800'0000    0x40  vector_table_M.o [5]
                                 - 0x800'0040    0x40

"P1":                                          0x5570
  .text                  ro code   0x800'0040  0x149c  dlmalloc.o [2]
  .text                  ro code   0x800'14dc     0x6  abort.o [2]
  .text                  ro code   0x800'14e2    0x3a  zero_init3.o [5]
  .text                  ro code   0x800'151c    0x2c  xgetmemchunk.o [2]
  .text                  ro code   0x800'1548    0x14  exit.o [6]
  .text                  ro code   0x800'155c    0x7c  iarttio.o [6]
  .text                  ro code   0x800'15d8    0x3c  XShttio.o [2]
  .text                  ro code   0x800'1614   0xfaa  xprintffull_nomb.o [2]
  .text                  ro code   0x800'25be    0x2e  copy_init3.o [5]
  .text                  ro code   0x800'25ec    0x16  strchr.o [5]
  .text                  ro code   0x800'2602    0x12  main.o [1]
  .text                  ro code   0x800'2614    0x40  xfail_s.o [2]
  .text                  ro code   0x800'2654    0x36  strlen.o [5]
  .text                  ro code   0x800'268a     0xa  xsprout.o [2]
  .text                  ro code   0x800'2694    0x58  memchr.o [5]
  .text                  ro code   0x800'26ec    0x76  ABImemcpy_unaligned.o [5]
  .text                  ro code   0x800'2762     0x6  main.o [1]
  .text                  ro code   0x800'2768    0x70  frexp.o [4]
  .text                  ro code   0x800'27d8    0x2e  DblCmpLe.o [4]
  .text                  ro code   0x800'2806     0x6  iostream_cout.o [3]
  .text                  ro code   0x800'280c    0x2e  DblCmpGe.o [4]
  .rodata                const     0x800'283a     0x2  main.o [1]
  .text                  ro code   0x800'283c   0x13a  ldexp.o [4]
  .text                  ro code   0x800'2976     0x2  iostream_cout.o [3]
  .text                  ro code   0x800'2978    0x3a  DblToS32.o [4]
  .text                  ro code   0x800'29b2     0x2  iostream_cout.o [3]
  .text                  ro code   0x800'29b4    0x22  S32ToDbl.o [4]
  .text                  ro code   0x800'29d6     0x2  vector_table_M.o [5]
  .text                  ro code   0x800'29d8    0xe2  DblSub.o [4]
  .rodata                const     0x800'2aba     0x1  main.o [1]
  .rodata                const     0x800'2abb     0x1  main.o [1]
  .text                  ro code   0x800'2abc   0x246  DblDiv.o [4]
  .rodata                const     0x800'2d02     0x1  unwind_debug.o [6]
  .text                  ro code   0x800'2d04    0x28  DblToU32.o [4]
  .text                  ro code   0x800'2d2c    0x1a  U32ToDbl.o [4]
  .text                  ro code   0x800'2d48   0x1a2  DblMul.o [4]
  .text                  ro code   0x800'2eec   0x230  I64DivMod.o [5]
  .text                  ro code   0x800'311c   0x16a  DblAdd.o [4]
  .text                  ro code   0x800'3288     0x2  I64DivZer.o [5]
  .text                  ro code   0x800'328c   0x2c0  main.o [1]
  .text                  ro code   0x800'354c     0x4  main.o [1]
  .text                  ro code   0x800'3550     0x6  main.o [1]
  .text                  ro code   0x800'3556    0x22  strcspn.o [2]
  .text                  ro code   0x800'3578    0x20  main.o [1]
  .text                  ro code   0x800'3598     0x6  main.o [1]
  .text                  ro code   0x800'359e    0x2a  main.o [1]
  .text                  ro code   0x800'35c8     0xc  main.o [1]
  .text                  ro code   0x800'35d4    0x12  main.o [1]
  .text                  ro code   0x800'35e8    0x30  main.o [1]
  .text                  ro code   0x800'3618     0xa  main.o [1]
  .text                  ro code   0x800'3622     0xa  main.o [1]
  .text                  ro code   0x800'362c    0x96  main.o [1]
  .text                  ro code   0x800'36c2     0xa  main.o [1]
  .text                  ro code   0x800'36cc     0xc  main.o [1]
  .text                  ro code   0x800'36d8     0xa  main.o [1]
  .text                  ro code   0x800'36e2     0x4  main.o [1]
  .text                  ro code   0x800'36e6    0x2e  main.o [1]
  .text                  ro code   0x800'3714    0x2e  main.o [1]
  .text                  ro code   0x800'3742     0x8  main.o [1]
  .text                  ro code   0x800'374a    0x12  main.o [1]
  .text                  ro code   0x800'375c    0x18  main.o [1]
  .text                  ro code   0x800'3774     0x8  main.o [1]
  .text                  ro code   0x800'377c    0x7a  main.o [1]
  .text                  ro code   0x800'37f6    0x3a  main.o [1]
  .text                  ro code   0x800'3830     0xc  main.o [1]
  .text                  ro code   0x800'383c    0x18  main.o [1]
  .text                  ro code   0x800'3854     0xa  cxxabi.o [3]
  .text                  ro code   0x800'385e     0xa  main.o [1]
  .text                  ro code   0x800'3868    0x7a  main.o [1]
  .text                  ro code   0x800'38e2    0x12  main.o [1]
  .text                  ro code   0x800'38f4    0x2a  main.o [1]
  .text                  ro code   0x800'391e    0x28  main.o [1]
  .text                  ro code   0x800'3946     0xc  main.o [1]
  .text                  ro code   0x800'3952     0xa  main.o [1]
  .text                  ro code   0x800'395c     0x2  main.o [1]
  .text                  ro code   0x800'395e    0x2e  main.o [1]
  .text                  ro code   0x800'398c     0x2  main.o [1]
  .text                  ro code   0x800'398e     0x8  main.o [1]
  .text                  ro code   0x800'3998    0x18  main.o [1]
  .text                  ro code   0x800'39b0     0xa  main.o [1]
  .text                  ro code   0x800'39ba     0x8  main.o [1]
  .text                  ro code   0x800'39c2     0x8  main.o [1]
  .text                  ro code   0x800'39ca     0x8  main.o [1]
  .text                  ro code   0x800'39d2     0x8  main.o [1]
  .text                  ro code   0x800'39da    0x12  main.o [1]
  .text                  ro code   0x800'39ec     0x8  main.o [1]
  .text                  ro code   0x800'39f4     0x8  main.o [1]
  .text                  ro code   0x800'39fc    0x12  main.o [1]
  .text                  ro code   0x800'3a0e     0x8  main.o [1]
  .text                  ro code   0x800'3a18    0xa0  cppinit.o [2]
  .text                  ro code   0x800'3ab8    0x18  main.o [1]
  .text                  ro code   0x800'3ad0    0xd6  main.o [1]
  .text                  ro code   0x800'3ba8    0x78  ABImemmove_unaligned.o [5]
  .text                  ro code   0x800'3c20     0x6  main.o [1]
  .text                  ro code   0x800'3c26    0x10  main.o [1]
  .text                  ro code   0x800'3c36     0x8  main.o [1]
  .text                  ro code   0x800'3c3e    0x12  main.o [1]
  .text                  ro code   0x800'3c50    0x32  main.o [1]
  .text                  ro code   0x800'3c82    0x12  main.o [1]
  .text                  ro code   0x800'3c94     0xc  main.o [1]
  .text                  ro code   0x800'3ca0    0x1c  main.o [1]
  .text                  ro code   0x800'3cbc     0x2  main.o [1]
  .text                  ro code   0x800'3cbe     0x8  main.o [1]
  .text                  ro code   0x800'3cc6     0x2  main.o [1]
  .text                  ro code   0x800'3cc8     0xc  main.o [1]
  .text                  ro code   0x800'3cd4     0x2  main.o [1]
  .text                  ro code   0x800'3cd8    0x28  main.o [1]
  .text                  ro code   0x800'3d00     0x8  main.o [1]
  .text                  ro code   0x800'3d08     0x8  main.o [1]
  .text                  ro code   0x800'3d10     0x8  main.o [1]
  .text                  ro code   0x800'3d18     0x2  main.o [1]
  .text                  ro code   0x800'3d1a    0x18  main.o [1]
  .text                  ro code   0x800'3d34    0x66  ABImemset.o [5]
  .text                  ro code   0x800'3d9a     0x2  main.o [1]
  .text                  ro code   0x800'3d9c    0x18  main.o [1]
  .text                  ro code   0x800'3db4     0xe  main.o [1]
  .text                  ro code   0x800'3dc2     0x4  main.o [1]
  .text                  ro code   0x800'3dc6     0x2  main.o [1]
  .text                  ro code   0x800'3dc8     0x8  main.o [1]
  .text                  ro code   0x800'3dd0     0xa  main.o [1]
  .text                  ro code   0x800'3dda     0x2  main.o [1]
  .text                  ro code   0x800'3ddc     0x8  main.o [1]
  .text                  ro code   0x800'3de4    0x70  main.o [1]
  .text                  ro code   0x800'3e54     0x4  main.o [1]
  .text                  ro code   0x800'3e58     0x2  main.o [1]
  .text                  ro code   0x800'3e5a     0x8  main.o [1]
  .text                  ro code   0x800'3e62     0xe  main.o [1]
  .text                  ro code   0x800'3e70     0x2  main.o [1]
  .text                  ro code   0x800'3e72    0x18  main.o [1]
  .text                  ro code   0x800'3e8a     0x2  main.o [1]
  .text                  ro code   0x800'3e8c     0xa  delop_0.o [3]
  .text                  ro code   0x800'3e96    0x34  main.o [1]
  .text                  ro code   0x800'3eca    0x1a  main.o [1]
  .text                  ro code   0x800'3ee4     0x6  main.o [1]
  .text                  ro code   0x800'3eea    0x12  main.o [1]
  .text                  ro code   0x800'3efc    0x20  main.o [1]
  .text                  ro code   0x800'3f1c     0x4  heaptramp0.o [2]
  .text                  ro code   0x800'3f20    0x24  newop_0.o [3]
  .text                  ro code   0x800'3f44     0x4  main.o [1]
  .text                  ro code   0x800'3f48     0x4  nomemory.o [3]
  .text                  ro code   0x800'3f4c   0x1b2  main.o [1]
  .text                  ro code   0x800'40fe    0x12  main.o [1]
  .text                  ro code   0x800'4110    0x72  main.o [1]
  .text                  ro code   0x800'4182     0x4  main.o [1]
  .text                  ro code   0x800'4186     0x8  main.o [1]
  .text                  ro code   0x800'418e     0x6  main.o [1]
  .text                  ro code   0x800'4194     0x4  main.o [1]
  .text                  ro code   0x800'4198     0xa  main.o [1]
  .text                  ro code   0x800'41a2    0x28  main.o [1]
  .text                  ro code   0x800'41ca     0xe  main.o [1]
  .text                  ro code   0x800'41d8     0x8  main.o [1]
  .text                  ro code   0x800'41e0    0x14  main.o [1]
  .text                  ro code   0x800'41f4     0x4  main.o [1]
  .text                  ro code   0x800'41f8    0x54  main.o [1]
  .text                  ro code   0x800'424c     0x4  main.o [1]
  .text                  ro code   0x800'4250    0x18  main.o [1]
  .text                  ro code   0x800'4268     0x8  main.o [1]
  .text                  ro code   0x800'4270    0x28  main.o [1]
  .text                  ro code   0x800'4298     0xa  main.o [1]
  .text                  ro code   0x800'42a2    0x14  main.o [1]
  .text                  ro code   0x800'42b8   0x104  ios.o [3]
  .text                  ro code   0x800'43bc     0x8  main.o [1]
  .text                  ro code   0x800'43c4    0x54  main.o [1]
  .text                  ro code   0x800'4418     0x8  main.o [1]
  .text                  ro code   0x800'4420     0x4  delop4_0.o [3]
  .text                  ro code   0x800'4424    0x48  main.o [1]
  .text                  ro code   0x800'446c    0x46  main.o [1]
  .text                  ro code   0x800'44b4   0x190  main.o [1]
  .text                  ro code   0x800'4644     0x4  main.o [1]
  .text                  ro code   0x800'4648    0x20  DblCmpEq.o [4]
  .text                  ro code   0x800'4668    0xd2  main.o [1]
  .text                  ro code   0x800'473c    0x40  sprintf.o [2]
  .text                  ro code   0x800'477c    0xd0  main.o [1]
  .text                  ro code   0x800'484c    0x1c  main.o [1]
  .text                  ro code   0x800'4868    0x88  main.o [1]
  .text                  ro code   0x800'48f0    0x9c  main.o [1]
  .text                  ro code   0x800'498c    0x34  main.o [1]
  .text                  ro code   0x800'49c0    0x30  main.o [1]
  .text                  ro code   0x800'49f0    0x58  main.o [1]
  .text                  ro code   0x800'4a48    0x78  main.o [1]
  .text                  ro code   0x800'4ac0     0x8  main.o [1]
  .text                  ro code   0x800'4ac8     0x8  main.o [1]
  .text                  ro code   0x800'4ad0    0xb0  main.o [1]
  .text                  ro code   0x800'4b80     0x6  main.o [1]
  .text                  ro code   0x800'4b86     0x2  main.o [1]
  .text                  ro code   0x800'4b88     0x2  main.o [1]
  .text                  ro code   0x800'4b8c    0x20  main.o [1]
  .text                  ro code   0x800'4bac     0x8  main.o [1]
  .text                  ro code   0x800'4bb4    0x48  FltToDbl.o [4]
  .text                  ro code   0x800'4bfc    0x18  main.o [1]
  .text                  ro code   0x800'4c14     0x4  main.o [1]
  .text                  ro code   0x800'4c18    0x18  main.o [1]
  .text                  ro code   0x800'4c30     0x8  main.o [1]
  .text                  ro code   0x800'4c38     0xc  main.o [1]
  .text                  ro code   0x800'4c44    0x90  iostream_cout.o [3]
  .text                  ro code   0x800'4cd4    0x5c  iostream_cout.o [3]
  .text                  ro code   0x800'4d30    0x7c  main.o [1]
  .text                  ro code   0x800'4dac    0x22  main.o [1]
  .text                  ro code   0x800'4dce    0x6c  main.o [1]
  .text                  ro code   0x800'4e3a    0x76  main.o [1]
  .text                  ro code   0x800'4eb0    0x60  iostream_cout.o [3]
  .text                  ro code   0x800'4f10    0x5c  main.o [1]
  .text                  ro code   0x800'4f6c    0x52  main.o [1]
  .text                  ro code   0x800'4fbe    0x32  main.o [1]
  .rodata                const     0x800'4ff0    0x44  iostream_cout.o [3]
  .rodata                const     0x800'5034    0x44  iostream_cout.o [3]
  .text                  ro code   0x800'5078    0x38  iostream_cout.o [3]
  .text                  ro code   0x800'50b0    0x20  putchar.o [2]
  .text                  ro code   0x800'50d0    0x10  write.o [6]
  .text                  ro code   0x800'50e0    0x1e  dwrite.o [6]
  .text                  ro code   0x800'50fe    0x20  iarwstd.o [6]
  .text                  ro code   0x800'511e    0x22  iarwrite.o [6]
  .rodata                const     0x800'5140    0x30  main.o [1]
  .rodata                const     0x800'5170    0x30  main.o [1]
  .text                  ro code   0x800'51a0    0x2e  main.o [1]
  .text                  ro code   0x800'51ce    0x12  main.o [1]
  .rodata                const     0x800'51e0    0x28  main.o [1]
  .rodata                const     0x800'5208    0x28  main.o [1]
  .rodata                const     0x800'5230    0x28  iostream_cout.o [3]
  .text                  ro code   0x800'5258    0x28  data_init.o [5]
  .rodata                const     0x800'5280    0x24  main.o [1]
  .rodata                const     0x800'52a4    0x24  main.o [1]
  .text                  ro code   0x800'52c8    0x24  main.o [1]
  .text                  ro code   0x800'52ec    0x18  main.o [1]
  .text                  ro code   0x800'5304    0x22  fpinit_M.o [4]
  .iar.init_table        const     0x800'5328    0x28  - Linker created -
  .text                  ro code   0x800'5350    0x20  cmain_call_ctors.o [5]
  .text                  ro code   0x800'5370    0x1e  cmain.o [5]
  .text                  ro code   0x800'538e     0x4  exit.o [2]
  .text                  ro code   0x800'5394     0xe  cexit.o [5]
  .text                  ro code   0x800'53a4    0x1c  main.o [1]
  .text                  ro code   0x800'53c0    0x18  main.o [1]
  .text                  ro code   0x800'53d8    0x18  main.o [1]
  .text                  ro code   0x800'53f0     0x4  delaop_0.o [3]
  .text                  ro code   0x800'53f4    0x14  main.o [1]
  .text                  ro code   0x800'5408    0x14  main.o [1]
  .text                  ro code   0x800'541c    0x14  main.o [1]
  .text                  ro code   0x800'5430    0x14  main.o [1]
  .text                  ro code   0x800'5444    0x14  iostream_cout.o [3]
  .rodata                const     0x800'5458    0x10  main.o [1]
  .rodata                const     0x800'5468    0x10  main.o [1]
  .rodata                const     0x800'5478    0x10  main.o [1]
  .rodata                const     0x800'5488    0x10  main.o [1]
  .rodata                const     0x800'5498    0x10  ios.o [3]
  .rodata                const     0x800'54a8    0x10  iostream_cout.o [3]
  .text                  ro code   0x800'54b8    0x10  main.o [1]
  .text                  ro code   0x800'54c8    0x10  main.o [1]
  .text                  ro code   0x800'54d8    0x10  main.o [1]
  .text                  ro code   0x800'54e8    0x10  main.o [1]
  .text                  ro code   0x800'54f8    0x10  main.o [1]
  .text                  ro code   0x800'5508    0x10  main.o [1]
  .text                  ro code   0x800'5518    0x10  main.o [1]
  .text                  ro code   0x800'5528     0xe  main.o [1]
  .text                  ro code   0x800'5536     0x8  main.o [1]
  .text                  ro code   0x800'553e     0xe  iostream_cout.o [3]
  .text                  ro code   0x800'554c     0xc  main.o [1]
  .text                  ro code   0x800'5558     0xc  cstartup_M.o [5]
  .text                  ro code   0x800'5564     0xa  main.o [1]
  .rodata                const     0x800'5570     0x8  main.o [1]
  .rodata                const     0x800'5578     0x8  main.o [1]
  .rodata                const     0x800'5580     0x8  xprintffull_nomb.o [2]
  SHT$$PREINIT_ARRAY               0x800'5588     0x4  <Block>
    .preinit_array       const     0x800'5588     0x4  iostream_cout.o [3]
  SHT$$INIT_ARRAY                  0x800'558c     0x4  <Block>
    .init_array          const     0x800'558c     0x4  ios.o [3]
  __iar_tls$$INIT_ARRAY            0x800'5590     0x0  <Block>
  Initializer bytes      const     0x800'5590     0x8  <for P2-1>
  .rodata                const     0x800'5598     0x4  main.o [1]
  .rodata                const     0x800'559c     0x4  main.o [1]
  .rodata                const     0x800'55a0     0x4  main.o [1]
  .text                  ro code   0x800'55a4     0x4  main.o [1]
  .text                  ro code   0x800'55a8     0x4  main.o [1]
  .text                  ro code   0x800'55ac     0x4  iostream_cout.o [3]
  .text                  ro code   0x800'55b0     0x0  cstart_call_dtors.o [5]
  .rodata                const     0x800'55b0     0x0  zero_init3.o [5]
  .rodata                const     0x800'55b0     0x0  copy_init3.o [5]
                                 - 0x800'55b0  0x5570

"P2", part 1 of 3:                                0x8
  P2-1                            0x2000'0000     0x8  <Init block>
    .data                inited   0x2000'0000     0x8  XShttio.o [2]
                                - 0x2000'0008     0x8

"P2", part 2 of 3:                              0x2d8
  .bss                   zero     0x2000'0008   0x1d8  dlmalloc.o [2]
  .bss                   zero     0x2000'01e0    0x70  iostream_cout.o [3]
  .bss                   zero     0x2000'0250    0x34  ios.o [3]
  .bss                   zero     0x2000'0284    0x18  dlmalloc.o [2]
  .bss                   zero     0x2000'029c    0x14  main.o [1]
  .bss                   zero     0x2000'02b0    0x10  ios.o [3]
  .bss                   zero     0x2000'02c0     0x4  main.o [1]
  .bss                   zero     0x2000'02c4     0x4  main.o [1]
  .bss                   zero     0x2000'02c8     0x4  cppinit.o [2]
  .bss                   zero     0x2000'02cc     0x4  cppinit.o [2]
  .bss                   zero     0x2000'02d0     0x4  new.o [3]
  .bss                   zero     0x2000'02d4     0x4  xgetmemchunk.o [2]
  .bss                   zero     0x2000'02d8     0x4  xfail_s.o [2]
  .bss                   zero     0x2000'02dc     0x1  main.o [1]
  .bss                   zero     0x2000'02dd     0x1  main.o [1]
  .bss                   zero     0x2000'02de     0x1  main.o [1]
  .bss                   zero     0x2000'02df     0x1  XShttio.o [2]
                                - 0x2000'02e0   0x2d8

"P2", part 3 of 3:                             0xa1a8
  .iar.dynexit                    0x2000'02e0   0x1a4  <Block>
    .iar.dynexit         uninit   0x2000'02e0     0xc  cppinit.o [2]
    .iar.dynexit         uninit   0x2000'02ec   0x198  <Block tail>
  CSTACK                          0x2000'0488  0x8000  <Block>
    CSTACK               uninit   0x2000'0488  0x8000  <Block tail>
  HEAP                            0x2000'8488  0x2000  <Block>
    HEAP                 uninit   0x2000'8488  0x2000  <Block tail>
                                - 0x2000'a488  0xa1a8

Unused ranges:

         From           To      Size
         ----           --      ----
   0x800'55b0   0x807'ffff  0x7'aa50
  0x2000'a488  0x2001'ffff  0x1'5b78


*******************************************************************************
*** INIT TABLE
***

          Address      Size
          -------      ----
Zero (__iar_zero_init3)
    1 destination range, total size 0x2d8:
          0x2000'0008  0x2d8

Copy (__iar_copy_init3)
    1 source range, total size 0x8:
           0x800'5590    0x8
    1 destination range, total size 0x8:
          0x2000'0000    0x8

Extra (__iar_cstart_call_ctors)



*******************************************************************************
*** MODULE SUMMARY
***

    Module                  ro code  ro data  rw data
    ------                  -------  -------  -------
command line/config:
    -------------------------------------------------
    Total:

D:\kraizette\STD\VII-VIII\POIP\PROJECTS\нрвер7\CPP\Debug\Obj: [1]
    main.o                    6'728      344       31
    -------------------------------------------------
    Total:                    6'728      344       31

dl7M_tln.a: [2]
    XShttio.o                    60        8        9
    abort.o                       6
    cppinit.o                   160                20
    dlmalloc.o                5'276               496
    exit.o                        4
    heaptramp0.o                  4
    putchar.o                    32
    sprintf.o                    64
    strcspn.o                    34
    xfail_s.o                    64                 4
    xgetmemchunk.o               44                 4
    xprintffull_nomb.o        4'010        8
    xsprout.o                    10
    -------------------------------------------------
    Total:                    9'768       16      533

dlpp7M_tl_nc.a: [3]
    cxxabi.o                     10
    delaop_0.o                    4
    delop4_0.o                    4
    delop_0.o                    10
    ios.o                       260       20       68
    iostream_cout.o             436      196      112
    new.o                                           4
    newop_0.o                    36
    nomemory.o                    4
    -------------------------------------------------
    Total:                      764      216      184

m7M_tls.a: [4]
    DblAdd.o                    362
    DblCmpEq.o                   32
    DblCmpGe.o                   46
    DblCmpLe.o                   46
    DblDiv.o                    582
    DblMul.o                    418
    DblSub.o                    226
    DblToS32.o                   58
    DblToU32.o                   40
    FltToDbl.o                   72
    S32ToDbl.o                   34
    U32ToDbl.o                   26
    fpinit_M.o                   34
    frexp.o                     112
    ldexp.o                     314
    -------------------------------------------------
    Total:                    2'402

rt7M_tl.a: [5]
    ABImemcpy_unaligned.o       118
    ABImemmove_unaligned.o      120
    ABImemset.o                 102
    I64DivMod.o                 560
    I64DivZer.o                   2
    cexit.o                      14
    cmain.o                      30
    cmain_call_ctors.o           32
    copy_init3.o                 46
    cstart_call_dtors.o
    cstartup_M.o                 12
    data_init.o                  40
    memchr.o                     88
    strchr.o                     22
    strlen.o                     54
    vector_table_M.o             66
    zero_init3.o                 58
    -------------------------------------------------
    Total:                    1'364

shb_l.a: [6]
    dwrite.o                     30
    exit.o                       20
    iarttio.o                   124
    iarwrite.o                   34
    iarwstd.o                    32
    unwind_debug.o                         1
    write.o                      16
    -------------------------------------------------
    Total:                      256        1

    Gaps                         33        4
    Linker created                        40   41'368
-----------------------------------------------------
    Grand Total:             21'315      621   42'116


*******************************************************************************
*** ENTRY LIST
***

Entry                       Address   Size  Type      Object
-----                       -------   ----  ----      ------
.iar.dynexit$$Base      0x2000'02e0          --   Gb  - Linker created -
.iar.dynexit$$Limit     0x2000'0484          --   Gb  - Linker created -
.iar.init_table$$Base    0x800'5328          --   Gb  - Linker created -
.iar.init_table$$Limit   0x800'5350          --   Gb  - Linker created -
?main                    0x800'5371         Code  Gb  cmain.o [5]
ADC::ADC(IHardwareADC &)
                         0x800'484d   0x1c  Code  Gb  main.o [1]
ADC::Config(Resolution)
                         0x800'5509   0x10  Code  Gb  main.o [1]
ADC::Get()               0x800'54e9   0x10  Code  Gb  main.o [1]
ADC::IsReady()           0x800'54d9   0x10  Code  Gb  main.o [1]
ADC::On()                0x800'54b9   0x10  Code  Gb  main.o [1]
ADC::SCMode()            0x800'5519   0x10  Code  Gb  main.o [1]
ADC::Start()             0x800'54c9   0x10  Code  Gb  main.o [1]
ADC::TSEnable()          0x800'54f9   0x10  Code  Gb  main.o [1]
CSTACK$$Base            0x2000'0488          --   Gb  - Linker created -
CSTACK$$Limit           0x2000'8488          --   Gb  - Linker created -
Calibration::Calibration(IADC &)
                         0x800'4869   0x88  Code  Gb  main.o [1]
Calibration::GetCal1()   0x800'48f1   0x9c  Code  Gb  main.o [1]
Calibration::GetCal2()   0x800'498d   0x34  Code  Gb  main.o [1]
DtorRecArray            0x2000'02e0    0xc  Data  Lc  cppinit.o [2]
HEAP$$Base              0x2000'8488          --   Gb  - Linker created -
HEAP$$Limit             0x2000'a488          --   Gb  - Linker created -
HardwareADC<ADC1>::Config(Resolution)
                         0x800'4f11   0x5c  Code  Gb  main.o [1]
HardwareADC<ADC1>::Get()
                         0x800'554d    0xc  Code  Gb  main.o [1]
HardwareADC<ADC1>::IsReady()
                         0x800'541d   0x14  Code  Gb  main.o [1]
HardwareADC<ADC1>::On()
                         0x800'53f5   0x14  Code  Gb  main.o [1]
HardwareADC<ADC1>::SCMode()
                         0x800'53a5   0x1c  Code  Gb  main.o [1]
HardwareADC<ADC1>::Start()
                         0x800'5409   0x14  Code  Gb  main.o [1]
HardwareADC<ADC1>::TSEnable()
                         0x800'5431   0x14  Code  Gb  main.o [1]
IADC::IADC()             0x800'4b87    0x2  Code  Gb  main.o [1]
IADC::IADC() [subobject]
                         0x800'4ac1    0x8  Code  Gb  main.o [1]
ITemperature::ITemperature()
                         0x800'4b89    0x2  Code  Gb  main.o [1]
ITemperature::ITemperature() [subobject]
                         0x800'4ac9    0x8  Code  Gb  main.o [1]
Initialization guard variable for std::ctype<char> const & std::use_facet<std::ctype<char>>()::_MyFacet
                        0x2000'02dd    0x1  Data  Gb  main.o [1]
Initialization guard variable for std::num_put<char, std::ostreambuf_iterator<char, std::char_traits<char>>> const & std::use_facet<std::num_put<char, std::ostreambuf_iterator<char, std::char_traits<char>>>>()::_MyFacet
                        0x2000'02dc    0x1  Data  Gb  main.o [1]
Initialization guard variable for std::numpunct<char> const & std::use_facet<std::numpunct<char>>()::_MyFacet
                        0x2000'02de    0x1  Data  Gb  main.o [1]
Measure::Measure(IADC &, ITemperature &)
                         0x800'49f1   0x58  Code  Gb  main.o [1]
Measure::Measurement()   0x800'4a49   0x78  Code  Gb  main.o [1]
Measure::Measurement()::string
                         0x800'5488   0x10  Data  Gb  main.o [1]
Region$$Table$$Base      0x800'5328          --   Gb  - Linker created -
Region$$Table$$Limit     0x800'5350          --   Gb  - Linker created -
SHT$$INIT_ARRAY$$Base    0x800'558c          --   Gb  - Linker created -
SHT$$INIT_ARRAY$$Limit   0x800'5590          --   Gb  - Linker created -
SHT$$PREINIT_ARRAY$$Base
                         0x800'5588          --   Gb  - Linker created -
SHT$$PREINIT_ARRAY$$Limit
                         0x800'558c          --   Gb  - Linker created -
Temperature::Calculate(float)
                         0x800'2603   0x12  Code  Gb  main.o [1]
Temperature::Get()       0x800'2763    0x6  Code  Gb  main.o [1]
Temperature::Temperature(float, float)
                         0x800'49c1   0x30  Code  Gb  main.o [1]
Virtual function table for ADC
                         0x800'51e0   0x28  Data  Gb  main.o [1]
Virtual function table for HardwareADC<ADC1>
                         0x800'5208   0x28  Data  Gb  main.o [1]
Virtual function table for Temperature
                         0x800'5458   0x10  Data  Gb  main.o [1]
Virtual function table for std::_Wrap_facet<std::ctype<char>>
                         0x800'5478   0x10  Data  Gb  main.o [1]
Virtual function table for std::_Wrap_facet<std::num_put<char, std::ostreambuf_iterator<char, std::char_traits<char>>>>
                         0x800'5170   0x30  Data  Gb  main.o [1]
Virtual function table for std::_Wrap_facet<std::numpunct<char>>
                         0x800'52a4   0x24  Data  Gb  main.o [1]
Virtual function table for std::__nobasic_filebuf<char, std::char_traits<char>>
                         0x800'5034   0x44  Data  Gb  iostream_cout.o [3]
Virtual function table for std::ctype<char>
                         0x800'5468   0x10  Data  Gb  main.o [1]
Virtual function table for std::ios
                         0x800'54a8   0x10  Data  Gb  iostream_cout.o [3]
Virtual function table for std::ios_base
                         0x800'5498   0x10  Data  Gb  ios.o [3]
Virtual function table for std::num_put<char, std::ostreambuf_iterator<char, std::char_traits<char>>>
                         0x800'5140   0x30  Data  Gb  main.o [1]
Virtual function table for std::numpunct<char>
                         0x800'5280   0x24  Data  Gb  main.o [1]
Virtual function table for std::ostream
                         0x800'5230   0x28  Data  Gb  iostream_cout.o [3]
Virtual function table for std::streambuf
                         0x800'4ff0   0x44  Data  Gb  iostream_cout.o [3]
[local to ios_cpp]::std::stdopens
                        0x2000'0250    0xc  Data  Lc  ios.o [3]
[local to ios_cpp]::std::stdstr
                        0x2000'025c   0x28  Data  Lc  ios.o [3]
[local to iostream_cout_cpp]::std::__iarcoutguard
                        0x2000'020c    0x1  Data  Lc  iostream_cout.o [3]
[local to iostream_cout_cpp]::std::fout
                        0x2000'0210   0x40  Data  Lc  iostream_cout.o [3]
_LitobFullNoMb           0x800'23b9  0x10a  Code  Lc  xprintffull_nomb.o [2]
_PrintfFullNoMb          0x800'1615  0xd80  Code  Gb  xprintffull_nomb.o [2]
_PutcharFullNoMb         0x800'2529   0x20  Code  Lc  xprintffull_nomb.o [2]
_PutcharsFullNoMb        0x800'2549   0x2e  Code  Lc  xprintffull_nomb.o [2]
_SProut                  0x800'268b    0xa  Code  Gb  xsprout.o [2]
__aeabi_atexit           0x800'3855    0xa  Code  Gb  cxxabi.o [3]
__aeabi_cdcmpeq          0x800'4649         Code  Gb  DblCmpEq.o [4]
__aeabi_cdcmple          0x800'27d9         Code  Gb  DblCmpLe.o [4]
__aeabi_cdrcmple         0x800'280d         Code  Gb  DblCmpGe.o [4]
__aeabi_d2iz             0x800'2979         Code  Gb  DblToS32.o [4]
__aeabi_d2uiz            0x800'2d05         Code  Gb  DblToU32.o [4]
__aeabi_ddiv             0x800'2abd         Code  Gb  DblDiv.o [4]
__aeabi_dmul             0x800'2d49         Code  Gb  DblMul.o [4]
__aeabi_dsub             0x800'29d9         Code  Gb  DblSub.o [4]
__aeabi_f2d              0x800'4bb5         Code  Gb  FltToDbl.o [4]
__aeabi_i2d              0x800'29b5         Code  Gb  S32ToDbl.o [4]
__aeabi_ldiv0            0x800'3289         Code  Gb  I64DivZer.o [5]
__aeabi_memset           0x800'3d35         Code  Gb  ABImemset.o [5]
__aeabi_ui2d             0x800'2d2d         Code  Gb  U32ToDbl.o [4]
__aeabi_uldivmod         0x800'2eed         Code  Gb  I64DivMod.o [5]
__call_ctors             0x800'3a19   0x18  Code  Gb  cppinit.o [2]
__call_dtors             0x800'3a67    0xc  Code  Gb  cppinit.o [2]
__call_dtors0            0x800'3a73   0x36  Code  Gb  cppinit.o [2]
__cexit_call_dtors       0x800'5397         Code  Gb  cexit.o [5]
__cmain                  0x800'5371         Code  Gb  cmain.o [5]
__cstart_call_dtors      0x800'55b0         Data  Gb  cstart_call_dtors.o [5]
__cxa_atexit             0x800'3a31   0x36  Code  Gb  cppinit.o [2]
__data_GetMemChunk       0x800'151d   0x2c  Code  Gb  xgetmemchunk.o [2]
__data_GetMemChunk::start
                        0x2000'02d4    0x4  Data  Lc  xgetmemchunk.o [2]
__dso_handle            0x2000'02cc    0x4  Data  Gb  cppinit.o [2]
__dwrite                 0x800'50e1   0x1e  Code  Gb  dwrite.o [6]
__exit                   0x800'1549   0x14  Code  Gb  exit.o [6]
__iar_Fail_s             0x800'2615   0x1c  Code  Gb  xfail_s.o [2]
__iar_Memchr             0x800'2695         Code  Gb  memchr.o [5]
__iar_Memset             0x800'3d35         Code  Gb  ABImemset.o [5]
__iar_Memset_word        0x800'3d3d         Code  Gb  ABImemset.o [5]
__iar_Strchr             0x800'25ed         Code  Gb  strchr.o [5]
__iar_close_ttio         0x800'155d   0x2c  Code  Gb  iarttio.o [6]
__iar_copy_init3         0x800'25bf   0x2e  Code  Gb  copy_init3.o [5]
__iar_cstart_call_ctors
                         0x800'5351   0x20  Code  Gb  cmain_call_ctors.o [5]
__iar_dadd               0x800'29e9         Code  Gb  DblSub.o [4]
__iar_data_init3         0x800'5259   0x28  Code  Gb  data_init.o [5]
__iar_debug_exceptions   0x800'2d02    0x1  Data  Gb  unwind_debug.o [6]
__iar_dlfree             0x800'0fb7  0x51e  Code  Gb  dlmalloc.o [2]
__iar_dlmalloc           0x800'00c9  0xeee  Code  Gb  dlmalloc.o [2]
__iar_dsub               0x800'311d         Code  Gb  DblAdd.o [4]
__iar_dsubStart          0x800'312f         Code  Gb  DblAdd.o [4]
__iar_frexp              0x800'2775         Code  Gb  frexp.o [4]
__iar_frexpl             0x800'2775         Code  Gb  frexp.o [4]
__iar_get_ttio           0x800'1589   0x4c  Code  Gb  iarttio.o [6]
__iar_init_vfp           0x800'5305         Code  Gb  fpinit_M.o [4]
__iar_ldexp64            0x800'283d         Code  Gb  ldexp.o [4]
__iar_lookup_ttioh       0x800'1607    0x4  Code  Gb  XShttio.o [2]
__iar_program_start      0x800'5559         Code  Gb  cstartup_M.o [5]
__iar_scalbln64          0x800'283d         Code  Gb  ldexp.o [4]
__iar_scalbn64           0x800'283d         Code  Gb  ldexp.o [4]
__iar_sh_stdout          0x800'50ff   0x20  Code  Gb  iarwstd.o [6]
__iar_sh_write           0x800'511f   0x22  Code  Gb  iarwrite.o [6]
__iar_softfp___iar_frexp64
                         0x800'2769         Code  Gb  frexp.o [4]
__iar_softfp_frexp       0x800'2769         Code  Gb  frexp.o [4]
__iar_softfp_frexpl      0x800'2769         Code  Gb  frexp.o [4]
__iar_tls$$INIT_ARRAY$$Base
                         0x800'5590          --   Gb  - Linker created -
__iar_tls$$INIT_ARRAY$$Limit
                         0x800'5590          --   Gb  - Linker created -
__iar_ttio_guard_lock    0x800'15d9   0x1e  Code  Gb  XShttio.o [2]
__iar_ttio_guard_unlock
                         0x800'15f7   0x10  Code  Gb  XShttio.o [2]
__iar_ttio_handles      0x2000'0000    0x8  Data  Lc  XShttio.o [2]
__iar_unaligned_memcpy   0x800'26ed         Code  Gb  ABImemcpy_unaligned.o [5]
__iar_unaligned_memcpy4
                         0x800'270d         Code  Gb  ABImemcpy_unaligned.o [5]
__iar_unaligned_memcpy8
                         0x800'270d         Code  Gb  ABImemcpy_unaligned.o [5]
__iar_unaligned_memmove
                         0x800'3ba9         Code  Gb  ABImemmove_unaligned.o [5]
__iar_unaligned_memmove4
                         0x800'3ba9         Code  Gb  ABImemmove_unaligned.o [5]
__iar_unaligned_memmove8
                         0x800'3ba9         Code  Gb  ABImemmove_unaligned.o [5]
__iar_zero_init3         0x800'14e3   0x3a  Code  Gb  zero_init3.o [5]
__low_level_init         0x800'477d   0x66  Code  Gb  main.o [1]
__sti__routine           0x800'42bb    0xa  Code  Lc  ios.o [3]
__sti__routine           0x800'4c45   0x90  Code  Lc  iostream_cout.o [3]
__vector_table           0x800'0000         Data  Gb  vector_table_M.o [5]
__write                  0x800'50d1   0x10  Code  Gb  write.o [6]
_call_main               0x800'537d         Code  Gb  cmain.o [5]
_exit                    0x800'5395         Code  Gb  cexit.o [5]
_gm_                    0x2000'0008  0x1d8  Data  Lc  dlmalloc.o [2]
_main                    0x800'538b         Code  Gb  cmain.o [5]
abort                    0x800'14dd    0x6  Code  Gb  abort.o [2]
char * && std::forward<char *>(std::remove_reference<char *>::type &)
                         0x800'3e71    0x2  Code  Gb  main.o [1]
char * std::_Addressof<char>(char &, std::integral_constant<bool, (bool)0>)
                         0x800'3cc7    0x2  Code  Gb  main.o [1]
char * std::_Allocate<char>(unsigned int, char *, bool)
                         0x800'3eeb   0x12  Code  Gb  main.o [1]
char * std::_Maklocstr<char>(char const *, char *)
                         0x800'3e97   0x34  Code  Gb  main.o [1]
char * std::addressof<char>(char &)
                         0x800'39d3    0x8  Code  Gb  main.o [1]
char std::_Maklocchr<char>(char, char *)
                         0x800'3e55    0x4  Code  Gb  main.o [1]
const std::allocator<char>& && std::forward<const std::allocator<char>&>(std::remove_reference<const std::allocator<char>&>::type &)
                         0x800'3dc7    0x2  Code  Gb  main.o [1]
exit                     0x800'538f    0x4  Code  Gb  exit.o [2]
free                     0x800'3f1d    0x4  Code  Gb  heaptramp0.o [2]
init_mparams             0x800'005b   0x2c  Code  Lc  dlmalloc.o [2]
init_top                 0x800'0087   0x34  Code  Lc  dlmalloc.o [2]
ldexp                    0x800'283d         Code  Gb  ldexp.o [4]
ldexpl                   0x800'283d         Code  Gb  ldexp.o [4]
main                     0x800'47e3   0x52  Code  Gb  main.o [1]
memchr                   0x800'2695         Code  Gb  memchr.o [5]
mparams                 0x2000'0284   0x18  Data  Lc  dlmalloc.o [2]
next_abi_dtor_rec       0x2000'02c8    0x4  Data  Lc  cppinit.o [2]
operator delete (void *)
                         0x800'3e8d    0xa  Code  Gb  delop_0.o [3]
operator delete (void *, unsigned int)
                         0x800'4421    0x4  Code  Gb  delop4_0.o [3]
operator delete[] (void *)
                         0x800'53f1    0x4  Code  Gb  delaop_0.o [3]
operator new (unsigned int)
                         0x800'3f21   0x24  Code  Gb  newop_0.o [3]
operator new (unsigned int, void *)
                         0x800'3f45    0x4  Code  Gb  main.o [1]
putchar                  0x800'50b1   0x20  Code  Gb  putchar.o [2]
scalbln                  0x800'283d         Code  Gb  ldexp.o [4]
scalblnl                 0x800'283d         Code  Gb  ldexp.o [4]
scalbn                   0x800'283d         Code  Gb  ldexp.o [4]
scalbnl                  0x800'283d         Code  Gb  ldexp.o [4]
scale                    0x800'24c3   0x46  Code  Lc  xprintffull_nomb.o [2]
sec_hand                0x2000'02d8    0x4  Data  Lc  xfail_s.o [2]
segment_holding          0x800'0041   0x1a  Code  Lc  dlmalloc.o [2]
sprintf                  0x800'473d   0x40  Code  Gb  sprintf.o [2]
std::_Compressed_pair<std::_Wrap_alloc<std::allocator<char>>, std::_String_val<std::_Simple_types<char>>, (bool)1>::_Compressed_pair<const std::allocator<char>&, >(std::_One_then_variadic_args_t, const std::allocator<char>& &&,  &&...)
                         0x800'3ca1   0x1c  Code  Gb  main.o [1]
std::_Compressed_pair<std::_Wrap_alloc<std::allocator<char>>, std::_String_val<std::_Simple_types<char>>, (bool)1>::_Get_first()
                         0x800'3cbd    0x2  Code  Gb  main.o [1]
std::_Compressed_pair<std::_Wrap_alloc<std::allocator<char>>, std::_String_val<std::_Simple_types<char>>, (bool)1>::_Get_first() const
                         0x800'3e59    0x2  Code  Gb  main.o [1]
std::_Compressed_pair<std::_Wrap_alloc<std::allocator<char>>, std::_String_val<std::_Simple_types<char>>, (bool)1>::_Get_second()
                         0x800'3cd5    0x2  Code  Gb  main.o [1]
std::_Compressed_pair<std::_Wrap_alloc<std::allocator<char>>, std::_String_val<std::_Simple_types<char>>, (bool)1>::_Get_second() const
                         0x800'3d9b    0x2  Code  Gb  main.o [1]
std::_Fpz               0x2000'02b0   0x10  Data  Gb  ios.o [3]
std::_NomemoryNothrow()
                         0x800'3f49    0x4  Code  Gb  nomemory.o [3]
std::_String_alloc<std::_String_base_types<char, std::allocator<char>>>::_Bx()
                         0x800'39bb    0x8  Code  Gb  main.o [1]
std::_String_alloc<std::_String_base_types<char, std::allocator<char>>>::_Get_data()
                         0x800'39f5    0x8  Code  Gb  main.o [1]
std::_String_alloc<std::_String_base_types<char, std::allocator<char>>>::_Get_data() const
                         0x800'3c37    0x8  Code  Gb  main.o [1]
std::_String_alloc<std::_String_base_types<char, std::allocator<char>>>::_Getal()
                         0x800'39c3    0x8  Code  Gb  main.o [1]
std::_String_alloc<std::_String_base_types<char, std::allocator<char>>>::_Getal() const
                         0x800'3d01    0x8  Code  Gb  main.o [1]
std::_String_alloc<std::_String_base_types<char, std::allocator<char>>>::_Myptr()
                         0x800'3831    0xc  Code  Gb  main.o [1]
std::_String_alloc<std::_String_base_types<char, std::allocator<char>>>::_Myptr() const
                         0x800'3947    0xc  Code  Gb  main.o [1]
std::_String_alloc<std::_String_base_types<char, std::allocator<char>>>::_Myres()
                         0x800'39b1    0xa  Code  Gb  main.o [1]
std::_String_alloc<std::_String_base_types<char, std::allocator<char>>>::_Mysize()
                         0x800'385f    0xa  Code  Gb  main.o [1]
std::_String_alloc<std::_String_base_types<char, std::allocator<char>>>::_Mysize() const
                         0x800'3953    0xa  Code  Gb  main.o [1]
std::_String_alloc<std::_String_base_types<char, std::allocator<char>>>::_String_alloc(const std::allocator<char>&)
                         0x800'3999   0x18  Code  Gb  main.o [1]
std::_String_alloc<std::_String_base_types<char, std::allocator<char>>>::_String_alloc(const std::allocator<char>&) [subobject]
                         0x800'3775    0x8  Code  Gb  main.o [1]
std::_String_val<std::_Simple_types<char>>::_Myptr()
                         0x800'39fd   0x12  Code  Gb  main.o [1]
std::_String_val<std::_Simple_types<char>>::_Myptr() const
                         0x800'3c3f   0x12  Code  Gb  main.o [1]
std::_String_val<std::_Simple_types<char>>::_String_val()
                         0x800'3dd1    0xa  Code  Gb  main.o [1]
std::_Wrap_alloc<std::allocator<char>>::_Wrap_alloc(const std::allocator<char>&)
                         0x800'3e8b    0x2  Code  Gb  main.o [1]
std::_Wrap_alloc<std::allocator<char>>::_Wrap_alloc(const std::allocator<char>&) [subobject]
                         0x800'3dc9    0x8  Code  Gb  main.o [1]
std::_Wrap_alloc<std::allocator<char>>::allocate(unsigned int)
                         0x800'3d11    0x8  Code  Gb  main.o [1]
std::_Wrap_alloc<std::allocator<char>>::deallocate(char *, unsigned int)
                         0x800'39ed    0x8  Code  Gb  main.o [1]
std::_Wrap_alloc<std::allocator<char>>::max_size(std::_Nil) const
                         0x800'3d09    0x8  Code  Gb  main.o [1]
std::_Wrap_facet<std::ctype<char>>::_Wrap_facet()
                         0x800'375d   0x18  Code  Gb  main.o [1]
std::_Wrap_facet<std::num_put<char, std::ostreambuf_iterator<char, std::char_traits<char>>>>::_Wrap_facet()
                         0x800'4c19   0x18  Code  Gb  main.o [1]
std::_Wrap_facet<std::numpunct<char>>::_Wrap_facet()
                         0x800'383d   0x18  Code  Gb  main.o [1]
std::_Wrap_facet<std::numpunct<char>>::~_Wrap_facet()
                         0x800'5529    0xe  Code  Gb  main.o [1]
std::__iar_New_hand     0x2000'02d0    0x4  Data  Gb  new.o [3]
std::__iar_cout_guard::~__iar_cout_guard()
                         0x800'5445   0x14  Code  Gb  iostream_cout.o [3]
std::__nobasic_filebuf<char, std::char_traits<char>>::__nobasic_filebuf()
                         0x800'4cd5   0x5c  Code  Gb  iostream_cout.o [3]
std::__nobasic_filebuf<char, std::char_traits<char>>::overflow(int)
                         0x800'5079   0x38  Code  Gb  iostream_cout.o [3]
std::allocator<char>::allocate(unsigned int)
                         0x800'3e63    0xe  Code  Gb  main.o [1]
std::allocator<char>::deallocate(char *, unsigned int)
                         0x800'3cc9    0xc  Code  Gb  main.o [1]
std::allocator<char>::max_size() const
                         0x800'3ee5    0x6  Code  Gb  main.o [1]
std::allocator_traits<std::allocator<char>>::max_size(const std::allocator<char>&)
                         0x800'3e5b    0x8  Code  Gb  main.o [1]
std::char_traits<char>::assign(char &, char const &)
                         0x800'3c21    0x6  Code  Gb  main.o [1]
std::char_traits<char>::assign(char *, unsigned int, char)
                         0x800'3c27   0x10  Code  Gb  main.o [1]
std::char_traits<char>::copy(char *, char const *, unsigned int)
                         0x800'39db   0x12  Code  Gb  main.o [1]
std::char_traits<char>::eq_int_type(int const &, int const &)
                         0x800'3c83   0x12  Code  Gb  main.o [1]
std::char_traits<char>::length(char const *)
                         0x800'40ff   0x12  Code  Gb  main.o [1]
std::char_traits<char>::move(char *, char const *, unsigned int)
                         0x800'38e3   0x12  Code  Gb  main.o [1]
std::char_traits<char>::to_int_type(char const &)
                         0x800'3dc3    0x4  Code  Gb  main.o [1]
std::cout               0x2000'01e0   0x2c  Data  Gb  iostream_cout.o [3]
std::ctype<char> const & std::use_facet<std::ctype<char>>()
                         0x800'3579   0x20  Code  Gb  main.o [1]
std::ctype<char> const & std::use_facet<std::ctype<char>>()::_MyFacet
                        0x2000'02c4    0x4  Data  Gb  main.o [1]
std::ctype<char>::ctype()
                         0x800'3c95    0xc  Code  Gb  main.o [1]
std::ctype<char>::ctype() [subobject]
                         0x800'398f    0x8  Code  Gb  main.o [1]
std::ctype<char>::widen(char const *, char const *, char *) const
                         0x800'35d5   0x12  Code  Gb  main.o [1]
std::ctype<char>::widen(char) const
                         0x800'3599    0x6  Code  Gb  main.o [1]
std::ios::clear(std::_Iosb<int>::_Iostate, bool)
                         0x800'4251   0x18  Code  Gb  main.o [1]
std::ios::fill() const   0x800'418f    0x6  Code  Gb  main.o [1]
std::ios::rdbuf() const
                         0x800'4195    0x4  Code  Gb  main.o [1]
std::ios::setstate(std::_Iosb<int>::_Iostate, bool)
                         0x800'41a3   0x28  Code  Gb  main.o [1]
std::ios::tie() const    0x800'41f5    0x4  Code  Gb  main.o [1]
std::ios::widen(char) const
                         0x800'51cf   0x12  Code  Gb  main.o [1]
std::ios_base::_Addstd(std::ios_base*)
                         0x800'4325   0x36  Code  Gb  ios.o [3]
std::ios_base::_Callfns(std::ios_base::event)
                         0x800'4309   0x1c  Code  Gb  ios.o [3]
std::ios_base::_Init()   0x800'4369   0x1c  Code  Gb  ios.o [3]
std::ios_base::_Tidy()   0x800'4385   0x38  Code  Gb  ios.o [3]
std::ios_base::clear(std::_Iosb<int>::_Iostate, bool)
                         0x800'42c5   0x20  Code  Gb  ios.o [3]
std::ios_base::flags() const
                         0x800'354d    0x4  Code  Gb  main.o [1]
std::ios_base::good() const
                         0x800'41e1   0x14  Code  Gb  main.o [1]
std::ios_base::precision() const
                         0x800'4645    0x4  Code  Gb  main.o [1]
std::ios_base::rdstate() const
                         0x800'424d    0x4  Code  Gb  main.o [1]
std::ios_base::width() const
                         0x800'36e3    0x4  Code  Gb  main.o [1]
std::ios_base::width(int)
                         0x800'3743    0x8  Code  Gb  main.o [1]
std::ios_base::~ios_base()
                         0x800'42e5   0x24  Code  Gb  ios.o [3]
std::ios_base::~ios_base() [subobject]
                         0x800'42b9    0x2  Code  Gb  ios.o [3]
std::num_put<char, std::ostreambuf_iterator<char, std::char_traits<char>>> const & std::use_facet<std::num_put<char, std::ostreambuf_iterator<char, std::char_traits<char>>>>()
                         0x800'4b8d   0x20  Code  Gb  main.o [1]
std::num_put<char, std::ostreambuf_iterator<char, std::char_traits<char>>> const & std::use_facet<std::num_put<char, std::ostreambuf_iterator<char, std::char_traits<char>>>>()::_MyFacet
                        0x2000'02c0    0x4  Data  Gb  main.o [1]
std::num_put<char, std::ostreambuf_iterator<char, std::char_traits<char>>>::_Ffmt(char *, char, std::_Iosb<int>::_Fmtflags) const
                         0x800'4669   0xd2  Code  Gb  main.o [1]
std::num_put<char, std::ostreambuf_iterator<char, std::char_traits<char>>>::_Fput(std::ostreambuf_iterator<char, std::char_traits<char>>, std::ios_base &, char, char const *, unsigned int, unsigned int, unsigned int, unsigned int) const
                         0x800'328d  0x2c0  Code  Gb  main.o [1]
std::num_put<char, std::ostreambuf_iterator<char, std::char_traits<char>>>::_Fput(std::ostreambuf_iterator<char, std::char_traits<char>>, std::ios_base &, char, char const *, unsigned int, unsigned int, unsigned int, unsigned int) const::string
                         0x800'5598    0x4  Data  Gb  main.o [1]
std::num_put<char, std::ostreambuf_iterator<char, std::char_traits<char>>>::_Fput(std::ostreambuf_iterator<char, std::char_traits<char>>, std::ios_base &, char, char const *, unsigned int, unsigned int, unsigned int, unsigned int) const::string (instance 2)
                         0x800'559c    0x4  Data  Gb  main.o [1]
std::num_put<char, std::ostreambuf_iterator<char, std::char_traits<char>>>::_Put(std::ostreambuf_iterator<char, std::char_traits<char>>, char const *, unsigned int) const
                         0x800'3715   0x2e  Code  Gb  main.o [1]
std::num_put<char, std::ostreambuf_iterator<char, std::char_traits<char>>>::_Rep(std::ostreambuf_iterator<char, std::char_traits<char>>, char, unsigned int) const
                         0x800'36e7   0x2e  Code  Gb  main.o [1]
std::num_put<char, std::ostreambuf_iterator<char, std::char_traits<char>>>::do_put(std::ostreambuf_iterator<char, std::char_traits<char>>, std::ios_base &, char, double) const
                         0x800'44b5  0x190  Code  Gb  main.o [1]
std::num_put<char, std::ostreambuf_iterator<char, std::char_traits<char>>>::num_put()
                         0x800'4c39    0xc  Code  Gb  main.o [1]
std::num_put<char, std::ostreambuf_iterator<char, std::char_traits<char>>>::num_put() [subobject]
                         0x800'4c31    0x8  Code  Gb  main.o [1]
std::num_put<char, std::ostreambuf_iterator<char, std::char_traits<char>>>::put(std::ostreambuf_iterator<char, std::char_traits<char>>, std::ios_base &, char, double) const
                         0x800'4bfd   0x18  Code  Gb  main.o [1]
std::numpunct<char> const & std::use_facet<std::numpunct<char>>()
                         0x800'35e9   0x30  Code  Gb  main.o [1]
std::numpunct<char> const & std::use_facet<std::numpunct<char>>()::_MyFacet
                        0x2000'029c   0x14  Data  Gb  main.o [1]
std::numpunct<char>::_Init(bool)
                         0x800'3de5   0x70  Code  Gb  main.o [1]
std::numpunct<char>::_Init(bool)::string
                         0x800'2aba    0x1  Data  Gb  main.o [1]
std::numpunct<char>::_Init(bool)::string (instance 2)
                         0x800'5570    0x8  Data  Gb  main.o [1]
std::numpunct<char>::_Init(bool)::string (instance 3)
                         0x800'5578    0x8  Data  Gb  main.o [1]
std::numpunct<char>::_Tidy()
                         0x800'53d9   0x18  Code  Gb  main.o [1]
std::numpunct<char>::decimal_point() const
                         0x800'36c3    0xa  Code  Gb  main.o [1]
std::numpunct<char>::do_decimal_point() const
                         0x800'55a5    0x4  Code  Gb  main.o [1]
std::numpunct<char>::do_grouping() const
                         0x800'5565    0xa  Code  Gb  main.o [1]
std::numpunct<char>::do_thousands_sep() const
                         0x800'55a9    0x4  Code  Gb  main.o [1]
std::numpunct<char>::grouping() const
                         0x800'3619    0xa  Code  Gb  main.o [1]
std::numpunct<char>::numpunct()
                         0x800'3cd9   0x28  Code  Gb  main.o [1]
std::numpunct<char>::numpunct() [subobject]
                         0x800'3a0f    0x8  Code  Gb  main.o [1]
std::numpunct<char>::thousands_sep() const
                         0x800'3623    0xa  Code  Gb  main.o [1]
std::numpunct<char>::~numpunct()
                         0x800'53c1   0x18  Code  Gb  main.o [1]
std::numpunct<char>::~numpunct() [subobject]
                         0x800'5537    0x8  Code  Gb  main.o [1]
std::operator &(std::_Iosb<int>::_Fmtflags, std::_Iosb<int>::_Fmtflags)
                         0x800'3551    0x6  Code  Gb  main.o [1]
std::operator |=(std::_Iosb<int>::_Iostate &, std::_Iosb<int>::_Iostate)
                         0x800'4187    0x8  Code  Gb  main.o [1]
std::ostream & std::endl<char, std::char_traits<char>>(std::ostream &)
                         0x800'51a1   0x2e  Code  Gb  main.o [1]
std::ostream & std::operator <<<std::char_traits<char>>(std::ostream &, char const *)
                         0x800'3f4d  0x1b2  Code  Gb  main.o [1]
std::ostream::_Flush_sentry::_Flush_sentry(std::ostream&)
                         0x800'4271   0x28  Code  Gb  main.o [1]
std::ostream::_Flush_sentry::_Flush_sentry(std::ostream&) [subobject]
                         0x800'41d9    0x8  Code  Gb  main.o [1]
std::ostream::_Flush_sentry::operator bool() const
                         0x800'4183    0x4  Code  Gb  main.o [1]
std::ostream::_Flush_sentry::~_Flush_sentry()
                         0x800'42a3   0x14  Code  Gb  main.o [1]
std::ostream::_Flush_sentry::~_Flush_sentry() [subobject]
                         0x800'4269    0x8  Code  Gb  main.o [1]
std::ostream::_Osfx()    0x800'43c5   0x54  Code  Gb  main.o [1]
std::ostream::_Sentry_base::_Sentry_base(std::ostream&)
                         0x800'4425   0x48  Code  Gb  main.o [1]
std::ostream::_Sentry_base::_Sentry_base(std::ostream&) [subobject]
                         0x800'43bd    0x8  Code  Gb  main.o [1]
std::ostream::_Sentry_base::~_Sentry_base()
                         0x800'446d   0x46  Code  Gb  main.o [1]
std::ostream::_Sentry_base::~_Sentry_base() [subobject]
                         0x800'4419    0x8  Code  Gb  main.o [1]
std::ostream::flush()    0x800'41f9   0x54  Code  Gb  main.o [1]
std::ostream::operator <<(float)
                         0x800'4ad1   0xb0  Code  Gb  main.o [1]
std::ostream::operator <<(std::ostream&(*)(std::ostream&))
                         0x800'4b81    0x6  Code  Gb  main.o [1]
std::ostream::put(char)
                         0x800'4e3b   0x76  Code  Gb  main.o [1]
std::ostream::sentry::sentry(std::ostream&)
                         0x800'4111   0x72  Code  Gb  main.o [1]
std::ostream::sentry::~sentry()
                         0x800'41cb    0xe  Code  Gb  main.o [1]
std::ostream::~basic_ostream()
                         0x800'553f    0xe  Code  Gb  iostream_cout.o [3]
std::ostreambuf_iterator<char, std::char_traits<char>>::failed() const
                         0x800'4c15    0x4  Code  Gb  main.o [1]
std::ostreambuf_iterator<char, std::char_traits<char>>::operator *()
                         0x800'395d    0x2  Code  Gb  main.o [1]
std::ostreambuf_iterator<char, std::char_traits<char>>::operator ++()
                         0x800'398d    0x2  Code  Gb  main.o [1]
std::ostreambuf_iterator<char, std::char_traits<char>>::operator =(char)
                         0x800'395f   0x2e  Code  Gb  main.o [1]
std::ostreambuf_iterator<char, std::char_traits<char>>::ostreambuf_iterator(std::streambuf *)
                         0x800'4bad    0x8  Code  Gb  main.o [1]
std::remove_reference<char *&>::type && std::move<char *&>(char *& &&)
                         0x800'3d19    0x2  Code  Gb  main.o [1]
std::streambuf::_Lock()
                         0x800'2977    0x2  Code  Gb  iostream_cout.o [3]
std::streambuf::_Pnavail() const
                         0x800'3d9d   0x18  Code  Gb  main.o [1]
std::streambuf::_Pninc()
                         0x800'3db5    0xe  Code  Gb  main.o [1]
std::streambuf::_Unlock()
                         0x800'29b3    0x2  Code  Gb  iostream_cout.o [3]
std::streambuf::overflow(int)
                         0x800'2807    0x6  Code  Gb  iostream_cout.o [3]
std::streambuf::pubsync()
                         0x800'4299    0xa  Code  Gb  main.o [1]
std::streambuf::sputc(char)
                         0x800'3c51   0x32  Code  Gb  main.o [1]
std::streambuf::sputn(char const *, int)
                         0x800'4199    0xa  Code  Gb  main.o [1]
std::streambuf::sync()   0x800'55ad    0x4  Code  Gb  iostream_cout.o [3]
std::streambuf::xsputn(char const *, int)
                         0x800'4eb1   0x60  Code  Gb  iostream_cout.o [3]
std::string::_Chassign(unsigned int, unsigned int, char)
                         0x800'38f5   0x2a  Code  Gb  main.o [1]
std::string::_Copy(unsigned int, unsigned int)
                         0x800'3ad1   0xd6  Code  Gb  main.o [1]
std::string::_Eos(unsigned int)
                         0x800'391f   0x28  Code  Gb  main.o [1]
std::string::_Grow(unsigned int, bool)
                         0x800'3869   0x7a  Code  Gb  main.o [1]
std::string::_Inside(char const *)
                         0x800'4fbf   0x32  Code  Gb  main.o [1]
std::string::_Tidy(bool, unsigned int)
                         0x800'377d   0x7a  Code  Gb  main.o [1]
std::string::assign(char const *)
                         0x800'52ed   0x18  Code  Gb  main.o [1]
std::string::assign(char const *, unsigned int)
                         0x800'4f6d   0x52  Code  Gb  main.o [1]
std::string::assign(const std::string&, unsigned int, unsigned int)
                         0x800'4d31   0x7c  Code  Gb  main.o [1]
std::string::assign(unsigned int, char)
                         0x800'37f7   0x3a  Code  Gb  main.o [1]
std::string::basic_string(char const *)
                         0x800'52c9   0x24  Code  Gb  main.o [1]
std::string::basic_string(unsigned int, char)
                         0x800'359f   0x2a  Code  Gb  main.o [1]
std::string::erase(unsigned int)
                         0x800'4dad   0x22  Code  Gb  main.o [1]
std::string::erase(unsigned int, unsigned int)
                         0x800'4dcf   0x6c  Code  Gb  main.o [1]
std::string::insert(unsigned int, unsigned int, char)
                         0x800'362d   0x96  Code  Gb  main.o [1]
std::string::max_size() const
                         0x800'3ab9   0x18  Code  Gb  main.o [1]
std::string::operator [](unsigned int)
                         0x800'35c9    0xc  Code  Gb  main.o [1]
std::string::operator [](unsigned int) const
                         0x800'36cd    0xc  Code  Gb  main.o [1]
std::string::size() const
                         0x800'36d9    0xa  Code  Gb  main.o [1]
std::string::~basic_string()
                         0x800'374b   0x12  Code  Gb  main.o [1]
strchr                   0x800'25ed         Code  Gb  strchr.o [5]
strcspn                  0x800'3557   0x22  Code  Gb  strcspn.o [2]
strlen                   0x800'2655         Code  Gb  strlen.o [5]
ttio_guard              0x2000'02df    0x1  Data  Lc  XShttio.o [2]
void std::_Deallocate<char>(char *, unsigned int)
                         0x800'3ddd    0x8  Code  Gb  main.o [1]
void std::_Wrap_alloc<std::allocator<char>>::construct<char *, char *>(char * *, char * &&...)
                         0x800'3d1b   0x18  Code  Gb  main.o [1]
void std::_Wrap_alloc<std::allocator<char>>::destroy<char *>(char * *)
                         0x800'39cb    0x8  Code  Gb  main.o [1]
void std::allocator<char>::construct<char *, char *>(char * *, char * &&...)
                         0x800'3efd   0x20  Code  Gb  main.o [1]
void std::allocator<char>::destroy<char *>(char * *)
                         0x800'3ddb    0x2  Code  Gb  main.o [1]
void std::allocator_traits<std::allocator<char>>::construct<char *, char *>(std::allocator<char>&, char * *, char * &&...)
                         0x800'3e73   0x18  Code  Gb  main.o [1]
void std::allocator_traits<std::allocator<char>>::destroy<char *>(std::allocator<char>&, char * *)
                         0x800'3cbf    0x8  Code  Gb  main.o [1]
void std::numpunct<char>::_Getvals<char>(char)
                         0x800'3ecb   0x1a  Code  Gb  main.o [1]


[1] = D:\kraizette\STD\VII-VIII\POIP\PROJECTS\нрвер7\CPP\Debug\Obj
[2] = dl7M_tln.a
[3] = dlpp7M_tl_nc.a
[4] = m7M_tls.a
[5] = rt7M_tl.a
[6] = shb_l.a

  21'315 bytes of readonly  code memory
     621 bytes of readonly  data memory
  42'116 bytes of readwrite data memory

Errors: none
Warnings: none
