###############################################################################
#
# IAR ELF Linker V8.40.1.212/W32 for ARM                  20/Nov/2019  23:40:24
# Copyright 2007-2019 IAR Systems AB.
#
#    Output file  =
#        D:\kraizette\STD\VII\POIP\PROJECTS\OTCHET2.2\Debug\Exe\lr2.out
#    Map file     =
#        D:\kraizette\STD\VII\POIP\PROJECTS\OTCHET2.2\Debug\List\lr2.map
#    Command line =
#        -f C:\Users\User\AppData\Local\Temp\EW56FC.tmp
#        (D:\kraizette\STD\VII\POIP\PROJECTS\OTCHET2.2\Debug\Obj\main.o
#        D:\kraizette\STD\VII\POIP\PROJECTS\OTCHET2.2\Debug\Obj\startup.o
#        --no_out_extension -o
#        D:\kraizette\STD\VII\POIP\PROJECTS\OTCHET2.2\Debug\Exe\lr2.out
#        --redirect _Printf=_PrintfFullNoMb --redirect _Scanf=_ScanfFullNoMb
#        --map D:\kraizette\STD\VII\POIP\PROJECTS\OTCHET2.2\Debug\List\lr2.map
#        --config D:\kraizette\STD\VII\POIP\PROJECTS\OTCHET2.2\lr2.icf
#        --semihosting --entry __iar_program_start --no_exceptions --vfe
#        --enable_stack_usage --text_out locale)
#
###############################################################################

*******************************************************************************
*** MESSAGES
***

Warning[Ls015]: [stack usage analysis] at least one function appears to be
          uncalled. Example: "InterruptHandler::DummyHandler()". A complete
          list of uncalled functions is in the map file.


*******************************************************************************
*** RUNTIME MODEL ATTRIBUTES
***

CppFlavor        = *
__CPP_Exceptions = Disabled
__CPP_Language   = C++14
__SystemLibrary  = DLib
__dlib_version   = 6


*******************************************************************************
*** HEAP SELECTION
***

The basic heap was selected because no calls to memory allocation
functions were found in the application outside of system library
functions, and there are calls to deallocation functions in the
application.


*******************************************************************************
*** PLACEMENT SUMMARY
***

"A0":  place at address 0x800'0000 { ro section .intvec };
"P1":  place in [from 0x800'0000 to 0x807'ffff] { ro };
define block CSTACK with size = 256, alignment = 8 { };
define block HEAP with size = 0, alignment = 8 { };
"P2":  place in [from 0x2000'0000 to 0x2001'ffff] {
          rw, block CSTACK, block HEAP };

No sections matched the following patterns:

  rw  in "P2"


  Section   Kind         Address   Size  Object
  -------   ----         -------   ----  ------
"A0":                              0xbc
  .intvec   const     0x800'0000   0xbc  startup.o [1]
                    - 0x800'00bc   0xbc

"P1":                             0x184
  .text     ro code   0x800'00bc   0x4c  main.o [1]
  .text     ro code   0x800'0108   0x14  main.o [1]
  .text     ro code   0x800'011c   0x14  main.o [1]
  .text     ro code   0x800'0130   0x14  main.o [1]
  .text     ro code   0x800'0144   0x14  main.o [1]
  .text     ro code   0x800'0158   0x14  main.o [1]
  .text     ro code   0x800'016c   0x14  main.o [1]
  .text     ro code   0x800'0180   0x14  main.o [1]
  .text     ro code   0x800'0194   0x10  main.o [1]
  .text     ro code   0x800'01a4   0x10  main.o [1]
  .text     ro code   0x800'01b4   0x10  main.o [1]
  .text     ro code   0x800'01c4   0x22  fpinit_M.o [3]
  .text     ro code   0x800'01e6    0x2  startup.o [1]
  .text     ro code   0x800'01e8   0x1e  cmain.o [4]
  .text     ro code   0x800'0206    0x4  low_level_init.o [2]
  .text     ro code   0x800'020a    0x4  exit.o [2]
  .text     ro code   0x800'020e    0x2  startup.o [1]
  .text     ro code   0x800'0210    0xa  cexit.o [4]
  .rodata   const     0x800'021a    0x1  unwind_debug.o [5]
  .text     ro code   0x800'021c   0x14  exit.o [5]
  .text     ro code   0x800'0230   0x10  startup.o [1]
                    - 0x800'0240  0x184

"P2":                             0x100
  CSTACK             0x2000'0000  0x100  <Block>
    CSTACK  uninit   0x2000'0000  0x100  <Block tail>
                   - 0x2000'0100  0x100

Unused ranges:

         From           To      Size
         ----           --      ----
   0x800'0240   0x807'ffff  0x7'fdc0
  0x2000'0100  0x2001'ffff  0x1'ff00


*******************************************************************************
*** STACK USAGE
***

  Call Graph Root Category  Max Use  Total Use
  ------------------------  -------  ---------
  Program entry                 16         16
  Uncalled function              0          0


Program entry
  "__iar_program_start": 0x800'0231

  Maximum call chain                               16  bytes

    "__iar_program_start"                           8
    "__cmain"                                       0
    "main"                                          8
    "void FieldValueBase<RCC_AHB1ENR_DMA2EN_Values<RCC::AHB1ENR, (unsigned int)2, (unsigned int)1, ReadWriteMode, RCC::RCCAHB1ENRBase>, RCC::RCCAHB1ENRBase, (unsigned int)1>::Set<ReadWriteMode, void>()"
                                                    0

Uncalled function
  "InterruptHandler::DummyHandler()": 0x800'01e7

  Maximum call chain                                0  bytes

    "InterruptHandler::DummyHandler()"              0

Uncalled function
  "InterruptHandler::Timer2Handler()": 0x800'020f

  Maximum call chain                                0  bytes

    "InterruptHandler::Timer2Handler()"             0


*******************************************************************************
*** MODULE SUMMARY
***

    Module            ro code  ro data  rw data
    ------            -------  -------  -------
command line/config:
    -------------------------------------------
    Total:

D:\kraizette\STD\VII\POIP\PROJECTS\OTCHET2.2\Debug\Obj: [1]
    main.o                264
    startup.o              20      188
    -------------------------------------------
    Total:                284      188

dl7M_tln.a: [2]
    exit.o                  4
    low_level_init.o        4
    -------------------------------------------
    Total:                  8

m7M_tls.a: [3]
    fpinit_M.o             34
    -------------------------------------------
    Total:                 34

rt7M_tl.a: [4]
    cexit.o                10
    cmain.o                30
    -------------------------------------------
    Total:                 40

shb_l.a: [5]
    exit.o                 20
    unwind_debug.o                   1
    -------------------------------------------
    Total:                 20        1

    Gaps                    1
    Linker created                          256
-----------------------------------------------
    Grand Total:          387      189      256


*******************************************************************************
*** ENTRY LIST
***

Entry                       Address  Size  Type      Object
-----                       -------  ----  ----      ------
?main                    0x800'01e9        Code  Gb  cmain.o [4]
CSTACK$$Base            0x2000'0000         --   Gb  - Linker created -
CSTACK$$Limit           0x2000'0100         --   Gb  - Linker created -
InterruptHandler::DummyHandler()
                         0x800'01e7   0x2  Code  Gb  startup.o [1]
InterruptHandler::Timer2Handler()
                         0x800'020f   0x2  Code  Gb  startup.o [1]
Region$$Table$$Base             0x0         --   Gb  - Linker created -
Region$$Table$$Limit            0x0         --   Gb  - Linker created -
__cmain                  0x800'01e9        Code  Gb  cmain.o [4]
__exit                   0x800'021d  0x14  Code  Gb  exit.o [5]
__iar_debug_exceptions   0x800'021a   0x1  Data  Gb  unwind_debug.o [5]
__iar_init_vfp           0x800'01c5        Code  Gb  fpinit_M.o [3]
__iar_program_start      0x800'0231  0x10  Code  Gb  startup.o [1]
__low_level_init         0x800'0207   0x4  Code  Gb  low_level_init.o [2]
__vector_table           0x800'0000  0xbc  Data  Lc  startup.o [1]
_call_main               0x800'01f5        Code  Gb  cmain.o [4]
_exit                    0x800'0211        Code  Gb  cexit.o [4]
_main                    0x800'0203        Code  Gb  cmain.o [4]
delay(unsigned int)      0x800'00bd   0xc  Code  Gb  main.o [1]
exit                     0x800'020b   0x4  Code  Gb  exit.o [2]
main                     0x800'00c9  0x36  Code  Gb  main.o [1]
void FieldValueBase<GPIOC_MODER_MODER15_Values<GPIOC::MODER, (unsigned int)10, (unsigned int)2, ReadWriteMode, GPIOC::GPIOCMODERBase>, GPIOC::GPIOCMODERBase, (unsigned int)1>::Set<ReadWriteMode, void>()
                         0x800'011d  0x14  Code  Gb  main.o [1]
void FieldValueBase<GPIOC_MODER_MODER15_Values<GPIOC::MODER, (unsigned int)16, (unsigned int)2, ReadWriteMode, GPIOC::GPIOCMODERBase>, GPIOC::GPIOCMODERBase, (unsigned int)1>::Set<ReadWriteMode, void>()
                         0x800'0131  0x14  Code  Gb  main.o [1]
void FieldValueBase<GPIOC_MODER_MODER15_Values<GPIOC::MODER, (unsigned int)18, (unsigned int)2, ReadWriteMode, GPIOC::GPIOCMODERBase>, GPIOC::GPIOCMODERBase, (unsigned int)1>::Set<ReadWriteMode, void>()
                         0x800'0145  0x14  Code  Gb  main.o [1]
void FieldValueBase<GPIOC_ODR_ODR5_Values<GPIOC::ODR, (unsigned int)5, (unsigned int)1, ReadWriteMode, GPIOC::GPIOCODRBase>, GPIOC::GPIOCODRBase, (unsigned int)0>::Set<ReadWriteMode, void>()
                         0x800'0195  0x10  Code  Gb  main.o [1]
void FieldValueBase<GPIOC_ODR_ODR5_Values<GPIOC::ODR, (unsigned int)5, (unsigned int)1, ReadWriteMode, GPIOC::GPIOCODRBase>, GPIOC::GPIOCODRBase, (unsigned int)1>::Set<ReadWriteMode, void>()
                         0x800'0159  0x14  Code  Gb  main.o [1]
void FieldValueBase<GPIOC_ODR_ODR8_Values<GPIOC::ODR, (unsigned int)8, (unsigned int)1, ReadWriteMode, GPIOC::GPIOCODRBase>, GPIOC::GPIOCODRBase, (unsigned int)0>::Set<ReadWriteMode, void>()
                         0x800'01a5  0x10  Code  Gb  main.o [1]
void FieldValueBase<GPIOC_ODR_ODR8_Values<GPIOC::ODR, (unsigned int)8, (unsigned int)1, ReadWriteMode, GPIOC::GPIOCODRBase>, GPIOC::GPIOCODRBase, (unsigned int)1>::Set<ReadWriteMode, void>()
                         0x800'016d  0x14  Code  Gb  main.o [1]
void FieldValueBase<GPIOC_ODR_ODR9_Values<GPIOC::ODR, (unsigned int)9, (unsigned int)1, ReadWriteMode, GPIOC::GPIOCODRBase>, GPIOC::GPIOCODRBase, (unsigned int)0>::Set<ReadWriteMode, void>()
                         0x800'01b5  0x10  Code  Gb  main.o [1]
void FieldValueBase<GPIOC_ODR_ODR9_Values<GPIOC::ODR, (unsigned int)9, (unsigned int)1, ReadWriteMode, GPIOC::GPIOCODRBase>, GPIOC::GPIOCODRBase, (unsigned int)1>::Set<ReadWriteMode, void>()
                         0x800'0181  0x14  Code  Gb  main.o [1]
void FieldValueBase<RCC_AHB1ENR_DMA2EN_Values<RCC::AHB1ENR, (unsigned int)2, (unsigned int)1, ReadWriteMode, RCC::RCCAHB1ENRBase>, RCC::RCCAHB1ENRBase, (unsigned int)1>::Set<ReadWriteMode, void>()
                         0x800'0109  0x14  Code  Gb  main.o [1]


[1] = D:\kraizette\STD\VII\POIP\PROJECTS\OTCHET2.2\Debug\Obj
[2] = dl7M_tln.a
[3] = m7M_tls.a
[4] = rt7M_tl.a
[5] = shb_l.a

  387 bytes of readonly  code memory
  189 bytes of readonly  data memory
  256 bytes of readwrite data memory

Errors: none
Warnings: 1
