###############################################################################
#
# IAR ELF Linker V8.40.2.214/W32 for ARM                  21/Mar/2020  13:19:02
# Copyright 2007-2019 IAR Systems AB.
#
#    Output file  =
#        D:\kraizette\STD\VII-VIII\POIP\PROJECTS\нрвер8\CPP\Debug\Exe\iarproject.out
#    Map file     =
#        D:\kraizette\STD\VII-VIII\POIP\PROJECTS\нрвер8\CPP\Debug\List\iarproject.map
#    Command line =
#        -f C:\Users\User\AppData\Local\Temp\EW6969.tmp
#        (D:\kraizette\STD\VII-VIII\POIP\PROJECTS\нрвер8\CPP\Debug\Obj\croutine.o
#        D:\kraizette\STD\VII-VIII\POIP\PROJECTS\нрвер8\CPP\Debug\Obj\event_groups.o
#        D:\kraizette\STD\VII-VIII\POIP\PROJECTS\нрвер8\CPP\Debug\Obj\irqcontroller.o
#        D:\kraizette\STD\VII-VIII\POIP\PROJECTS\нрвер8\CPP\Debug\Obj\Led1Task.o
#        D:\kraizette\STD\VII-VIII\POIP\PROJECTS\нрвер8\CPP\Debug\Obj\list.o
#        D:\kraizette\STD\VII-VIII\POIP\PROJECTS\нрвер8\CPP\Debug\Obj\main.o
#        D:\kraizette\STD\VII-VIII\POIP\PROJECTS\нрвер8\CPP\Debug\Obj\mytask.o
#        D:\kraizette\STD\VII-VIII\POIP\PROJECTS\нрвер8\CPP\Debug\Obj\port.o
#        D:\kraizette\STD\VII-VIII\POIP\PROJECTS\нрвер8\CPP\Debug\Obj\portasm.o
#        D:\kraizette\STD\VII-VIII\POIP\PROJECTS\нрвер8\CPP\Debug\Obj\queue.o
#        D:\kraizette\STD\VII-VIII\POIP\PROJECTS\нрвер8\CPP\Debug\Obj\rtos.o
#        D:\kraizette\STD\VII-VIII\POIP\PROJECTS\нрвер8\CPP\Debug\Obj\rtosFreeRtos.o
#        D:\kraizette\STD\VII-VIII\POIP\PROJECTS\нрвер8\CPP\Debug\Obj\startupF411RE.o
#        D:\kraizette\STD\VII-VIII\POIP\PROJECTS\нрвер8\CPP\Debug\Obj\tasks.o
#        D:\kraizette\STD\VII-VIII\POIP\PROJECTS\нрвер8\CPP\Debug\Obj\timers.o
#        D:\kraizette\STD\VII-VIII\POIP\PROJECTS\нрвер8\CPP\Debug\Obj\userbutton.o
#        --no_out_extension -o
#        D:\kraizette\STD\VII-VIII\POIP\PROJECTS\нрвер8\CPP\Debug\Exe\iarproject.out
#        --map
#        D:\kraizette\STD\VII-VIII\POIP\PROJECTS\нрвер8\CPP\Debug\List\iarproject.map
#        --config
#        D:\kraizette\STD\VII-VIII\POIP\PROJECTS\нрвер8\CPP\stm32f411xE.icf
#        --semihosting --entry __iar_program_start --vfe --text_out locale)
#
###############################################################################

*******************************************************************************
*** RUNTIME MODEL ATTRIBUTES
***

CppFlavor                     = *
__CPP_Exceptions              = Disabled
__CPP_Language                = C++14
__Heap_Handler                = Basic
__SystemLibrary               = DLib
__dlib_dynamic_initialization = normal
__dlib_version                = 6


*******************************************************************************
*** HEAP SELECTION
***

The basic heap was selected because no calls to memory allocation
functions were found in the application outside of system library
functions, and there are calls to deallocation functions in the
application.


*******************************************************************************
*** PLACEMENT SUMMARY
***

"A0":  place at address 0x800'0000 { ro section .intvec };
"P1":  place in [from 0x800'0000 to 0x807'ffff] { ro };
define block CSTACK with size = 256, alignment = 8 { };
define block HEAP with size = 0, alignment = 8 { };
"P2":  place in [from 0x2000'0000 to 0x2001'ffff] {
          rw, block CSTACK, block HEAP };
initialize by copy { rw };

  Section                Kind         Address    Size  Object
  -------                ----         -------    ----  ------
"A0":                                           0x198
  .intvec                const     0x800'0000   0x198  startupF411RE.o [1]
                                 - 0x800'0198   0x198

"P1":                                          0x2980
  .text                  ro code   0x800'0198   0x8c0  tasks.o [1]
  .text                  ro code   0x800'0a58    0x98  list.o [1]
  .text                  ro code   0x800'0af0   0x188  port.o [1]
  .text                  ro code   0x800'0c78   0x3b4  timers.o [1]
  CODE                   ro code   0x800'102c    0xa8  portasm.o [1]
  .text                  ro code   0x800'10d4   0x63e  queue.o [1]
  .text                  ro code   0x800'1712    0x3a  zero_init3.o [5]
  .text                  ro code   0x800'174c    0xa6  ABImemcpy.o [5]
  .text                  ro code   0x800'17f2    0x2e  copy_init3.o [5]
  .text                  ro code   0x800'1820   0x1ac  event_groups.o [1]
  .text                  ro code   0x800'19cc   0x188  main.o [1]
  .text                  ro code   0x800'1b54    0x18  main.o [1]
  .text                  ro code   0x800'1b6c     0xa  cxxabi.o [3]
  .rodata                const     0x800'1b76     0x1  unwind_debug.o [6]
  .text                  ro code   0x800'1b78    0x18  main.o [1]
  .text                  ro code   0x800'1b90    0x18  main.o [1]
  .text                  ro code   0x800'1ba8    0x1e  main.o [1]
  .text                  ro code   0x800'1bc8    0x20  main.o [1]
  .text                  ro code   0x800'1be8    0x20  main.o [1]
  .text                  ro code   0x800'1c08    0x20  main.o [1]
  .text                  ro code   0x800'1c28     0x2  main.o [1]
  .text                  ro code   0x800'1c2a    0x2e  rtos.o [1]
  .text                  ro code   0x800'1c58    0xce  rtosFreeRtos.o [1]
  .text                  ro code   0x800'1d28    0xa0  cppinit.o [2]
  .text                  ro code   0x800'1dc8     0x8  main.o [1]
  .text                  ro code   0x800'1dd0     0x2  main.o [1]
  .text                  ro code   0x800'1dd2    0x3c  mytask.o [1]
  .text                  ro code   0x800'1e0e     0x6  main.o [1]
  .text                  ro code   0x800'1e14    0x20  mytask.o [1]
  .text                  ro code   0x800'1e34     0x4  mytask.o [1]
  .text                  ro code   0x800'1e38    0x20  mytask.o [1]
  .text                  ro code   0x800'1e58    0x20  mytask.o [1]
  .text                  ro code   0x800'1e78    0x20  mytask.o [1]
  .text                  ro code   0x800'1e98    0x1c  mytask.o [1]
  .text                  ro code   0x800'1eb4    0x1c  mytask.o [1]
  .text                  ro code   0x800'1ed0    0x1c  mytask.o [1]
  .text                  ro code   0x800'1eec    0x1c  mytask.o [1]
  .text                  ro code   0x800'1f08     0x8  mytask.o [1]
  .text                  ro code   0x800'1f10     0x8  mytask.o [1]
  .text                  ro code   0x800'1f18     0x8  mytask.o [1]
  .text                  ro code   0x800'1f20    0x1c  mytask.o [1]
  .text                  ro code   0x800'1f3c    0x1c  mytask.o [1]
  .text                  ro code   0x800'1f58    0x1c  mytask.o [1]
  .text                  ro code   0x800'1f74     0x8  mytask.o [1]
  .text                  ro code   0x800'1f7c     0x2  mytask.o [1]
  .text                  ro code   0x800'1f7e    0x5e  Led1Task.o [1]
  .text                  ro code   0x800'1fdc     0x8  Led1Task.o [1]
  .text                  ro code   0x800'1fe4    0x10  Led1Task.o [1]
  .text                  ro code   0x800'1ff4     0x8  Led1Task.o [1]
  .text                  ro code   0x800'1ffc     0x8  Led1Task.o [1]
  .text                  ro code   0x800'2004     0x8  Led1Task.o [1]
  .text                  ro code   0x800'200c     0x8  Led1Task.o [1]
  .text                  ro code   0x800'2014     0x8  Led1Task.o [1]
  .text                  ro code   0x800'201c     0x8  Led1Task.o [1]
  .text                  ro code   0x800'2024     0x2  Led1Task.o [1]
  .rodata                const     0x800'2028    0x4c  mytask.o [1]
  .rodata                const     0x800'2074    0x4c  mytask.o [1]
  .rodata                const     0x800'20c0    0x4c  mytask.o [1]
  .text                  ro code   0x800'210c    0x3e  mytask.o [1]
  .text                  ro code   0x800'214c    0x20  mytask.o [1]
  .text                  ro code   0x800'216c     0xa  mytask.o [1]
  .text                  ro code   0x800'2176    0x10  mytask.o [1]
  .text                  ro code   0x800'2186    0x10  mytask.o [1]
  .text                  ro code   0x800'2196     0xa  mytask.o [1]
  .text                  ro code   0x800'21a0     0x6  mytask.o [1]
  .text                  ro code   0x800'21a6     0x4  mytask.o [1]
  .text                  ro code   0x800'21aa    0x3a  mytask.o [1]
  .text                  ro code   0x800'21e4    0x14  mytask.o [1]
  .text                  ro code   0x800'21f8    0x14  mytask.o [1]
  .text                  ro code   0x800'220c     0x8  mytask.o [1]
  .text                  ro code   0x800'2214     0xe  mytask.o [1]
  .text                  ro code   0x800'2222    0x14  mytask.o [1]
  .text                  ro code   0x800'2236     0x8  mytask.o [1]
  .text                  ro code   0x800'223e     0xe  mytask.o [1]
  .text                  ro code   0x800'224c     0x4  mytask.o [1]
  .text                  ro code   0x800'2250     0x8  mytask.o [1]
  .text                  ro code   0x800'2258    0x12  mytask.o [1]
  .text                  ro code   0x800'226a     0x2  mytask.o [1]
  .text                  ro code   0x800'226c     0x8  mytask.o [1]
  .text                  ro code   0x800'2274     0x8  mytask.o [1]
  .text                  ro code   0x800'227c    0x3a  mytask.o [1]
  .text                  ro code   0x800'22b6    0x10  mytask.o [1]
  Initializer bytes      const     0x800'22c8    0x38  <for P2-1>
  .text                  ro code   0x800'2300    0x30  main.o [1]
  .text                  ro code   0x800'2330     0x8  mytask.o [1]
  .text                  ro code   0x800'2338    0x30  mytask.o [1]
  .text                  ro code   0x800'2368    0x24  ABIassert.o [6]
  .text                  ro code   0x800'238c     0x6  abort.o [2]
  .text                  ro code   0x800'2394    0x14  exit.o [6]
  .text                  ro code   0x800'23a8    0x30  mytask.o [1]
  .text                  ro code   0x800'23d8    0x2e  Led1Task.o [1]
  .text                  ro code   0x800'2406     0x4  Led1Task.o [1]
  .text                  ro code   0x800'240a     0x6  Led1Task.o [1]
  .text                  ro code   0x800'2410     0x4  Led1Task.o [1]
  .text                  ro code   0x800'2414    0x2e  mytask.o [1]
  .text                  ro code   0x800'2442    0x2e  mytask.o [1]
  .text                  ro code   0x800'2470    0x2e  mytask.o [1]
  .text                  ro code   0x800'24a0    0x2c  Led1Task.o [1]
  .text                  ro code   0x800'24cc    0x20  Led1Task.o [1]
  .text                  ro code   0x800'24ec     0xe  Led1Task.o [1]
  .text                  ro code   0x800'24fa    0x1c  Led1Task.o [1]
  .text                  ro code   0x800'2518    0x2c  mytask.o [1]
  .text                  ro code   0x800'2544    0x2c  mytask.o [1]
  .text                  ro code   0x800'2570    0x28  main.o [1]
  .text                  ro code   0x800'2598    0x20  mytask.o [1]
  .text                  ro code   0x800'25b8    0x10  mytask.o [1]
  .text                  ro code   0x800'25c8    0x14  mytask.o [1]
  .text                  ro code   0x800'25dc    0x20  mytask.o [1]
  .text                  ro code   0x800'25fc     0x8  mytask.o [1]
  .text                  ro code   0x800'2604    0x1c  mytask.o [1]
  .text                  ro code   0x800'2620     0x4  mytask.o [1]
  .text                  ro code   0x800'2624     0x8  mytask.o [1]
  .text                  ro code   0x800'262c    0x1c  mytask.o [1]
  .text                  ro code   0x800'2648    0x28  data_init.o [5]
  .text                  ro code   0x800'2670    0x24  mytask.o [1]
  .text                  ro code   0x800'2694     0xa  mytask.o [1]
  .text                  ro code   0x800'26a0    0x22  fpinit_M.o [4]
  .iar.init_table        const     0x800'26c4    0x28  - Linker created -
  .text                  ro code   0x800'26ec    0x20  cmain_call_ctors.o [5]
  .text                  ro code   0x800'270c    0x1e  cmain.o [5]
  .text                  ro code   0x800'272a     0x4  exit.o [2]
  .text                  ro code   0x800'2730     0xe  cexit.o [5]
  .rodata                const     0x800'2740    0x1c  mytask.o [1]
  .rodata                const     0x800'275c    0x1c  mytask.o [1]
  .rodata                const     0x800'2778    0x1c  mytask.o [1]
  .rodata                const     0x800'2794    0x1c  mytask.o [1]
  .rodata                const     0x800'27b0    0x1c  mytask.o [1]
  .rodata                const     0x800'27cc    0x1c  mytask.o [1]
  .rodata                const     0x800'27e8    0x1c  mytask.o [1]
  .rodata                const     0x800'2804    0x1c  mytask.o [1]
  .rodata                const     0x800'2820    0x1c  mytask.o [1]
  .text                  ro code   0x800'283c    0x1c  main.o [1]
  .text                  ro code   0x800'2858    0x1a  mytask.o [1]
  .text                  ro code   0x800'2872    0x1a  mytask.o [1]
  .text                  ro code   0x800'288c    0x1a  mytask.o [1]
  .text                  ro code   0x800'28a6    0x1a  mytask.o [1]
  .rodata                const     0x800'28c0    0x18  mytask.o [1]
  .rodata                const     0x800'28d8    0x18  mytask.o [1]
  .rodata                const     0x800'28f0    0x18  mytask.o [1]
  .text                  ro code   0x800'2908    0x18  irqcontroller.o [1]
  .text                  ro code   0x800'2920     0x2  userbutton.o [1]
  .text                  ro code   0x800'2922    0x14  rtosFreeRtos.o [1]
  .text                  ro code   0x800'2936    0x12  mytask.o [1]
  .text                  ro code   0x800'2948    0x12  startupF411RE.o [1]
  .rodata                const     0x800'295c    0x10  main.o [1]
  .rodata                const     0x800'296c    0x10  mytask.o [1]
  .rodata                const     0x800'297c    0x10  mytask.o [1]
  .rodata                const     0x800'298c    0x10  mytask.o [1]
  .rodata                const     0x800'299c    0x10  mytask.o [1]
  .rodata                const     0x800'29ac    0x10  mytask.o [1]
  .rodata                const     0x800'29bc    0x10  mytask.o [1]
  .text                  ro code   0x800'29cc     0xe  main.o [1]
  .text                  ro code   0x800'29da     0xe  main.o [1]
  .text                  ro code   0x800'29e8     0xe  mytask.o [1]
  .text                  ro code   0x800'29f6     0xe  mytask.o [1]
  .text                  ro code   0x800'2a04     0xe  mytask.o [1]
  .text                  ro code   0x800'2a12     0xe  mytask.o [1]
  .text                  ro code   0x800'2a20     0xe  mytask.o [1]
  .text                  ro code   0x800'2a2e     0xe  mytask.o [1]
  .text                  ro code   0x800'2a3c     0xe  mytask.o [1]
  .text                  ro code   0x800'2a4a     0xe  mytask.o [1]
  .text                  ro code   0x800'2a58     0xe  mytask.o [1]
  .text                  ro code   0x800'2a66     0xe  mytask.o [1]
  .text                  ro code   0x800'2a74     0xe  mytask.o [1]
  .text                  ro code   0x800'2a82     0xe  mytask.o [1]
  .rodata                const     0x800'2a90     0xc  Led1Task.o [1]
  .rodata                const     0x800'2a9c     0xc  main.o [1]
  .rodata                const     0x800'2aa8     0xc  main.o [1]
  .rodata                const     0x800'2ab4     0xc  main.o [1]
  .rodata                const     0x800'2ac0     0xc  main.o [1]
  .rodata                const     0x800'2acc     0xc  main.o [1]
  .rodata                const     0x800'2ad8     0xc  mytask.o [1]
  .text                  ro code   0x800'2ae4     0xc  mytask.o [1]
  .rodata                const     0x800'2af0     0x8  tasks.o [1]
  .rodata                const     0x800'2af8     0x8  timers.o [1]
  .rodata                const     0x800'2b00     0x8  timers.o [1]
  .text                  ro code   0x800'2b08     0x8  rtosFreeRtos.o [1]
  .rodata                const     0x800'2b10     0x4  port.o [1]
  SHT$$PREINIT_ARRAY               0x800'2b14     0x0  <Block>
  SHT$$INIT_ARRAY                  0x800'2b14     0x4  <Block>
    .init_array          const     0x800'2b14     0x4  main.o [1]
  __iar_tls$$INIT_ARRAY            0x800'2b18     0x0  <Block>
  .text                  ro code   0x800'2b18     0x0  cstart_call_dtors.o [5]
  .rodata                const     0x800'2b18     0x0  zero_init3.o [5]
  .rodata                const     0x800'2b18     0x0  copy_init3.o [5]
                                 - 0x800'2b18  0x2980

"P2", part 1 of 3:                               0x38
  P2-1                            0x2000'0000    0x38  <Init block>
    .data                inited   0x2000'0000     0x4  main.o [1]
    .data                inited   0x2000'0004     0x8  mytask.o [1]
    .data                inited   0x2000'000c     0x8  mytask.o [1]
    .data                inited   0x2000'0014     0x8  mytask.o [1]
    .data                inited   0x2000'001c     0x8  mytask.o [1]
    .data                inited   0x2000'0024     0x8  mytask.o [1]
    .data                inited   0x2000'002c     0x8  mytask.o [1]
    .data                inited   0x2000'0034     0x4  port.o [1]
                                - 0x2000'0038    0x38

"P2", part 2 of 3:                             0x17f4
  .bss                   zero     0x2000'0038   0x400  main.o [1]
  .bss                   zero     0x2000'0438   0x400  main.o [1]
  .bss                   zero     0x2000'0838   0x400  main.o [1]
  .bss                   zero     0x2000'0c38   0x400  tasks.o [1]
  .bss                   zero     0x2000'1038   0x200  tasks.o [1]
  .bss                   zero     0x2000'1238    0xa0  timers.o [1]
  .bss                   zero     0x2000'12d8    0x74  main.o [1]
  .bss                   zero     0x2000'134c    0x6c  main.o [1]
  .bss                   zero     0x2000'13b8    0x6c  main.o [1]
  .bss                   zero     0x2000'1424    0x6c  main.o [1]
  .bss                   zero     0x2000'1490    0x64  tasks.o [1]
  .bss                   zero     0x2000'14f4    0x5c  main.o [1]
  .bss                   zero     0x2000'1550    0x5c  main.o [1]
  .bss                   zero     0x2000'15ac    0x50  tasks.o [1]
  .bss                   zero     0x2000'15fc    0x50  tasks.o [1]
  .bss                   zero     0x2000'164c    0x48  timers.o [1]
  .bss                   zero     0x2000'1694    0x40  queue.o [1]
  .bss                   zero     0x2000'16d4    0x24  main.o [1]
  .bss                   zero     0x2000'16f8    0x1c  Led1Task.o [1]
  .bss                   zero     0x2000'1714    0x14  tasks.o [1]
  .bss                   zero     0x2000'1728    0x14  tasks.o [1]
  .bss                   zero     0x2000'173c    0x14  tasks.o [1]
  .bss                   zero     0x2000'1750    0x14  tasks.o [1]
  .bss                   zero     0x2000'1764    0x14  timers.o [1]
  .bss                   zero     0x2000'1778    0x14  timers.o [1]
  .bss                   zero     0x2000'178c    0x10  mytask.o [1]
  .bss                   zero     0x2000'179c     0x8  mytask.o [1]
  .bss                   zero     0x2000'17a4     0x8  mytask.o [1]
  .bss                   zero     0x2000'17ac     0x8  mytask.o [1]
  .bss                   zero     0x2000'17b4     0x8  mytask.o [1]
  .bss                   zero     0x2000'17bc     0x8  mytask.o [1]
  .bss                   zero     0x2000'17c4     0x4  mytask.o [1]
  .bss                   zero     0x2000'17c8     0x4  port.o [1]
  .bss                   zero     0x2000'17cc     0x4  tasks.o [1]
  .bss                   zero     0x2000'17d0     0x4  tasks.o [1]
  .bss                   zero     0x2000'17d4     0x4  tasks.o [1]
  .bss                   zero     0x2000'17d8     0x4  tasks.o [1]
  .bss                   zero     0x2000'17dc     0x4  tasks.o [1]
  .bss                   zero     0x2000'17e0     0x4  tasks.o [1]
  .bss                   zero     0x2000'17e4     0x4  tasks.o [1]
  .bss                   zero     0x2000'17e8     0x4  tasks.o [1]
  .bss                   zero     0x2000'17ec     0x4  tasks.o [1]
  .bss                   zero     0x2000'17f0     0x4  tasks.o [1]
  .bss                   zero     0x2000'17f4     0x4  tasks.o [1]
  .bss                   zero     0x2000'17f8     0x4  tasks.o [1]
  .bss                   zero     0x2000'17fc     0x4  tasks.o [1]
  .bss                   zero     0x2000'1800     0x4  tasks.o [1]
  .bss                   zero     0x2000'1804     0x4  timers.o [1]
  .bss                   zero     0x2000'1808     0x4  timers.o [1]
  .bss                   zero     0x2000'180c     0x4  timers.o [1]
  .bss                   zero     0x2000'1810     0x4  timers.o [1]
  .bss                   zero     0x2000'1814     0x4  timers.o [1]
  .bss                   zero     0x2000'1818     0x4  cppinit.o [2]
  .bss                   zero     0x2000'181c     0x4  cppinit.o [2]
  .bss                   zero     0x2000'1820     0x1  Led1Task.o [1]
  .bss                   zero     0x2000'1821     0x1  mytask.o [1]
  .bss                   zero     0x2000'1822     0x1  mytask.o [1]
  .bss                   zero     0x2000'1823     0x1  mytask.o [1]
  .bss                   zero     0x2000'1824     0x1  mytask.o [1]
  .bss                   zero     0x2000'1825     0x1  mytask.o [1]
  .bss                   zero     0x2000'1826     0x1  mytask.o [1]
  .bss                   zero     0x2000'1827     0x1  mytask.o [1]
  .bss                   zero     0x2000'1828     0x1  port.o [1]
                                - 0x2000'1829  0x17f1

"P2", part 3 of 3:                              0x29c
  .iar.dynexit                    0x2000'182c   0x198  <Block>
    .iar.dynexit         uninit   0x2000'182c     0xc  cppinit.o [2]
    .iar.dynexit         uninit   0x2000'1838   0x18c  <Block tail>
  CSTACK                          0x2000'19c8   0x100  <Block>
    CSTACK               uninit   0x2000'19c8   0x100  <Block tail>
                                - 0x2000'1ac8   0x29c

Unused ranges:

         From           To      Size
         ----           --      ----
   0x800'2b18   0x807'ffff  0x7'd4e8
  0x2000'1ac8  0x2001'ffff  0x1'e538


*******************************************************************************
*** INIT TABLE
***

          Address      Size
          -------      ----
Zero (__iar_zero_init3)
    1 destination range, total size 0x17f1:
          0x2000'0038  0x17f1

Copy (__iar_copy_init3)
    1 source range, total size 0x38:
           0x800'22c8    0x38
    1 destination range, total size 0x38:
          0x2000'0000    0x38

Extra (__iar_cstart_call_ctors)



*******************************************************************************
*** MODULE SUMMARY
***

    Module               ro code  ro data  rw data
    ------               -------  -------  -------
command line/config:
    ----------------------------------------------
    Total:

D:\kraizette\STD\VII-VIII\POIP\PROJECTS\нрвер8\CPP\Debug\Obj: [1]
    Led1Task.o               346       12       29
    event_groups.o           428
    irqcontroller.o           24
    list.o                   152
    main.o                   752       84    3'736
    mytask.o               1'716      708      115
    port.o                   392        8        9
    portasm.o                168
    queue.o                1'598                64
    rtos.o                    46
    rtosFreeRtos.o           234
    startupF411RE.o           18      408
    tasks.o                2'240        8    1'932
    timers.o                 948       16      292
    userbutton.o               2
    ----------------------------------------------
    Total:                 9'064    1'244    6'177

dl7M_tln.a: [2]
    abort.o                    6
    cppinit.o                160                20
    exit.o                     4
    ----------------------------------------------
    Total:                   170                20

dlpp7M_tl_nc.a: [3]
    cxxabi.o                  10
    ----------------------------------------------
    Total:                    10

m7M_tls.a: [4]
    fpinit_M.o                34
    ----------------------------------------------
    Total:                    34

rt7M_tl.a: [5]
    ABImemcpy.o              166
    cexit.o                   14
    cmain.o                   30
    cmain_call_ctors.o        32
    copy_init3.o              46
    cstart_call_dtors.o
    data_init.o               40
    zero_init3.o              58
    ----------------------------------------------
    Total:                   386

shb_l.a: [6]
    ABIassert.o               36
    exit.o                    20
    unwind_debug.o                      1
    ----------------------------------------------
    Total:                    56        1

    Gaps                      17        8
    Linker created                     42      652
--------------------------------------------------
    Grand Total:           9'737    1'295    6'849


*******************************************************************************
*** ENTRY LIST
***

Entry                       Address   Size  Type      Object
-----                       -------   ----  ----      ------
.iar.dynexit$$Base      0x2000'182c          --   Gb  - Linker created -
.iar.dynexit$$Limit     0x2000'19c4          --   Gb  - Linker created -
.iar.init_table$$Base    0x800'26c4          --   Gb  - Linker created -
.iar.init_table$$Limit   0x800'26ec          --   Gb  - Linker created -
?main                    0x800'270d         Code  Gb  cmain.o [5]
Button::Button(IPort &)
                         0x800'2621    0x4  Code  Gb  mytask.o [1]
Button::Button(IPort &) [subobject]
                         0x800'25fd    0x8  Code  Gb  mytask.o [1]
Button::IsPressed() const
                         0x800'25b9   0x10  Code  Gb  mytask.o [1]
CSTACK$$Base            0x2000'19c8          --   Gb  - Linker created -
CSTACK$$Limit           0x2000'1ac8          --   Gb  - Linker created -
DtorRecArray            0x2000'182c    0xc  Data  Lc  cppinit.o [2]
DummyModule::handler()   0x800'2949    0x2  Code  Gb  startupF411RE.o [1]
GpioPort<(unsigned long)13>::Clear()
                         0x800'2a21    0xe  Code  Gb  mytask.o [1]
GpioPort<(unsigned long)13>::GetState() const
                         0x800'2859   0x1a  Code  Gb  mytask.o [1]
GpioPort<(unsigned long)13>::GpioPort(GPIO_TypeDef &)
                         0x800'262d   0x1c  Code  Gb  mytask.o [1]
GpioPort<(unsigned long)13>::GpioPort(GPIO_TypeDef &) [subobject]
                         0x800'2625    0x8  Code  Gb  mytask.o [1]
GpioPort<(unsigned long)13>::Set()
                         0x800'29e9    0xe  Code  Gb  mytask.o [1]
GpioPort<(unsigned long)13>::Toggle()
                         0x800'2a59    0xe  Code  Gb  mytask.o [1]
GpioPort<(unsigned long)5>::Clear()
                         0x800'2a2f    0xe  Code  Gb  mytask.o [1]
GpioPort<(unsigned long)5>::GetState() const
                         0x800'2873   0x1a  Code  Gb  mytask.o [1]
GpioPort<(unsigned long)5>::GpioPort(GPIO_TypeDef &)
                         0x800'1f21   0x1c  Code  Gb  mytask.o [1]
GpioPort<(unsigned long)5>::GpioPort(GPIO_TypeDef &) [subobject]
                         0x800'1f09    0x8  Code  Gb  mytask.o [1]
GpioPort<(unsigned long)5>::Set()
                         0x800'29f7    0xe  Code  Gb  mytask.o [1]
GpioPort<(unsigned long)5>::Toggle()
                         0x800'2a67    0xe  Code  Gb  mytask.o [1]
GpioPort<(unsigned long)8>::Clear()
                         0x800'2a4b    0xe  Code  Gb  mytask.o [1]
GpioPort<(unsigned long)8>::GetState() const
                         0x800'28a7   0x1a  Code  Gb  mytask.o [1]
GpioPort<(unsigned long)8>::GpioPort(GPIO_TypeDef &)
                         0x800'1f59   0x1c  Code  Gb  mytask.o [1]
GpioPort<(unsigned long)8>::GpioPort(GPIO_TypeDef &) [subobject]
                         0x800'1f19    0x8  Code  Gb  mytask.o [1]
GpioPort<(unsigned long)8>::Set()
                         0x800'2a13    0xe  Code  Gb  mytask.o [1]
GpioPort<(unsigned long)8>::Toggle()
                         0x800'2a83    0xe  Code  Gb  mytask.o [1]
GpioPort<(unsigned long)9>::Clear()
                         0x800'2a3d    0xe  Code  Gb  mytask.o [1]
GpioPort<(unsigned long)9>::GetState() const
                         0x800'288d   0x1a  Code  Gb  mytask.o [1]
GpioPort<(unsigned long)9>::GpioPort(GPIO_TypeDef &)
                         0x800'1f3d   0x1c  Code  Gb  mytask.o [1]
GpioPort<(unsigned long)9>::GpioPort(GPIO_TypeDef &) [subobject]
                         0x800'1f11    0x8  Code  Gb  mytask.o [1]
GpioPort<(unsigned long)9>::Set()
                         0x800'2a05    0xe  Code  Gb  mytask.o [1]
GpioPort<(unsigned long)9>::Toggle()
                         0x800'2a75    0xe  Code  Gb  mytask.o [1]
GpioPortA<(unsigned long)5>::GpioPortA()
                         0x800'1e99   0x1c  Code  Gb  mytask.o [1]
GpioPortC<(unsigned long)13>::GpioPortC()
                         0x800'2605   0x1c  Code  Gb  mytask.o [1]
GpioPortC<(unsigned long)5>::GpioPortC()
                         0x800'1eed   0x1c  Code  Gb  mytask.o [1]
GpioPortC<(unsigned long)8>::GpioPortC()
                         0x800'1ed1   0x1c  Code  Gb  mytask.o [1]
GpioPortC<(unsigned long)9>::GpioPortC()
                         0x800'1eb5   0x1c  Code  Gb  mytask.o [1]
IPort::IPort()           0x800'1f7d    0x2  Code  Gb  mytask.o [1]
IPort::IPort() [subobject]
                         0x800'1f75    0x8  Code  Gb  mytask.o [1]
Initialization guard variable for Singleton<GpioPortA<(unsigned long)5>>::GetInstance()::instance
                        0x2000'1824    0x1  Data  Gb  mytask.o [1]
Initialization guard variable for Singleton<GpioPortC<(unsigned long)13>>::GetInstance()::instance
                        0x2000'1822    0x1  Data  Gb  mytask.o [1]
Initialization guard variable for Singleton<GpioPortC<(unsigned long)5>>::GetInstance()::instance
                        0x2000'1827    0x1  Data  Gb  mytask.o [1]
Initialization guard variable for Singleton<GpioPortC<(unsigned long)8>>::GetInstance()::instance
                        0x2000'1826    0x1  Data  Gb  mytask.o [1]
Initialization guard variable for Singleton<GpioPortC<(unsigned long)9>>::GetInstance()::instance
                        0x2000'1825    0x1  Data  Gb  mytask.o [1]
Initialization guard variable for Singleton<LedsController>::GetInstance()::instance
                        0x2000'1820    0x1  Data  Gb  Led1Task.o [1]
Initialization guard variable for Singleton<LedsDriver>::GetInstance()::instance
                        0x2000'1823    0x1  Data  Gb  mytask.o [1]
Initialization guard variable for Singleton<UserButton>::GetInstance()::instance
                        0x2000'1821    0x1  Data  Gb  mytask.o [1]
IrqController::HandleIrqExtiLine15_10()
                         0x800'2909   0x18  Code  Gb  irqcontroller.o [1]
Led * std::_Addressof<Led>(Led &, std::integral_constant<bool, (bool)0>)
                         0x800'226b    0x2  Code  Gb  mytask.o [1]
Led * std::addressof<Led>(Led &)
                         0x800'2237    0x8  Code  Gb  mytask.o [1]
Led1Task::Execute()      0x800'24a1   0x2c  Code  Gb  Led1Task.o [1]
Led1Task::Led1Task()     0x800'1b91   0x18  Code  Gb  main.o [1]
Led23Task::Execute()     0x800'2301   0x30  Code  Gb  main.o [1]
Led23Task::Led23Task()   0x800'1be9   0x20  Code  Gb  main.o [1]
Led23Task::Stack        0x2000'0438  0x400  Data  Gb  main.o [1]
Led::Led(IPort &)        0x800'1e35    0x4  Code  Gb  mytask.o [1]
Led::SwitchOff()         0x800'2177   0x10  Code  Gb  mytask.o [1]
Led::SwitchOn()          0x800'2187   0x10  Code  Gb  mytask.o [1]
Led::Toggle()            0x800'22b7   0x10  Code  Gb  mytask.o [1]
LedsController::LedsController()
                         0x800'1f7f   0x5e  Code  Gb  Led1Task.o [1]
LedsController::NextMode()
                         0x800'23d9   0x2e  Code  Gb  Led1Task.o [1]
LedsController::Update(unsigned char)
                         0x800'24fb   0x1c  Code  Gb  Led1Task.o [1]
LedsDriver::GetLed(LedNum)
                         0x800'216d    0xa  Code  Gb  mytask.o [1]
LedsDriver::GetLedsCount()
                         0x800'2197    0xa  Code  Gb  mytask.o [1]
LedsDriver::LedsDriver()
                         0x800'1dd3   0x3c  Code  Gb  mytask.o [1]
LedsDriver::SwitchOffAll()
                         0x800'21ab   0x3a  Code  Gb  mytask.o [1]
LedsDriver::ToggleAll()
                         0x800'227d   0x3a  Code  Gb  mytask.o [1]
LedsMode * std::_Addressof<LedsMode>(LedsMode &, std::integral_constant<bool, (bool)0>)
                         0x800'2025    0x2  Code  Gb  Led1Task.o [1]
LedsMode * std::addressof<LedsMode>(LedsMode &)
                         0x800'201d    0x8  Code  Gb  Led1Task.o [1]
LedsMode::Do(unsigned char)
                         0x800'2ae5    0xc  Code  Gb  mytask.o [1]
LedsMode::Reset()        0x800'2937   0x12  Code  Gb  mytask.o [1]
LedsModeAdc::Do(unsigned char)
                         0x800'210d   0x3e  Code  Gb  mytask.o [1]
LedsModeChess::Reset()   0x800'2415   0x2e  Code  Gb  mytask.o [1]
LedsModeFirstPair::Reset()
                         0x800'2443   0x2e  Code  Gb  mytask.o [1]
LedsModeInsideOutside::Reset()
                         0x800'2471   0x2e  Code  Gb  mytask.o [1]
LedsModeTree::Do(unsigned char)
                         0x800'23a9   0x30  Code  Gb  mytask.o [1]
My23Led                 0x2000'13b8   0x6c  Data  Gb  main.o [1]
MyButton                0x2000'1424   0x6c  Data  Gb  main.o [1]
MyButtonTask::Execute()
                         0x800'2571   0x28  Code  Gb  main.o [1]
MyButtonTask::MyButtonTask()
                         0x800'1c09   0x20  Code  Gb  main.o [1]
MyButtonTask::Stack     0x2000'0838  0x400  Data  Gb  main.o [1]
MyLedTask::Execute()     0x800'283d   0x1c  Code  Gb  main.o [1]
MyLedTask::MyLedTask()   0x800'1bc9   0x20  Code  Gb  main.o [1]
MyLedTask::Stack        0x2000'0038  0x400  Data  Gb  main.o [1]
MyTask::Execute()        0x800'2671   0x24  Code  Gb  mytask.o [1]
MyTask::MyTask()         0x800'1b79   0x18  Code  Gb  main.o [1]
OsWrapper::Event::Event(unsigned int, unsigned int)
                         0x800'1b55   0x18  Code  Gb  main.o [1]
OsWrapper::Event::Signal()
                         0x800'2695    0xa  Code  Gb  mytask.o [1]
OsWrapper::Event::Wait(OsWrapper::EventMode, unsigned int) const
                         0x800'24ed    0xe  Code  Gb  Led1Task.o [1]
OsWrapper::Event::~Event()
                         0x800'29db    0xe  Code  Gb  main.o [1]
OsWrapper::MailBox<int, (unsigned short)10>::MailBox()
                         0x800'1ba9   0x1e  Code  Gb  main.o [1]
OsWrapper::MailBox<int, (unsigned short)10>::~MailBox()
                         0x800'29cd    0xe  Code  Gb  main.o [1]
OsWrapper::Rtos::CreateThread(OsWrapper::Thread &, unsigned int *, char const *, OsWrapper::ThreadPriority, unsigned short)
                         0x800'1c2b   0x16  Code  Gb  rtos.o [1]
OsWrapper::Rtos::HandleSvcInterrupt()
                         0x800'1c49    0x8  Code  Gb  rtos.o [1]
OsWrapper::Rtos::HandleSysTickInterrupt()
                         0x800'1c51    0x8  Code  Gb  rtos.o [1]
OsWrapper::Rtos::Run(void *)
                         0x800'2b09    0x8  Code  Gb  rtosFreeRtos.o [1]
OsWrapper::Rtos::Start()
                         0x800'1c41    0x8  Code  Gb  rtos.o [1]
OsWrapper::Thread::Run()
                         0x800'2923   0x14  Code  Gb  rtosFreeRtos.o [1]
OsWrapper::Thread::Sleep(unsigned int)
                         0x800'2331    0x8  Code  Gb  mytask.o [1]
OsWrapper::Thread::Thread()
                         0x800'1e0f    0x6  Code  Gb  main.o [1]
OsWrapper::Thread::Thread() [subobject]
                         0x800'1dc9    0x8  Code  Gb  main.o [1]
OsWrapper::wCreateEvent(xSTATIC_EVENT_GROUP &)
                         0x800'1c9f    0x8  Code  Gb  rtosFreeRtos.o [1]
OsWrapper::wCreateThread(OsWrapper::Thread &, char const *, OsWrapper::ThreadPriority, unsigned short, unsigned int *)
                         0x800'1c59   0x26  Code  Gb  rtosFreeRtos.o [1]
OsWrapper::wDeleteEvent(void *&)
                         0x800'1ca7    0xa  Code  Gb  rtosFreeRtos.o [1]
OsWrapper::wGetTicks()   0x800'1d05    0x8  Code  Gb  rtosFreeRtos.o [1]
OsWrapper::wHandleSvcInterrupt()
                         0x800'1c87    0x8  Code  Gb  rtosFreeRtos.o [1]
OsWrapper::wHandleSysTickInterrupt()
                         0x800'1c8f    0x8  Code  Gb  rtosFreeRtos.o [1]
OsWrapper::wMailBoxCreate(unsigned short, unsigned short, unsigned char *, xSTATIC_QUEUE &)
                         0x800'1d0d   0x10  Code  Gb  rtosFreeRtos.o [1]
OsWrapper::wMailBoxDelete(void *&)
                         0x800'1d1d    0xa  Code  Gb  rtosFreeRtos.o [1]
OsWrapper::wSignalEvent(void *const &, unsigned int)
                         0x800'1cb1   0x2e  Code  Gb  rtosFreeRtos.o [1]
OsWrapper::wSleep(unsigned int)
                         0x800'1c97    0x8  Code  Gb  rtosFreeRtos.o [1]
OsWrapper::wStart()      0x800'1c7f    0x8  Code  Gb  rtosFreeRtos.o [1]
OsWrapper::wWaitEvent(void *const &, unsigned int, unsigned int, OsWrapper::EventMode)
                         0x800'1ced   0x18  Code  Gb  rtosFreeRtos.o [1]
Region$$Table$$Base      0x800'26c4          --   Gb  - Linker created -
Region$$Table$$Limit     0x800'26ec          --   Gb  - Linker created -
SHT$$INIT_ARRAY$$Base    0x800'2b14          --   Gb  - Linker created -
SHT$$INIT_ARRAY$$Limit   0x800'2b18          --   Gb  - Linker created -
SHT$$PREINIT_ARRAY$$Base
                         0x800'2b14          --   Gb  - Linker created -
SHT$$PREINIT_ARRAY$$Limit
                         0x800'2b14          --   Gb  - Linker created -
Singleton<GpioPortA<(unsigned long)5>>::GetInstance()
                         0x800'1e15   0x20  Code  Gb  mytask.o [1]
Singleton<GpioPortA<(unsigned long)5>>::GetInstance()::instance
                        0x2000'17a4    0x8  Data  Gb  mytask.o [1]
Singleton<GpioPortC<(unsigned long)13>>::GetInstance()
                         0x800'25dd   0x20  Code  Gb  mytask.o [1]
Singleton<GpioPortC<(unsigned long)13>>::GetInstance()::instance
                        0x2000'179c    0x8  Data  Gb  mytask.o [1]
Singleton<GpioPortC<(unsigned long)5>>::GetInstance()
                         0x800'1e79   0x20  Code  Gb  mytask.o [1]
Singleton<GpioPortC<(unsigned long)5>>::GetInstance()::instance
                        0x2000'17bc    0x8  Data  Gb  mytask.o [1]
Singleton<GpioPortC<(unsigned long)8>>::GetInstance()
                         0x800'1e59   0x20  Code  Gb  mytask.o [1]
Singleton<GpioPortC<(unsigned long)8>>::GetInstance()::instance
                        0x2000'17b4    0x8  Data  Gb  mytask.o [1]
Singleton<GpioPortC<(unsigned long)9>>::GetInstance()
                         0x800'1e39   0x20  Code  Gb  mytask.o [1]
Singleton<GpioPortC<(unsigned long)9>>::GetInstance()::instance
                        0x2000'17ac    0x8  Data  Gb  mytask.o [1]
Singleton<LedsController>::GetInstance()
                         0x800'24cd   0x20  Code  Gb  Led1Task.o [1]
Singleton<LedsController>::GetInstance()::instance
                        0x2000'16f8   0x1c  Data  Gb  Led1Task.o [1]
Singleton<LedsDriver>::GetInstance()
                         0x800'214d   0x20  Code  Gb  mytask.o [1]
Singleton<LedsDriver>::GetInstance()::instance
                        0x2000'178c   0x10  Data  Gb  mytask.o [1]
Singleton<LedsModeAdc>::GetInstance()
                         0x800'2015    0x8  Code  Gb  Led1Task.o [1]
Singleton<LedsModeAdc>::GetInstance()::instance
                        0x2000'002c    0x8  Data  Gb  mytask.o [1]
Singleton<LedsModeAll>::GetInstance()
                         0x800'1ffd    0x8  Code  Gb  Led1Task.o [1]
Singleton<LedsModeAll>::GetInstance()::instance
                        0x2000'0014    0x8  Data  Gb  mytask.o [1]
Singleton<LedsModeChess>::GetInstance()
                         0x800'1ff5    0x8  Code  Gb  Led1Task.o [1]
Singleton<LedsModeChess>::GetInstance()::instance
                        0x2000'000c    0x8  Data  Gb  mytask.o [1]
Singleton<LedsModeFirstPair>::GetInstance()
                         0x800'2005    0x8  Code  Gb  Led1Task.o [1]
Singleton<LedsModeFirstPair>::GetInstance()::instance
                        0x2000'001c    0x8  Data  Gb  mytask.o [1]
Singleton<LedsModeInsideOutside>::GetInstance()
                         0x800'200d    0x8  Code  Gb  Led1Task.o [1]
Singleton<LedsModeInsideOutside>::GetInstance()::instance
                        0x2000'0024    0x8  Data  Gb  mytask.o [1]
Singleton<LedsModeTree>::GetInstance()
                         0x800'1fdd    0x8  Code  Gb  Led1Task.o [1]
Singleton<LedsModeTree>::GetInstance()::instance
                        0x2000'0004    0x8  Data  Gb  mytask.o [1]
Singleton<UserButton>::GetInstance()
                         0x800'2599   0x20  Code  Gb  mytask.o [1]
Singleton<UserButton>::GetInstance()::instance
                        0x2000'17c4    0x4  Data  Gb  mytask.o [1]
SystemCoreClock         0x2000'0000    0x4  Data  Gb  main.o [1]
UserButton::HandleInterrupt()
                         0x800'2921    0x2  Code  Gb  userbutton.o [1]
UserButton::UserButton()
                         0x800'25c9   0x14  Code  Gb  mytask.o [1]
Virtual function table for GpioPort<(unsigned long)13>
                         0x800'2740   0x1c  Data  Gb  mytask.o [1]
Virtual function table for GpioPort<(unsigned long)5>
                         0x800'2778   0x1c  Data  Gb  mytask.o [1]
Virtual function table for GpioPort<(unsigned long)8>
                         0x800'27e8   0x1c  Data  Gb  mytask.o [1]
Virtual function table for GpioPort<(unsigned long)9>
                         0x800'27b0   0x1c  Data  Gb  mytask.o [1]
Virtual function table for GpioPortA<(unsigned long)5>
                         0x800'2794   0x1c  Data  Gb  mytask.o [1]
Virtual function table for GpioPortC<(unsigned long)13>
                         0x800'275c   0x1c  Data  Gb  mytask.o [1]
Virtual function table for GpioPortC<(unsigned long)5>
                         0x800'2820   0x1c  Data  Gb  mytask.o [1]
Virtual function table for GpioPortC<(unsigned long)8>
                         0x800'2804   0x1c  Data  Gb  mytask.o [1]
Virtual function table for GpioPortC<(unsigned long)9>
                         0x800'27cc   0x1c  Data  Gb  mytask.o [1]
Virtual function table for Led1Task
                         0x800'2a90    0xc  Data  Gb  Led1Task.o [1]
Virtual function table for Led23Task
                         0x800'2aa8    0xc  Data  Gb  main.o [1]
Virtual function table for LedsModeAdc
                         0x800'29ac   0x10  Data  Gb  mytask.o [1]
Virtual function table for LedsModeAll
                         0x800'29bc   0x10  Data  Gb  mytask.o [1]
Virtual function table for LedsModeChess
                         0x800'297c   0x10  Data  Gb  mytask.o [1]
Virtual function table for LedsModeFirstPair
                         0x800'298c   0x10  Data  Gb  mytask.o [1]
Virtual function table for LedsModeInsideOutside
                         0x800'299c   0x10  Data  Gb  mytask.o [1]
Virtual function table for LedsModeTree
                         0x800'296c   0x10  Data  Gb  mytask.o [1]
Virtual function table for MyButtonTask
                         0x800'2ab4    0xc  Data  Gb  main.o [1]
Virtual function table for MyLedTask
                         0x800'2a9c    0xc  Data  Gb  main.o [1]
Virtual function table for MyTask
                         0x800'2ad8    0xc  Data  Gb  mytask.o [1]
[local to main_cpp]::NVIC_EnableIRQ(IRQn_Type)
                         0x800'1a13   0x14  Code  Lc  main.o [1]
__aeabi_assert           0x800'2369   0x24  Code  Gb  ABIassert.o [6]
__aeabi_atexit           0x800'1b6d    0xa  Code  Gb  cxxabi.o [3]
__aeabi_memcpy           0x800'174d         Code  Gb  ABImemcpy.o [5]
__aeabi_memcpy4          0x800'176d         Code  Gb  ABImemcpy.o [5]
__aeabi_memcpy8          0x800'176d         Code  Gb  ABImemcpy.o [5]
__call_ctors             0x800'1d29   0x18  Code  Gb  cppinit.o [2]
__call_dtors             0x800'1d77    0xc  Code  Gb  cppinit.o [2]
__call_dtors0            0x800'1d83   0x36  Code  Gb  cppinit.o [2]
__cexit_call_dtors       0x800'2733         Code  Gb  cexit.o [5]
__cmain                  0x800'270d         Code  Gb  cmain.o [5]
__cstart_call_dtors      0x800'2b18         Data  Gb  cstart_call_dtors.o [5]
__cxa_atexit             0x800'1d41   0x36  Code  Gb  cppinit.o [2]
__dso_handle            0x2000'181c    0x4  Data  Gb  cppinit.o [2]
__exit                   0x800'2395   0x14  Code  Gb  exit.o [6]
__iar_copy_init3         0x800'17f3   0x2e  Code  Gb  copy_init3.o [5]
__iar_cstart_call_ctors
                         0x800'26ed   0x20  Code  Gb  cmain_call_ctors.o [5]
__iar_data_init3         0x800'2649   0x28  Code  Gb  data_init.o [5]
__iar_debug_exceptions   0x800'1b76    0x1  Data  Gb  unwind_debug.o [6]
__iar_init_vfp           0x800'26a1         Code  Gb  fpinit_M.o [4]
__iar_program_start      0x800'294b   0x10  Code  Gb  startupF411RE.o [1]
__iar_tls$$INIT_ARRAY$$Base
                         0x800'2b18          --   Gb  - Linker created -
__iar_tls$$INIT_ARRAY$$Limit
                         0x800'2b18          --   Gb  - Linker created -
__iar_zero_init3         0x800'1713   0x3a  Code  Gb  zero_init3.o [5]
__low_level_init         0x800'1a27   0x74  Code  Gb  main.o [1]
__sti__routine           0x800'19cd   0x46  Code  Lc  main.o [1]
__vector_table           0x800'0000  0x198  Data  Gb  startupF411RE.o [1]
_call_main               0x800'2719         Code  Gb  cmain.o [5]
_exit                    0x800'2731         Code  Gb  cexit.o [5]
_main                    0x800'2727         Code  Gb  cmain.o [5]
abort                    0x800'238d    0x6  Code  Gb  abort.o [2]
bool utils::checkBit<unsigned int volatile, unsigned long>(unsigned int volatile const &, unsigned long)
                         0x800'2519   0x2c  Code  Gb  mytask.o [1]
bool utils::checkBit<unsigned int volatile, unsigned long>(unsigned int volatile const &, unsigned long)::string
                         0x800'28f0   0x18  Data  Gb  mytask.o [1]
bool utils::checkBit<unsigned int volatile, unsigned long>(unsigned int volatile const &, unsigned long)::string (instance 2)
                         0x800'20c0   0x4c  Data  Gb  mytask.o [1]
event                   0x2000'16d4   0x24  Data  Gb  main.o [1]
exit                     0x800'272b    0x4  Code  Gb  exit.o [2]
led1Task                0x2000'1550   0x5c  Data  Gb  main.o [1]
main                     0x800'1a9b   0x52  Code  Gb  main.o [1]
myLedTask               0x2000'134c   0x6c  Data  Gb  main.o [1]
myTask                  0x2000'14f4   0x5c  Data  Gb  main.o [1]
next_abi_dtor_rec       0x2000'1818    0x4  Data  Lc  cppinit.o [2]
pcInterruptPriorityRegisters
                         0x800'2b10    0x4  Data  Lc  port.o [1]
prvAddCurrentTaskToDelayedList
                         0x800'0981   0x6e  Code  Lc  tasks.o [1]
prvAddNewTaskToReadyList
                         0x800'0261   0x9a  Code  Lc  tasks.o [1]
prvCheckForValidListAndQueue
                         0x800'0f8f   0x4c  Code  Lc  timers.o [1]
prvCheckForValidListAndQueue{1}{2}{3}{4}::ucStaticTimerQueueStorage
                        0x2000'1238   0xa0  Data  Lc  timers.o [1]
prvCheckForValidListAndQueue{1}{2}{3}{4}::xStaticTimerQueue
                        0x2000'164c   0x48  Data  Lc  timers.o [1]
prvCheckTasksWaitingTermination
                         0x800'07d3    0x2  Code  Lc  tasks.o [1]
prvCopyDataFromQueue     0x800'15a3   0x2a  Code  Lc  queue.o [1]
prvCopyDataToQueue       0x800'151d   0x86  Code  Lc  queue.o [1]
prvGetNextExpireTime     0x800'0ded   0x26  Code  Lc  timers.o [1]
prvIdleTask              0x800'077d    0x8  Code  Lc  tasks.o [1]
prvInitialiseNewQueue    0x800'118b   0x1c  Code  Lc  queue.o [1]
prvInitialiseNewTask     0x800'01cf   0x92  Code  Lc  tasks.o [1]
prvInitialiseTaskLists   0x800'0785   0x4e  Code  Lc  tasks.o [1]
prvInsertTimerInActiveList
                         0x800'0e39   0x3e  Code  Lc  timers.o [1]
prvIsQueueEmpty          0x800'163b   0x1c  Code  Lc  queue.o [1]
prvIsQueueFull           0x800'1657   0x1e  Code  Lc  queue.o [1]
prvProcessExpiredTimer   0x800'0d1f   0x46  Code  Lc  timers.o [1]
prvProcessReceivedCommands
                         0x800'0e77   0xba  Code  Lc  timers.o [1]
prvProcessTimerOrBlockTask
                         0x800'0d7d   0x70  Code  Lc  timers.o [1]
prvResetNextTaskUnblockTime
                         0x800'07d5   0x28  Code  Lc  tasks.o [1]
prvSampleTimeNow         0x800'0e13   0x26  Code  Lc  timers.o [1]
prvSampleTimeNow::xLastTime
                        0x2000'1814    0x4  Data  Lc  timers.o [1]
prvSwitchTimerLists      0x800'0f31   0x5e  Code  Lc  timers.o [1]
prvTaskExitError         0x800'0b19   0x10  Code  Lc  port.o [1]
prvTestWaitCondition     0x800'19b3   0x1a  Code  Lc  event_groups.o [1]
prvTimerTask             0x800'0d69   0x14  Code  Lc  timers.o [1]
prvUnlockQueue           0x800'15cd   0x6e  Code  Lc  queue.o [1]
pvTaskIncrementMutexHeldCount
                         0x800'0939   0x16  Code  Gb  tasks.o [1]
pxCurrentTCB            0x2000'17cc    0x4  Data  Gb  tasks.o [1]
pxCurrentTimerList      0x2000'1804    0x4  Data  Lc  timers.o [1]
pxDelayedTaskList       0x2000'17d0    0x4  Data  Lc  tasks.o [1]
pxOverflowDelayedTaskList
                        0x2000'17d4    0x4  Data  Lc  tasks.o [1]
pxOverflowTimerList     0x2000'1808    0x4  Data  Lc  timers.o [1]
pxPortInitialiseStack    0x800'0af1   0x28  Code  Gb  port.o [1]
pxReadyTasksLists       0x2000'1490   0x64  Data  Lc  tasks.o [1]
queue                   0x2000'12d8   0x74  Data  Gb  main.o [1]
std::_Array_const_iterator<Led, (unsigned int)4>::_Array_const_iterator(Led const *, unsigned int)
                         0x800'2275    0x8  Code  Gb  mytask.o [1]
std::_Array_const_iterator<Led, (unsigned int)4>::_Array_const_iterator(Led const *, unsigned int) [subobject]
                         0x800'226d    0x8  Code  Gb  mytask.o [1]
std::_Array_const_iterator<Led, (unsigned int)4>::operator !=(const std::_Array_const_iterator<Led, (unsigned int)4>&) const
                         0x800'2223   0x14  Code  Gb  mytask.o [1]
std::_Array_const_iterator<Led, (unsigned int)4>::operator *() const
                         0x800'224d    0x4  Code  Gb  mytask.o [1]
std::_Array_const_iterator<Led, (unsigned int)4>::operator ++()
                         0x800'2251    0x8  Code  Gb  mytask.o [1]
std::_Array_const_iterator<Led, (unsigned int)4>::operator ==(const std::_Array_const_iterator<Led, (unsigned int)4>&) const
                         0x800'2259   0x12  Code  Gb  mytask.o [1]
std::_Array_iterator<Led, (unsigned int)4>::_Array_iterator(Led *, unsigned int)
                         0x800'223f    0xe  Code  Gb  mytask.o [1]
std::_Array_iterator<Led, (unsigned int)4>::operator *() const
                         0x800'220d    0x8  Code  Gb  mytask.o [1]
std::_Array_iterator<Led, (unsigned int)4>::operator ++()
                         0x800'2215    0xe  Code  Gb  mytask.o [1]
std::array<Led, (unsigned int)4>::begin()
                         0x800'21e5   0x14  Code  Gb  mytask.o [1]
std::array<Led, (unsigned int)4>::end()
                         0x800'21f9   0x14  Code  Gb  mytask.o [1]
std::array<Led, (unsigned int)4>::operator [](unsigned int)
                         0x800'21a1    0x6  Code  Gb  mytask.o [1]
std::array<Led, (unsigned int)4>::size() const
                         0x800'21a7    0x4  Code  Gb  mytask.o [1]
std::array<std::reference_wrapper<LedsMode>, (unsigned int)6>::operator [](unsigned int)
                         0x800'240b    0x6  Code  Gb  Led1Task.o [1]
std::array<std::reference_wrapper<LedsMode>, (unsigned int)6>::size() const
                         0x800'2407    0x4  Code  Gb  Led1Task.o [1]
std::array<unsigned char, (unsigned int)40>::data()
                         0x800'1dd1    0x2  Code  Gb  main.o [1]
std::array<unsigned int, (unsigned int)256>::data()
                         0x800'1c29    0x2  Code  Gb  main.o [1]
std::reference_wrapper<LedsMode>::get() const
                         0x800'2411    0x4  Code  Gb  Led1Task.o [1]
std::reference_wrapper<LedsMode>::reference_wrapper(LedsMode &)
                         0x800'1fe5   0x10  Code  Gb  Led1Task.o [1]
ucMaxSysCallPriority    0x2000'1828    0x1  Data  Lc  port.o [1]
ulMaxPRIGROUPValue      0x2000'17c8    0x4  Data  Lc  port.o [1]
uxCriticalNesting       0x2000'0034    0x4  Data  Lc  port.o [1]
uxCurrentNumberOfTasks  0x2000'17d8    0x4  Data  Lc  tasks.o [1]
uxListRemove             0x800'0acb   0x26  Code  Gb  list.o [1]
uxPendedTicks           0x2000'17e8    0x4  Data  Lc  tasks.o [1]
uxSchedulerSuspended    0x2000'1800    0x4  Data  Lc  tasks.o [1]
uxTaskNumber            0x2000'17f4    0x4  Data  Lc  tasks.o [1]
uxTaskResetEventItemValue
                         0x800'0923   0x16  Code  Gb  tasks.o [1]
uxTopReadyPriority      0x2000'17e0    0x4  Data  Lc  tasks.o [1]
vApplicationGetIdleTaskMemory
                         0x800'09ef    0xe  Code  Gb  tasks.o [1]
vApplicationGetIdleTaskMemory::uxIdleTaskStack
                        0x2000'1038  0x200  Data  Lc  tasks.o [1]
vApplicationGetIdleTaskMemory::xIdleTaskTCB
                        0x2000'15ac   0x50  Data  Lc  tasks.o [1]
vApplicationGetTimerTaskMemory
                         0x800'09fd   0x10  Code  Gb  tasks.o [1]
vApplicationGetTimerTaskMemory::uxTimerTaskStack
                        0x2000'0c38  0x400  Data  Lc  tasks.o [1]
vApplicationGetTimerTaskMemory::xTimerTaskTCB
                        0x2000'15fc   0x50  Data  Lc  tasks.o [1]
vEventGroupDelete        0x800'198b   0x20  Code  Gb  event_groups.o [1]
vEventGroupSetBitsCallback
                         0x800'19ab    0x8  Code  Gb  event_groups.o [1]
vListInitialise          0x800'0a59   0x1e  Code  Gb  list.o [1]
vListInitialiseItem      0x800'0a77    0x6  Code  Gb  list.o [1]
vListInsert              0x800'0a95   0x36  Code  Gb  list.o [1]
vListInsertEnd           0x800'0a7d   0x18  Code  Gb  list.o [1]
vPortEnableVFP           0x800'10b9         Code  Gb  portasm.o [1]
vPortEnterCritical       0x800'0bb1   0x22  Code  Gb  port.o [1]
vPortExitCritical        0x800'0bd3   0x16  Code  Gb  port.o [1]
vPortSVCHandler          0x800'1085         Code  Gb  portasm.o [1]
vPortStartFirstTask      0x800'10a1         Code  Gb  portasm.o [1]
vPortValidateInterruptPriority
                         0x800'0c15   0x14  Code  Gb  port.o [1]
vQueueAddToRegistry      0x800'1675   0x24  Code  Gb  queue.o [1]
vQueueDelete             0x800'1515    0x8  Code  Gb  queue.o [1]
vQueueUnregisterQueue    0x800'1699   0x26  Code  Gb  queue.o [1]
vQueueWaitForMessageRestricted
                         0x800'16c9   0x4a  Code  Gb  queue.o [1]
vTaskDelay               0x800'02fb   0x38  Code  Gb  tasks.o [1]
vTaskMissedYield         0x800'0773    0xa  Code  Gb  tasks.o [1]
vTaskPlaceOnEventList    0x800'05d7   0x1a  Code  Gb  tasks.o [1]
vTaskPlaceOnEventListRestricted
                         0x800'0619   0x24  Code  Gb  tasks.o [1]
vTaskPlaceOnUnorderedEventList
                         0x800'05f1   0x28  Code  Gb  tasks.o [1]
vTaskPriorityInherit     0x800'081b   0x8a  Code  Gb  tasks.o [1]
vTaskSetTimeOutState     0x800'0707   0x12  Code  Gb  tasks.o [1]
vTaskStartScheduler      0x800'0333   0x82  Code  Gb  tasks.o [1]
vTaskSuspendAll          0x800'03b5    0xc  Code  Gb  tasks.o [1]
vTaskSwitchContext       0x800'057f   0x58  Code  Gb  tasks.o [1]
void utils::setBitValue<unsigned int volatile, unsigned long>(unsigned int volatile &, unsigned long)
                         0x800'2545   0x2c  Code  Gb  mytask.o [1]
void utils::setBitValue<unsigned int volatile, unsigned long>(unsigned int volatile &, unsigned long)::string
                         0x800'28c0   0x18  Data  Gb  mytask.o [1]
void utils::setBitValue<unsigned int volatile, unsigned long>(unsigned int volatile &, unsigned long)::string (instance 2)
                         0x800'2028   0x4c  Data  Gb  mytask.o [1]
void utils::toggleBit<unsigned int volatile, unsigned long>(unsigned int volatile &, unsigned long)
                         0x800'2339   0x30  Code  Gb  mytask.o [1]
void utils::toggleBit<unsigned int volatile, unsigned long>(unsigned int volatile &, unsigned long)::string
                         0x800'28d8   0x18  Data  Gb  mytask.o [1]
void utils::toggleBit<unsigned int volatile, unsigned long>(unsigned int volatile &, unsigned long)::string (instance 2)
                         0x800'2074   0x4c  Data  Gb  mytask.o [1]
xActiveTimerList1       0x2000'1764   0x14  Data  Lc  timers.o [1]
xActiveTimerList2       0x2000'1778   0x14  Data  Lc  timers.o [1]
xDelayedTaskList1       0x2000'1714   0x14  Data  Lc  tasks.o [1]
xDelayedTaskList2       0x2000'1728   0x14  Data  Lc  tasks.o [1]
xEventGroupCreateStatic
                         0x800'1821   0x16  Code  Gb  event_groups.o [1]
xEventGroupSetBits       0x800'1909   0x82  Code  Gb  event_groups.o [1]
xEventGroupWaitBits      0x800'1837   0xce  Code  Gb  event_groups.o [1]
xIdleTaskHandle         0x2000'17fc    0x4  Data  Lc  tasks.o [1]
xNextTaskUnblockTime    0x2000'17f8    0x4  Data  Lc  tasks.o [1]
xNumOfOverflows         0x2000'17f0    0x4  Data  Lc  tasks.o [1]
xPendingReadyList       0x2000'173c   0x14  Data  Lc  tasks.o [1]
xPortPendSVHandler       0x800'102d         Code  Gb  portasm.o [1]
xPortStartScheduler      0x800'0b29   0x88  Code  Gb  port.o [1]
xPortSysTickHandler      0x800'0be9   0x28  Code  Gb  port.o [1]
xQueueGenericCreateStatic
                         0x800'1153   0x38  Code  Gb  queue.o [1]
xQueueGenericReceive     0x800'1387  0x18e  Code  Gb  queue.o [1]
xQueueGenericReset       0x800'10d5   0x7e  Code  Gb  queue.o [1]
xQueueGenericSend        0x800'11a7  0x142  Code  Gb  queue.o [1]
xQueueGenericSendFromISR
                         0x800'12e9   0x9e  Code  Gb  queue.o [1]
xQueueRegistry          0x2000'1694   0x40  Data  Gb  queue.o [1]
xSchedulerRunning       0x2000'17e4    0x4  Data  Lc  tasks.o [1]
xSuspendedTaskList      0x2000'1750   0x14  Data  Lc  tasks.o [1]
xTaskCheckForTimeOut     0x800'0719   0x5a  Code  Gb  tasks.o [1]
xTaskCreateStatic        0x800'0199   0x36  Code  Gb  tasks.o [1]
xTaskGetSchedulerState   0x800'07fd   0x1e  Code  Gb  tasks.o [1]
xTaskGetTickCount        0x800'0491    0x8  Code  Gb  tasks.o [1]
xTaskIncrementTick       0x800'0499   0xe6  Code  Gb  tasks.o [1]
xTaskPriorityDisinherit
                         0x800'08a5   0x7e  Code  Gb  tasks.o [1]
xTaskRemoveFromEventList
                         0x800'063d   0x6e  Code  Gb  tasks.o [1]
xTaskRemoveFromUnorderedEventList
                         0x800'06ab   0x5c  Code  Gb  tasks.o [1]
xTaskResumeAll           0x800'03c1   0xd0  Code  Gb  tasks.o [1]
xTickCount              0x2000'17dc    0x4  Data  Lc  tasks.o [1]
xTimerCreateTimerTask    0x800'0c79   0x56  Code  Gb  timers.o [1]
xTimerGenericCommand     0x800'0ccf   0x50  Code  Gb  timers.o [1]
xTimerPendFunctionCallFromISR
                         0x800'0fdb   0x22  Code  Gb  timers.o [1]
xTimerQueue             0x2000'180c    0x4  Data  Lc  timers.o [1]
xTimerTaskHandle        0x2000'1810    0x4  Data  Lc  timers.o [1]
xYieldPending           0x2000'17ec    0x4  Data  Lc  tasks.o [1]


[1] = D:\kraizette\STD\VII-VIII\POIP\PROJECTS\нрвер8\CPP\Debug\Obj
[2] = dl7M_tln.a
[3] = dlpp7M_tl_nc.a
[4] = m7M_tls.a
[5] = rt7M_tl.a
[6] = shb_l.a

  9'737 bytes of readonly  code memory
  1'295 bytes of readonly  data memory
  6'849 bytes of readwrite data memory

Errors: none
Warnings: none
