###############################################################################
#
# IAR ELF Linker V8.40.1.212/W32 for ARM                  24/Feb/2020  13:34:53
# Copyright 2007-2019 IAR Systems AB.
#
#    Output file  =
#        D:\kraizette\STD\VII-VIII\POIP\PROJECTS\ÎÒ×ÅÒ6\ÑPP\6.1\Debug\Exe\LAB.out
#    Map file     =
#        D:\kraizette\STD\VII-VIII\POIP\PROJECTS\ÎÒ×ÅÒ6\ÑPP\6.1\Debug\List\LAB.map
#    Command line =
#        -f C:\Users\User\AppData\Local\Temp\EW51B9.tmp
#        (D:\kraizette\STD\VII-VIII\POIP\PROJECTS\ÎÒ×ÅÒ6\ÑPP\6.1\Debug\Obj\main.o
#        --no_out_extension -o
#        D:\kraizette\STD\VII-VIII\POIP\PROJECTS\ÎÒ×ÅÒ6\ÑPP\6.1\Debug\Exe\LAB.out
#        --map
#        D:\kraizette\STD\VII-VIII\POIP\PROJECTS\ÎÒ×ÅÒ6\ÑPP\6.1\Debug\List\LAB.map
#        --config "C:\Programs\IAR Arm\arm\config\linker\ST\stm32f411xE.icf"
#        --semihosting --entry __iar_program_start --vfe --text_out locale)
#
###############################################################################

*******************************************************************************
*** RUNTIME MODEL ATTRIBUTES
***

CppFlavor                     = *
__CPP_Exceptions              = Disabled
__CPP_Language                = C++14
__Heap_Handler                = DLMalloc
__SystemLibrary               = DLib
__dlib_dynamic_initialization = normal
__dlib_version                = 6


*******************************************************************************
*** HEAP SELECTION
***

The advanced heap was selected because the application calls memory
allocation functions outside of system library functions, and there
are calls to deallocation functions in the application.


*******************************************************************************
*** PLACEMENT SUMMARY
***

"A0":  place at address 0x800'0000 { ro section .intvec };
"P1":  place in [from 0x800'0000 to 0x807'ffff] { ro };
define block CSTACK with size = 32K, alignment = 8 { };
define block HEAP with size = 8K, alignment = 8 { };
"P2":  place in [from 0x2000'0000 to 0x2001'ffff] {
          rw, block CSTACK, block HEAP };
initialize by copy { rw };

  Section                Kind         Address    Size  Object
  -------                ----         -------    ----  ------
"A0":                                            0x40
  .intvec                ro code   0x800'0000    0x40  vector_table_M.o [5]
                                 - 0x800'0040    0x40

"P1":                                          0x58e4
  .text                  ro code   0x800'0040  0x149c  dlmalloc.o [2]
  .text                  ro code   0x800'14dc     0x6  abort.o [2]
  .text                  ro code   0x800'14e2    0x3a  zero_init3.o [5]
  .text                  ro code   0x800'151c    0x2c  xgetmemchunk.o [2]
  .text                  ro code   0x800'1548    0x14  exit.o [6]
  .text                  ro code   0x800'155c    0x7c  iarttio.o [6]
  .text                  ro code   0x800'15d8    0x3c  XShttio.o [2]
  .text                  ro code   0x800'1614   0xfaa  xprintffull_nomb.o [2]
  .text                  ro code   0x800'25be    0x2e  copy_init3.o [5]
  .text                  ro code   0x800'25ec    0x16  strchr.o [5]
  .text                  ro code   0x800'2602     0xa  xsprout.o [2]
  .text                  ro code   0x800'260c    0x40  xfail_s.o [2]
  .text                  ro code   0x800'264c    0x36  strlen.o [5]
  .text                  ro code   0x800'2682     0x6  iostream_cout.o [3]
  .text                  ro code   0x800'2688    0x58  memchr.o [5]
  .text                  ro code   0x800'26e0    0x76  ABImemcpy_unaligned.o [5]
  .rodata                const     0x800'2756     0x2  main.o [1]
  .text                  ro code   0x800'2758    0x70  frexp.o [4]
  .text                  ro code   0x800'27c8    0x2e  DblCmpLe.o [4]
  .text                  ro code   0x800'27f6     0x2  iostream_cout.o [3]
  .text                  ro code   0x800'27f8    0x2e  DblCmpGe.o [4]
  .text                  ro code   0x800'2826     0x2  iostream_cout.o [3]
  .text                  ro code   0x800'2828   0x13a  ldexp.o [4]
  .text                  ro code   0x800'2962     0x2  vector_table_M.o [5]
  .text                  ro code   0x800'2964    0x3a  DblToS32.o [4]
  .rodata                const     0x800'299e     0x1  main.o [1]
  .rodata                const     0x800'299f     0x1  main.o [1]
  .text                  ro code   0x800'29a0    0x22  S32ToDbl.o [4]
  .rodata                const     0x800'29c2     0x1  unwind_debug.o [6]
  .text                  ro code   0x800'29c4    0xe2  DblSub.o [4]
  .text                  ro code   0x800'2aa8   0x246  DblDiv.o [4]
  .text                  ro code   0x800'2cf0    0x28  DblToU32.o [4]
  .text                  ro code   0x800'2d18    0x1a  U32ToDbl.o [4]
  .text                  ro code   0x800'2d34   0x1a2  DblMul.o [4]
  .text                  ro code   0x800'2ed8   0x230  I64DivMod.o [5]
  .text                  ro code   0x800'3108   0x16a  DblAdd.o [4]
  .text                  ro code   0x800'3274     0x2  I64DivZer.o [5]
  .text                  ro code   0x800'3278   0x2e0  main.o [1]
  .text                  ro code   0x800'3558     0x4  main.o [1]
  .text                  ro code   0x800'355c     0x6  main.o [1]
  .text                  ro code   0x800'3562    0x22  strcspn.o [2]
  .text                  ro code   0x800'3584    0x20  main.o [1]
  .text                  ro code   0x800'35a4     0x8  main.o [1]
  .text                  ro code   0x800'35ac    0x2a  main.o [1]
  .text                  ro code   0x800'35d6    0x10  main.o [1]
  .text                  ro code   0x800'35e6    0x18  main.o [1]
  .text                  ro code   0x800'3600    0x30  main.o [1]
  .text                  ro code   0x800'3630     0xe  main.o [1]
  .text                  ro code   0x800'363e     0xe  main.o [1]
  .text                  ro code   0x800'364c    0x94  main.o [1]
  .text                  ro code   0x800'36e0     0xe  main.o [1]
  .text                  ro code   0x800'36ee    0x10  main.o [1]
  .text                  ro code   0x800'36fe     0xe  main.o [1]
  .text                  ro code   0x800'370c     0x4  main.o [1]
  .text                  ro code   0x800'3710    0x30  main.o [1]
  .text                  ro code   0x800'3740    0x30  main.o [1]
  .text                  ro code   0x800'3770     0x8  main.o [1]
  .text                  ro code   0x800'3778    0x12  main.o [1]
  .text                  ro code   0x800'378c    0x18  main.o [1]
  .text                  ro code   0x800'37a4     0xc  main.o [1]
  .text                  ro code   0x800'37b0    0x84  main.o [1]
  .text                  ro code   0x800'3834    0x3a  main.o [1]
  .text                  ro code   0x800'386e    0x10  main.o [1]
  .text                  ro code   0x800'3880    0x18  main.o [1]
  .text                  ro code   0x800'3898     0xa  cxxabi.o [3]
  .text                  ro code   0x800'38a2     0xe  main.o [1]
  .text                  ro code   0x800'38b0    0x7c  main.o [1]
  .text                  ro code   0x800'392c    0x28  main.o [1]
  .text                  ro code   0x800'3954    0x30  main.o [1]
  .text                  ro code   0x800'3984    0x28  main.o [1]
  .text                  ro code   0x800'39ac    0x10  main.o [1]
  .text                  ro code   0x800'39bc     0xe  main.o [1]
  .text                  ro code   0x800'39ca     0x2  main.o [1]
  .text                  ro code   0x800'39cc    0x3e  main.o [1]
  .text                  ro code   0x800'3a0a     0x2  main.o [1]
  .text                  ro code   0x800'3a0c     0xc  main.o [1]
  .text                  ro code   0x800'3a18    0x1c  main.o [1]
  .text                  ro code   0x800'3a34     0xe  main.o [1]
  .text                  ro code   0x800'3a42     0xc  main.o [1]
  .text                  ro code   0x800'3a4e     0xc  main.o [1]
  .text                  ro code   0x800'3a5a    0x10  main.o [1]
  .text                  ro code   0x800'3a6a     0xc  main.o [1]
  .text                  ro code   0x800'3a76    0x28  main.o [1]
  .text                  ro code   0x800'3a9e    0x14  main.o [1]
  .text                  ro code   0x800'3ab2     0xc  main.o [1]
  .text                  ro code   0x800'3abe    0x16  main.o [1]
  .text                  ro code   0x800'3ad4     0xc  main.o [1]
  .text                  ro code   0x800'3ae0    0xa0  cppinit.o [2]
  .text                  ro code   0x800'3b80    0x1c  main.o [1]
  .text                  ro code   0x800'3b9c    0xdc  main.o [1]
  .text                  ro code   0x800'3c78    0x78  ABImemmove_unaligned.o [5]
  .text                  ro code   0x800'3cf0     0x6  main.o [1]
  .text                  ro code   0x800'3cf6    0x24  main.o [1]
  .text                  ro code   0x800'3d1a     0xc  main.o [1]
  .text                  ro code   0x800'3d26    0x16  main.o [1]
  .text                  ro code   0x800'3d3c    0x32  main.o [1]
  .text                  ro code   0x800'3d6e    0x12  main.o [1]
  .text                  ro code   0x800'3d80     0xc  main.o [1]
  .text                  ro code   0x800'3d8c    0x1e  main.o [1]
  .text                  ro code   0x800'3daa     0x2  main.o [1]
  .text                  ro code   0x800'3dac    0x10  main.o [1]
  .text                  ro code   0x800'3dbc     0x2  main.o [1]
  .text                  ro code   0x800'3dbe    0x12  main.o [1]
  .text                  ro code   0x800'3dd0     0x2  main.o [1]
  .text                  ro code   0x800'3dd4    0x28  main.o [1]
  .text                  ro code   0x800'3dfc     0xc  main.o [1]
  .text                  ro code   0x800'3e08     0xc  main.o [1]
  .text                  ro code   0x800'3e14    0x10  main.o [1]
  .text                  ro code   0x800'3e24     0x2  main.o [1]
  .text                  ro code   0x800'3e26    0x1a  main.o [1]
  .text                  ro code   0x800'3e40    0x66  ABImemset.o [5]
  .text                  ro code   0x800'3ea6     0x2  main.o [1]
  .text                  ro code   0x800'3ea8    0x18  main.o [1]
  .text                  ro code   0x800'3ec0     0xe  main.o [1]
  .text                  ro code   0x800'3ece     0x4  main.o [1]
  .text                  ro code   0x800'3ed2     0x2  main.o [1]
  .text                  ro code   0x800'3ed4     0xc  main.o [1]
  .text                  ro code   0x800'3ee0     0xa  main.o [1]
  .text                  ro code   0x800'3eea     0x2  main.o [1]
  .text                  ro code   0x800'3eec     0xe  main.o [1]
  .text                  ro code   0x800'3efc    0x70  main.o [1]
  .text                  ro code   0x800'3f6c     0x4  main.o [1]
  .text                  ro code   0x800'3f70     0x2  main.o [1]
  .text                  ro code   0x800'3f72     0xc  main.o [1]
  .text                  ro code   0x800'3f7e    0x12  main.o [1]
  .text                  ro code   0x800'3f90     0x2  main.o [1]
  .text                  ro code   0x800'3f92    0x1a  main.o [1]
  .text                  ro code   0x800'3fac     0x2  main.o [1]
  .text                  ro code   0x800'3fae     0xa  delop_0.o [3]
  .text                  ro code   0x800'3fb8    0x34  main.o [1]
  .text                  ro code   0x800'3fec    0x1a  main.o [1]
  .text                  ro code   0x800'4006     0x8  main.o [1]
  .text                  ro code   0x800'400e    0x1a  main.o [1]
  .text                  ro code   0x800'4028    0x26  main.o [1]
  .text                  ro code   0x800'404e     0x4  heaptramp0.o [2]
  .text                  ro code   0x800'4054    0x24  newop_0.o [3]
  .text                  ro code   0x800'4078     0x4  main.o [1]
  .text                  ro code   0x800'407c     0x4  nomemory.o [3]
  .text                  ro code   0x800'4080   0x24c  main.o [1]
  .text                  ro code   0x800'42cc   0x1ce  main.o [1]
  .text                  ro code   0x800'449a    0xa6  main.o [1]
  .text                  ro code   0x800'4540    0xbc  main.o [1]
  .text                  ro code   0x800'45fc     0xc  main.o [1]
  .text                  ro code   0x800'4608    0x16  main.o [1]
  .text                  ro code   0x800'461e    0x72  main.o [1]
  .text                  ro code   0x800'4690     0x4  main.o [1]
  .text                  ro code   0x800'4694     0x8  main.o [1]
  .text                  ro code   0x800'469c     0x6  main.o [1]
  .text                  ro code   0x800'46a2     0x4  main.o [1]
  .text                  ro code   0x800'46a6    0x16  main.o [1]
  .text                  ro code   0x800'46bc    0x28  main.o [1]
  .text                  ro code   0x800'46e4     0xe  main.o [1]
  .text                  ro code   0x800'46f4    0x20  main.o [1]
  .text                  ro code   0x800'4714     0x8  main.o [1]
  .text                  ro code   0x800'471c    0x24  main.o [1]
  .text                  ro code   0x800'4740     0x4  main.o [1]
  .text                  ro code   0x800'4744    0x48  FltToDbl.o [4]
  .text                  ro code   0x800'478c    0x38  main.o [1]
  .text                  ro code   0x800'47c4     0xc  main.o [1]
  .text                  ro code   0x800'47d0    0x18  main.o [1]
  .text                  ro code   0x800'47e8     0x4  main.o [1]
  .text                  ro code   0x800'47ec    0x54  main.o [1]
  .text                  ro code   0x800'4840     0x4  main.o [1]
  .text                  ro code   0x800'4844    0x24  main.o [1]
  .text                  ro code   0x800'4868     0xc  main.o [1]
  .text                  ro code   0x800'4874    0x18  main.o [1]
  .text                  ro code   0x800'488c    0x28  main.o [1]
  .text                  ro code   0x800'48b4     0xe  main.o [1]
  .text                  ro code   0x800'48c2    0x14  main.o [1]
  .text                  ro code   0x800'48d8   0x104  ios.o [3]
  .text                  ro code   0x800'49dc     0xc  main.o [1]
  .text                  ro code   0x800'49e8     0xc  main.o [1]
  .text                  ro code   0x800'49f4    0x54  main.o [1]
  .text                  ro code   0x800'4a48     0xc  main.o [1]
  .text                  ro code   0x800'4a54     0x4  delop4_0.o [3]
  .text                  ro code   0x800'4a58     0xc  main.o [1]
  .text                  ro code   0x800'4a64    0x4a  main.o [1]
  .text                  ro code   0x800'4aae    0x46  main.o [1]
  .text                  ro code   0x800'4af4   0x244  main.o [1]
  .text                  ro code   0x800'4d38   0x194  main.o [1]
  .text                  ro code   0x800'4ecc     0x4  main.o [1]
  .text                  ro code   0x800'4ed0    0x20  DblCmpEq.o [4]
  .text                  ro code   0x800'4ef0    0xf8  main.o [1]
  .text                  ro code   0x800'4fe8    0x40  sprintf.o [2]
  .text                  ro code   0x800'5028    0xbc  main.o [1]
  .text                  ro code   0x800'50e4    0x90  iostream_cout.o [3]
  .text                  ro code   0x800'5174    0x5c  iostream_cout.o [3]
  .text                  ro code   0x800'51d0    0x82  main.o [1]
  .text                  ro code   0x800'5252    0x7a  main.o [1]
  .text                  ro code   0x800'52cc    0x22  main.o [1]
  .text                  ro code   0x800'52ee    0x6a  main.o [1]
  .text                  ro code   0x800'5358    0x60  iostream_cout.o [3]
  .text                  ro code   0x800'53b8    0x58  main.o [1]
  .text                  ro code   0x800'5410    0x52  main.o [1]
  .text                  ro code   0x800'5462    0x32  main.o [1]
  .rodata                const     0x800'5494    0x44  iostream_cout.o [3]
  .rodata                const     0x800'54d8    0x44  iostream_cout.o [3]
  .text                  ro code   0x800'551c    0x38  iostream_cout.o [3]
  .text                  ro code   0x800'5554    0x20  putchar.o [2]
  .text                  ro code   0x800'5574    0x10  write.o [6]
  .text                  ro code   0x800'5584    0x1e  dwrite.o [6]
  .text                  ro code   0x800'55a2    0x20  iarwstd.o [6]
  .text                  ro code   0x800'55c2    0x22  iarwrite.o [6]
  .rodata                const     0x800'55e4    0x30  main.o [1]
  .rodata                const     0x800'5614    0x30  main.o [1]
  .text                  ro code   0x800'5644    0x2e  main.o [1]
  .text                  ro code   0x800'5672    0x18  main.o [1]
  .rodata                const     0x800'568c    0x28  iostream_cout.o [3]
  .text                  ro code   0x800'56b4    0x28  data_init.o [5]
  .rodata                const     0x800'56dc    0x24  main.o [1]
  .rodata                const     0x800'5700    0x24  main.o [1]
  .text                  ro code   0x800'5724    0x24  main.o [1]
  .text                  ro code   0x800'5748    0x18  main.o [1]
  .text                  ro code   0x800'5760    0x22  fpinit_M.o [4]
  .iar.init_table        const     0x800'5784    0x28  - Linker created -
  .text                  ro code   0x800'57ac    0x20  cmain_call_ctors.o [5]
  .text                  ro code   0x800'57cc    0x1e  cmain.o [5]
  .text                  ro code   0x800'57ea     0x4  exit.o [2]
  .text                  ro code   0x800'57f0     0xe  cexit.o [5]
  .text                  ro code   0x800'5800    0x18  main.o [1]
  .text                  ro code   0x800'5818    0x18  main.o [1]
  .text                  ro code   0x800'5830     0x4  delaop_0.o [3]
  .text                  ro code   0x800'5834    0x14  iostream_cout.o [3]
  .rodata                const     0x800'5848    0x10  main.o [1]
  .rodata                const     0x800'5858    0x10  main.o [1]
  .rodata                const     0x800'5868    0x10  main.o [1]
  .rodata                const     0x800'5878    0x10  ios.o [3]
  .rodata                const     0x800'5888    0x10  iostream_cout.o [3]
  .text                  ro code   0x800'5898     0xe  main.o [1]
  .text                  ro code   0x800'58a6     0xc  main.o [1]
  .text                  ro code   0x800'58b2     0xe  iostream_cout.o [3]
  .rodata                const     0x800'58c0     0xc  main.o [1]
  .text                  ro code   0x800'58cc     0xc  main.o [1]
  .text                  ro code   0x800'58d8     0xc  cstartup_M.o [5]
  .rodata                const     0x800'58e4     0x8  main.o [1]
  .rodata                const     0x800'58ec     0x8  main.o [1]
  .rodata                const     0x800'58f4     0x8  xprintffull_nomb.o [2]
  SHT$$PREINIT_ARRAY               0x800'58fc     0x4  <Block>
    .preinit_array       const     0x800'58fc     0x4  iostream_cout.o [3]
  SHT$$INIT_ARRAY                  0x800'5900     0x4  <Block>
    .init_array          const     0x800'5900     0x4  ios.o [3]
  __iar_tls$$INIT_ARRAY            0x800'5904     0x0  <Block>
  Initializer bytes      const     0x800'5904     0x8  <for P2-1>
  .rodata                const     0x800'590c     0x4  main.o [1]
  .rodata                const     0x800'5910     0x4  main.o [1]
  .rodata                const     0x800'5914     0x4  main.o [1]
  .text                  ro code   0x800'5918     0x4  main.o [1]
  .text                  ro code   0x800'591c     0x4  main.o [1]
  .text                  ro code   0x800'5920     0x4  iostream_cout.o [3]
  .text                  ro code   0x800'5924     0x0  cstart_call_dtors.o [5]
  .rodata                const     0x800'5924     0x0  zero_init3.o [5]
  .rodata                const     0x800'5924     0x0  copy_init3.o [5]
                                 - 0x800'5924  0x58e4

"P2", part 1 of 3:                                0x8
  P2-1                            0x2000'0000     0x8  <Init block>
    .data                inited   0x2000'0000     0x8  XShttio.o [2]
                                - 0x2000'0008     0x8

"P2", part 2 of 3:                              0x2d8
  .bss                   zero     0x2000'0008   0x1d8  dlmalloc.o [2]
  .bss                   zero     0x2000'01e0    0x70  iostream_cout.o [3]
  .bss                   zero     0x2000'0250    0x34  ios.o [3]
  .bss                   zero     0x2000'0284    0x18  dlmalloc.o [2]
  .bss                   zero     0x2000'029c    0x14  main.o [1]
  .bss                   zero     0x2000'02b0    0x10  ios.o [3]
  .bss                   zero     0x2000'02c0     0x4  main.o [1]
  .bss                   zero     0x2000'02c4     0x4  main.o [1]
  .bss                   zero     0x2000'02c8     0x4  cppinit.o [2]
  .bss                   zero     0x2000'02cc     0x4  cppinit.o [2]
  .bss                   zero     0x2000'02d0     0x4  new.o [3]
  .bss                   zero     0x2000'02d4     0x4  xgetmemchunk.o [2]
  .bss                   zero     0x2000'02d8     0x4  xfail_s.o [2]
  .bss                   zero     0x2000'02dc     0x1  main.o [1]
  .bss                   zero     0x2000'02dd     0x1  main.o [1]
  .bss                   zero     0x2000'02de     0x1  main.o [1]
  .bss                   zero     0x2000'02df     0x1  XShttio.o [2]
                                - 0x2000'02e0   0x2d8

"P2", part 3 of 3:                             0xa1a8
  .iar.dynexit                    0x2000'02e0   0x1a4  <Block>
    .iar.dynexit         uninit   0x2000'02e0     0xc  cppinit.o [2]
    .iar.dynexit         uninit   0x2000'02ec   0x198  <Block tail>
  CSTACK                          0x2000'0488  0x8000  <Block>
    CSTACK               uninit   0x2000'0488  0x8000  <Block tail>
  HEAP                            0x2000'8488  0x2000  <Block>
    HEAP                 uninit   0x2000'8488  0x2000  <Block tail>
                                - 0x2000'a488  0xa1a8

Unused ranges:

         From           To      Size
         ----           --      ----
   0x800'5924   0x807'ffff  0x7'a6dc
  0x2000'a488  0x2001'ffff  0x1'5b78


*******************************************************************************
*** INIT TABLE
***

          Address      Size
          -------      ----
Zero (__iar_zero_init3)
    1 destination range, total size 0x2d8:
          0x2000'0008  0x2d8

Copy (__iar_copy_init3)
    1 source range, total size 0x8:
           0x800'5904    0x8
    1 destination range, total size 0x8:
          0x2000'0000    0x8

Extra (__iar_cstart_call_ctors)



*******************************************************************************
*** MODULE SUMMARY
***

    Module                  ro code  ro data  rw data
    ------                  -------  -------  -------
command line/config:
    -------------------------------------------------
    Total:

D:\kraizette\STD\VII-VIII\POIP\PROJECTS\ÎÒ×ÅÒ6\ÑPP\6.1\Debug\Obj: [1]
    main.o                    7'696      260       31
    -------------------------------------------------
    Total:                    7'696      260       31

dl7M_tln.a: [2]
    XShttio.o                    60        8        9
    abort.o                       6
    cppinit.o                   160                20
    dlmalloc.o                5'276               496
    exit.o                        4
    heaptramp0.o                  4
    putchar.o                    32
    sprintf.o                    64
    strcspn.o                    34
    xfail_s.o                    64                 4
    xgetmemchunk.o               44                 4
    xprintffull_nomb.o        4'010        8
    xsprout.o                    10
    -------------------------------------------------
    Total:                    9'768       16      533

dlpp7M_tl_nc.a: [3]
    cxxabi.o                     10
    delaop_0.o                    4
    delop4_0.o                    4
    delop_0.o                    10
    ios.o                       260       20       68
    iostream_cout.o             436      196      112
    new.o                                           4
    newop_0.o                    36
    nomemory.o                    4
    -------------------------------------------------
    Total:                      764      216      184

m7M_tls.a: [4]
    DblAdd.o                    362
    DblCmpEq.o                   32
    DblCmpGe.o                   46
    DblCmpLe.o                   46
    DblDiv.o                    582
    DblMul.o                    418
    DblSub.o                    226
    DblToS32.o                   58
    DblToU32.o                   40
    FltToDbl.o                   72
    S32ToDbl.o                   34
    U32ToDbl.o                   26
    fpinit_M.o                   34
    frexp.o                     112
    ldexp.o                     314
    -------------------------------------------------
    Total:                    2'402

rt7M_tl.a: [5]
    ABImemcpy_unaligned.o       118
    ABImemmove_unaligned.o      120
    ABImemset.o                 102
    I64DivMod.o                 560
    I64DivZer.o                   2
    cexit.o                      14
    cmain.o                      30
    cmain_call_ctors.o           32
    copy_init3.o                 46
    cstart_call_dtors.o
    cstartup_M.o                 12
    data_init.o                  40
    memchr.o                     88
    strchr.o                     22
    strlen.o                     54
    vector_table_M.o             66
    zero_init3.o                 58
    -------------------------------------------------
    Total:                    1'364

shb_l.a: [6]
    dwrite.o                     30
    exit.o                       20
    iarttio.o                   124
    iarwrite.o                   34
    iarwstd.o                    32
    unwind_debug.o                         1
    write.o                      16
    -------------------------------------------------
    Total:                      256        1

    Gaps                         33        4
    Linker created                        40   41'368
-----------------------------------------------------
    Grand Total:             22'283      537   42'116


*******************************************************************************
*** ENTRY LIST
***

Entry                       Address   Size  Type      Object
-----                       -------   ----  ----      ------
.iar.dynexit$$Base      0x2000'02e0          --   Gb  - Linker created -
.iar.dynexit$$Limit     0x2000'0484          --   Gb  - Linker created -
.iar.init_table$$Base    0x800'5784          --   Gb  - Linker created -
.iar.init_table$$Limit   0x800'57ac          --   Gb  - Linker created -
?main                    0x800'57cd         Code  Gb  cmain.o [5]
CSTACK$$Base            0x2000'0488          --   Gb  - Linker created -
CSTACK$$Limit           0x2000'8488          --   Gb  - Linker created -
DtorRecArray            0x2000'02e0    0xc  Data  Lc  cppinit.o [2]
HEAP$$Base              0x2000'8488          --   Gb  - Linker created -
HEAP$$Limit             0x2000'a488          --   Gb  - Linker created -
Initialization guard variable for std::ctype<char> const & std::use_facet<std::ctype<char>>()::_MyFacet
                        0x2000'02dd    0x1  Data  Gb  main.o [1]
Initialization guard variable for std::num_put<char, std::ostreambuf_iterator<char, std::char_traits<char>>> const & std::use_facet<std::num_put<char, std::ostreambuf_iterator<char, std::char_traits<char>>>>()::_MyFacet
                        0x2000'02dc    0x1  Data  Gb  main.o [1]
Initialization guard variable for std::numpunct<char> const & std::use_facet<std::numpunct<char>>()::_MyFacet
                        0x2000'02de    0x1  Data  Gb  main.o [1]
Region$$Table$$Base      0x800'5784          --   Gb  - Linker created -
Region$$Table$$Limit     0x800'57ac          --   Gb  - Linker created -
SHT$$INIT_ARRAY$$Base    0x800'5900          --   Gb  - Linker created -
SHT$$INIT_ARRAY$$Limit   0x800'5904          --   Gb  - Linker created -
SHT$$PREINIT_ARRAY$$Base
                         0x800'58fc          --   Gb  - Linker created -
SHT$$PREINIT_ARRAY$$Limit
                         0x800'5900          --   Gb  - Linker created -
Virtual function table for std::_Wrap_facet<std::ctype<char>>
                         0x800'5858   0x10  Data  Gb  main.o [1]
Virtual function table for std::_Wrap_facet<std::num_put<char, std::ostreambuf_iterator<char, std::char_traits<char>>>>
                         0x800'5614   0x30  Data  Gb  main.o [1]
Virtual function table for std::_Wrap_facet<std::numpunct<char>>
                         0x800'5700   0x24  Data  Gb  main.o [1]
Virtual function table for std::__nobasic_filebuf<char, std::char_traits<char>>
                         0x800'54d8   0x44  Data  Gb  iostream_cout.o [3]
Virtual function table for std::ctype<char>
                         0x800'5848   0x10  Data  Gb  main.o [1]
Virtual function table for std::ios
                         0x800'5888   0x10  Data  Gb  iostream_cout.o [3]
Virtual function table for std::ios_base
                         0x800'5878   0x10  Data  Gb  ios.o [3]
Virtual function table for std::num_put<char, std::ostreambuf_iterator<char, std::char_traits<char>>>
                         0x800'55e4   0x30  Data  Gb  main.o [1]
Virtual function table for std::numpunct<char>
                         0x800'56dc   0x24  Data  Gb  main.o [1]
Virtual function table for std::ostream
                         0x800'568c   0x28  Data  Gb  iostream_cout.o [3]
Virtual function table for std::streambuf
                         0x800'5494   0x44  Data  Gb  iostream_cout.o [3]
[local to ios_cpp]::std::stdopens
                        0x2000'0250    0xc  Data  Lc  ios.o [3]
[local to ios_cpp]::std::stdstr
                        0x2000'025c   0x28  Data  Lc  ios.o [3]
[local to iostream_cout_cpp]::std::__iarcoutguard
                        0x2000'020c    0x1  Data  Lc  iostream_cout.o [3]
[local to iostream_cout_cpp]::std::fout
                        0x2000'0210   0x40  Data  Lc  iostream_cout.o [3]
_LitobFullNoMb           0x800'23b9  0x10a  Code  Lc  xprintffull_nomb.o [2]
_PrintfFullNoMb          0x800'1615  0xd80  Code  Gb  xprintffull_nomb.o [2]
_PutcharFullNoMb         0x800'2529   0x20  Code  Lc  xprintffull_nomb.o [2]
_PutcharsFullNoMb        0x800'2549   0x2e  Code  Lc  xprintffull_nomb.o [2]
_SProut                  0x800'2603    0xa  Code  Gb  xsprout.o [2]
__aeabi_atexit           0x800'3899    0xa  Code  Gb  cxxabi.o [3]
__aeabi_cdcmpeq          0x800'4ed1         Code  Gb  DblCmpEq.o [4]
__aeabi_cdcmple          0x800'27c9         Code  Gb  DblCmpLe.o [4]
__aeabi_cdrcmple         0x800'27f9         Code  Gb  DblCmpGe.o [4]
__aeabi_d2iz             0x800'2965         Code  Gb  DblToS32.o [4]
__aeabi_d2uiz            0x800'2cf1         Code  Gb  DblToU32.o [4]
__aeabi_ddiv             0x800'2aa9         Code  Gb  DblDiv.o [4]
__aeabi_dmul             0x800'2d35         Code  Gb  DblMul.o [4]
__aeabi_dsub             0x800'29c5         Code  Gb  DblSub.o [4]
__aeabi_f2d              0x800'4745         Code  Gb  FltToDbl.o [4]
__aeabi_i2d              0x800'29a1         Code  Gb  S32ToDbl.o [4]
__aeabi_ldiv0            0x800'3275         Code  Gb  I64DivZer.o [5]
__aeabi_memset           0x800'3e41         Code  Gb  ABImemset.o [5]
__aeabi_ui2d             0x800'2d19         Code  Gb  U32ToDbl.o [4]
__aeabi_uldivmod         0x800'2ed9         Code  Gb  I64DivMod.o [5]
__call_ctors             0x800'3ae1   0x18  Code  Gb  cppinit.o [2]
__call_dtors             0x800'3b2f    0xc  Code  Gb  cppinit.o [2]
__call_dtors0            0x800'3b3b   0x36  Code  Gb  cppinit.o [2]
__cexit_call_dtors       0x800'57f3         Code  Gb  cexit.o [5]
__cmain                  0x800'57cd         Code  Gb  cmain.o [5]
__cstart_call_dtors      0x800'5924         Data  Gb  cstart_call_dtors.o [5]
__cxa_atexit             0x800'3af9   0x36  Code  Gb  cppinit.o [2]
__data_GetMemChunk       0x800'151d   0x2c  Code  Gb  xgetmemchunk.o [2]
__data_GetMemChunk::start
                        0x2000'02d4    0x4  Data  Lc  xgetmemchunk.o [2]
__dso_handle            0x2000'02cc    0x4  Data  Gb  cppinit.o [2]
__dwrite                 0x800'5585   0x1e  Code  Gb  dwrite.o [6]
__exit                   0x800'1549   0x14  Code  Gb  exit.o [6]
__iar_Fail_s             0x800'260d   0x1c  Code  Gb  xfail_s.o [2]
__iar_Memchr             0x800'2689         Code  Gb  memchr.o [5]
__iar_Memset             0x800'3e41         Code  Gb  ABImemset.o [5]
__iar_Memset_word        0x800'3e49         Code  Gb  ABImemset.o [5]
__iar_Strchr             0x800'25ed         Code  Gb  strchr.o [5]
__iar_close_ttio         0x800'155d   0x2c  Code  Gb  iarttio.o [6]
__iar_copy_init3         0x800'25bf   0x2e  Code  Gb  copy_init3.o [5]
__iar_cstart_call_ctors
                         0x800'57ad   0x20  Code  Gb  cmain_call_ctors.o [5]
__iar_dadd               0x800'29d5         Code  Gb  DblSub.o [4]
__iar_data_init3         0x800'56b5   0x28  Code  Gb  data_init.o [5]
__iar_debug_exceptions   0x800'29c2    0x1  Data  Gb  unwind_debug.o [6]
__iar_dlfree             0x800'0fb7  0x51e  Code  Gb  dlmalloc.o [2]
__iar_dlmalloc           0x800'00c9  0xeee  Code  Gb  dlmalloc.o [2]
__iar_dsub               0x800'3109         Code  Gb  DblAdd.o [4]
__iar_dsubStart          0x800'311b         Code  Gb  DblAdd.o [4]
__iar_frexp              0x800'2765         Code  Gb  frexp.o [4]
__iar_frexpl             0x800'2765         Code  Gb  frexp.o [4]
__iar_get_ttio           0x800'1589   0x4c  Code  Gb  iarttio.o [6]
__iar_init_vfp           0x800'5761         Code  Gb  fpinit_M.o [4]
__iar_ldexp64            0x800'2829         Code  Gb  ldexp.o [4]
__iar_lookup_ttioh       0x800'1607    0x4  Code  Gb  XShttio.o [2]
__iar_program_start      0x800'58d9         Code  Gb  cstartup_M.o [5]
__iar_scalbln64          0x800'2829         Code  Gb  ldexp.o [4]
__iar_scalbn64           0x800'2829         Code  Gb  ldexp.o [4]
__iar_sh_stdout          0x800'55a3   0x20  Code  Gb  iarwstd.o [6]
__iar_sh_write           0x800'55c3   0x22  Code  Gb  iarwrite.o [6]
__iar_softfp___iar_frexp64
                         0x800'2759         Code  Gb  frexp.o [4]
__iar_softfp_frexp       0x800'2759         Code  Gb  frexp.o [4]
__iar_softfp_frexpl      0x800'2759         Code  Gb  frexp.o [4]
__iar_tls$$INIT_ARRAY$$Base
                         0x800'5904          --   Gb  - Linker created -
__iar_tls$$INIT_ARRAY$$Limit
                         0x800'5904          --   Gb  - Linker created -
__iar_ttio_guard_lock    0x800'15d9   0x1e  Code  Gb  XShttio.o [2]
__iar_ttio_guard_unlock
                         0x800'15f7   0x10  Code  Gb  XShttio.o [2]
__iar_ttio_handles      0x2000'0000    0x8  Data  Lc  XShttio.o [2]
__iar_unaligned_memcpy   0x800'26e1         Code  Gb  ABImemcpy_unaligned.o [5]
__iar_unaligned_memcpy4
                         0x800'2701         Code  Gb  ABImemcpy_unaligned.o [5]
__iar_unaligned_memcpy8
                         0x800'2701         Code  Gb  ABImemcpy_unaligned.o [5]
__iar_unaligned_memmove
                         0x800'3c79         Code  Gb  ABImemmove_unaligned.o [5]
__iar_unaligned_memmove4
                         0x800'3c79         Code  Gb  ABImemmove_unaligned.o [5]
__iar_unaligned_memmove8
                         0x800'3c79         Code  Gb  ABImemmove_unaligned.o [5]
__iar_zero_init3         0x800'14e3   0x3a  Code  Gb  zero_init3.o [5]
__low_level_init         0x800'4081  0x17e  Code  Gb  main.o [1]
__sti__routine           0x800'48db    0xa  Code  Lc  ios.o [3]
__sti__routine           0x800'50e5   0x90  Code  Lc  iostream_cout.o [3]
__vector_table           0x800'0000         Data  Gb  vector_table_M.o [5]
__write                  0x800'5575   0x10  Code  Gb  write.o [6]
_call_main               0x800'57d9         Code  Gb  cmain.o [5]
_exit                    0x800'57f1         Code  Gb  cexit.o [5]
_gm_                    0x2000'0008  0x1d8  Data  Lc  dlmalloc.o [2]
_main                    0x800'57e7         Code  Gb  cmain.o [5]
abort                    0x800'14dd    0x6  Code  Gb  abort.o [2]
char * && std::forward<char *>(std::remove_reference<char *>::type &)
                         0x800'3f91    0x2  Code  Gb  main.o [1]
char * std::_Addressof<char>(char &, std::integral_constant<bool, (bool)0>)
                         0x800'3dbd    0x2  Code  Gb  main.o [1]
char * std::_Allocate<char>(unsigned int, char *, bool)
                         0x800'400f   0x1a  Code  Gb  main.o [1]
char * std::_Maklocstr<char>(char const *, char *)
                         0x800'3fb9   0x34  Code  Gb  main.o [1]
char * std::addressof<char>(char &)
                         0x800'3a6b    0xc  Code  Gb  main.o [1]
char std::_Maklocchr<char>(char, char *)
                         0x800'3f6d    0x4  Code  Gb  main.o [1]
const std::allocator<char>& && std::forward<const std::allocator<char>&>(std::remove_reference<const std::allocator<char>&>::type &)
                         0x800'3ed3    0x2  Code  Gb  main.o [1]
exit                     0x800'57eb    0x4  Code  Gb  exit.o [2]
free                     0x800'404f    0x4  Code  Gb  heaptramp0.o [2]
init_mparams             0x800'005b   0x2c  Code  Lc  dlmalloc.o [2]
init_top                 0x800'0087   0x34  Code  Lc  dlmalloc.o [2]
ldexp                    0x800'2829         Code  Gb  ldexp.o [4]
ldexpl                   0x800'2829         Code  Gb  ldexp.o [4]
main                     0x800'4201   0x72  Code  Gb  main.o [1]
memchr                   0x800'2689         Code  Gb  memchr.o [5]
mparams                 0x2000'0284   0x18  Data  Lc  dlmalloc.o [2]
next_abi_dtor_rec       0x2000'02c8    0x4  Data  Lc  cppinit.o [2]
operator delete (void *)
                         0x800'3faf    0xa  Code  Gb  delop_0.o [3]
operator delete (void *, unsigned int)
                         0x800'4a55    0x4  Code  Gb  delop4_0.o [3]
operator delete[] (void *)
                         0x800'5831    0x4  Code  Gb  delaop_0.o [3]
operator new (unsigned int)
                         0x800'4055   0x24  Code  Gb  newop_0.o [3]
operator new (unsigned int, void *)
                         0x800'4079    0x4  Code  Gb  main.o [1]
putchar                  0x800'5555   0x20  Code  Gb  putchar.o [2]
scalbln                  0x800'2829         Code  Gb  ldexp.o [4]
scalblnl                 0x800'2829         Code  Gb  ldexp.o [4]
scalbn                   0x800'2829         Code  Gb  ldexp.o [4]
scalbnl                  0x800'2829         Code  Gb  ldexp.o [4]
scale                    0x800'24c3   0x46  Code  Lc  xprintffull_nomb.o [2]
sec_hand                0x2000'02d8    0x4  Data  Lc  xfail_s.o [2]
segment_holding          0x800'0041   0x1a  Code  Lc  dlmalloc.o [2]
sprintf                  0x800'4fe9   0x40  Code  Gb  sprintf.o [2]
std::_Compressed_pair<std::_Wrap_alloc<std::allocator<char>>, std::_String_val<std::_Simple_types<char>>, (bool)1>::_Compressed_pair<const std::allocator<char>&, >(std::_One_then_variadic_args_t, const std::allocator<char>& &&,  &&...)
                         0x800'3d8d   0x1e  Code  Gb  main.o [1]
std::_Compressed_pair<std::_Wrap_alloc<std::allocator<char>>, std::_String_val<std::_Simple_types<char>>, (bool)1>::_Get_first()
                         0x800'3dab    0x2  Code  Gb  main.o [1]
std::_Compressed_pair<std::_Wrap_alloc<std::allocator<char>>, std::_String_val<std::_Simple_types<char>>, (bool)1>::_Get_first() const
                         0x800'3f71    0x2  Code  Gb  main.o [1]
std::_Compressed_pair<std::_Wrap_alloc<std::allocator<char>>, std::_String_val<std::_Simple_types<char>>, (bool)1>::_Get_second()
                         0x800'3dd1    0x2  Code  Gb  main.o [1]
std::_Compressed_pair<std::_Wrap_alloc<std::allocator<char>>, std::_String_val<std::_Simple_types<char>>, (bool)1>::_Get_second() const
                         0x800'3ea7    0x2  Code  Gb  main.o [1]
std::_Fpz               0x2000'02b0   0x10  Data  Gb  ios.o [3]
std::_NomemoryNothrow()
                         0x800'407d    0x4  Code  Gb  nomemory.o [3]
std::_String_alloc<std::_String_base_types<char, std::allocator<char>>>::_Bx()
                         0x800'3a43    0xc  Code  Gb  main.o [1]
std::_String_alloc<std::_String_base_types<char, std::allocator<char>>>::_Get_data()
                         0x800'3ab3    0xc  Code  Gb  main.o [1]
std::_String_alloc<std::_String_base_types<char, std::allocator<char>>>::_Get_data() const
                         0x800'3d1b    0xc  Code  Gb  main.o [1]
std::_String_alloc<std::_String_base_types<char, std::allocator<char>>>::_Getal()
                         0x800'3a4f    0xc  Code  Gb  main.o [1]
std::_String_alloc<std::_String_base_types<char, std::allocator<char>>>::_Getal() const
                         0x800'3dfd    0xc  Code  Gb  main.o [1]
std::_String_alloc<std::_String_base_types<char, std::allocator<char>>>::_Myptr()
                         0x800'386f   0x10  Code  Gb  main.o [1]
std::_String_alloc<std::_String_base_types<char, std::allocator<char>>>::_Myptr() const
                         0x800'39ad   0x10  Code  Gb  main.o [1]
std::_String_alloc<std::_String_base_types<char, std::allocator<char>>>::_Myres()
                         0x800'3a35    0xe  Code  Gb  main.o [1]
std::_String_alloc<std::_String_base_types<char, std::allocator<char>>>::_Mysize()
                         0x800'38a3    0xe  Code  Gb  main.o [1]
std::_String_alloc<std::_String_base_types<char, std::allocator<char>>>::_Mysize() const
                         0x800'39bd    0xe  Code  Gb  main.o [1]
std::_String_alloc<std::_String_base_types<char, std::allocator<char>>>::_String_alloc(const std::allocator<char>&)
                         0x800'3a19   0x1c  Code  Gb  main.o [1]
std::_String_alloc<std::_String_base_types<char, std::allocator<char>>>::_String_alloc(const std::allocator<char>&) [subobject]
                         0x800'37a5    0xc  Code  Gb  main.o [1]
std::_String_val<std::_Simple_types<char>>::_Myptr()
                         0x800'3abf   0x16  Code  Gb  main.o [1]
std::_String_val<std::_Simple_types<char>>::_Myptr() const
                         0x800'3d27   0x16  Code  Gb  main.o [1]
std::_String_val<std::_Simple_types<char>>::_String_val()
                         0x800'3ee1    0xa  Code  Gb  main.o [1]
std::_Wrap_alloc<std::allocator<char>>::_Wrap_alloc(const std::allocator<char>&)
                         0x800'3fad    0x2  Code  Gb  main.o [1]
std::_Wrap_alloc<std::allocator<char>>::_Wrap_alloc(const std::allocator<char>&) [subobject]
                         0x800'3ed5    0xc  Code  Gb  main.o [1]
std::_Wrap_alloc<std::allocator<char>>::allocate(unsigned int)
                         0x800'3e15   0x10  Code  Gb  main.o [1]
std::_Wrap_alloc<std::allocator<char>>::deallocate(char *, unsigned int)
                         0x800'3a9f   0x14  Code  Gb  main.o [1]
std::_Wrap_alloc<std::allocator<char>>::max_size(std::_Nil) const
                         0x800'3e09    0xc  Code  Gb  main.o [1]
std::_Wrap_facet<std::ctype<char>>::_Wrap_facet()
                         0x800'378d   0x18  Code  Gb  main.o [1]
std::_Wrap_facet<std::num_put<char, std::ostreambuf_iterator<char, std::char_traits<char>>>>::_Wrap_facet()
                         0x800'4875   0x18  Code  Gb  main.o [1]
std::_Wrap_facet<std::numpunct<char>>::_Wrap_facet()
                         0x800'3881   0x18  Code  Gb  main.o [1]
std::_Wrap_facet<std::numpunct<char>>::~_Wrap_facet()
                         0x800'5899    0xe  Code  Gb  main.o [1]
std::__iar_New_hand     0x2000'02d0    0x4  Data  Gb  new.o [3]
std::__iar_cout_guard::~__iar_cout_guard()
                         0x800'5835   0x14  Code  Gb  iostream_cout.o [3]
std::__nobasic_filebuf<char, std::char_traits<char>>::__nobasic_filebuf()
                         0x800'5175   0x5c  Code  Gb  iostream_cout.o [3]
std::__nobasic_filebuf<char, std::char_traits<char>>::overflow(int)
                         0x800'551d   0x38  Code  Gb  iostream_cout.o [3]
std::allocator<char>::allocate(unsigned int)
                         0x800'3f7f   0x12  Code  Gb  main.o [1]
std::allocator<char>::deallocate(char *, unsigned int)
                         0x800'3dbf   0x12  Code  Gb  main.o [1]
std::allocator<char>::max_size() const
                         0x800'4007    0x8  Code  Gb  main.o [1]
std::allocator_traits<std::allocator<char>>::max_size(const std::allocator<char>&)
                         0x800'3f73    0xc  Code  Gb  main.o [1]
std::char_traits<char>::assign(char &, char const &)
                         0x800'3cf1    0x6  Code  Gb  main.o [1]
std::char_traits<char>::assign(char *, unsigned int, char)
                         0x800'3cf7   0x24  Code  Gb  main.o [1]
std::char_traits<char>::copy(char *, char const *, unsigned int)
                         0x800'3a77   0x28  Code  Gb  main.o [1]
std::char_traits<char>::eq_int_type(int const &, int const &)
                         0x800'3d6f   0x12  Code  Gb  main.o [1]
std::char_traits<char>::length(char const *)
                         0x800'4609   0x16  Code  Gb  main.o [1]
std::char_traits<char>::move(char *, char const *, unsigned int)
                         0x800'392d   0x28  Code  Gb  main.o [1]
std::char_traits<char>::to_int_type(char const &)
                         0x800'3ecf    0x4  Code  Gb  main.o [1]
std::cout               0x2000'01e0   0x2c  Data  Gb  iostream_cout.o [3]
std::ctype<char> const & std::use_facet<std::ctype<char>>()
                         0x800'3585   0x20  Code  Gb  main.o [1]
std::ctype<char> const & std::use_facet<std::ctype<char>>()::_MyFacet
                        0x2000'02c4    0x4  Data  Gb  main.o [1]
std::ctype<char>::ctype()
                         0x800'3d81    0xc  Code  Gb  main.o [1]
std::ctype<char>::ctype() [subobject]
                         0x800'3a0d    0xc  Code  Gb  main.o [1]
std::ctype<char>::widen(char const *, char const *, char *) const
                         0x800'35e7   0x18  Code  Gb  main.o [1]
std::ctype<char>::widen(char) const
                         0x800'35a5    0x8  Code  Gb  main.o [1]
std::ios::clear(std::_Iosb<int>::_Iostate, bool)
                         0x800'4845   0x24  Code  Gb  main.o [1]
std::ios::fill() const   0x800'469d    0x6  Code  Gb  main.o [1]
std::ios::rdbuf() const
                         0x800'46a3    0x4  Code  Gb  main.o [1]
std::ios::setstate(std::_Iosb<int>::_Iostate, bool)
                         0x800'46bd   0x28  Code  Gb  main.o [1]
std::ios::tie() const    0x800'47e9    0x4  Code  Gb  main.o [1]
std::ios::widen(char) const
                         0x800'5673   0x18  Code  Gb  main.o [1]
std::ios_base::_Addstd(std::ios_base*)
                         0x800'4945   0x36  Code  Gb  ios.o [3]
std::ios_base::_Callfns(std::ios_base::event)
                         0x800'4929   0x1c  Code  Gb  ios.o [3]
std::ios_base::_Init()   0x800'4989   0x1c  Code  Gb  ios.o [3]
std::ios_base::_Tidy()   0x800'49a5   0x38  Code  Gb  ios.o [3]
std::ios_base::clear(std::_Iosb<int>::_Iostate, bool)
                         0x800'48e5   0x20  Code  Gb  ios.o [3]
std::ios_base::flags() const
                         0x800'3559    0x4  Code  Gb  main.o [1]
std::ios_base::good() const
                         0x800'47d1   0x18  Code  Gb  main.o [1]
std::ios_base::precision() const
                         0x800'4ecd    0x4  Code  Gb  main.o [1]
std::ios_base::rdstate() const
                         0x800'4841    0x4  Code  Gb  main.o [1]
std::ios_base::width() const
                         0x800'370d    0x4  Code  Gb  main.o [1]
std::ios_base::width(int)
                         0x800'3771    0x8  Code  Gb  main.o [1]
std::ios_base::~ios_base()
                         0x800'4905   0x24  Code  Gb  ios.o [3]
std::ios_base::~ios_base() [subobject]
                         0x800'48d9    0x2  Code  Gb  ios.o [3]
std::num_put<char, std::ostreambuf_iterator<char, std::char_traits<char>>> const & std::use_facet<std::num_put<char, std::ostreambuf_iterator<char, std::char_traits<char>>>>()
                         0x800'46f5   0x20  Code  Gb  main.o [1]
std::num_put<char, std::ostreambuf_iterator<char, std::char_traits<char>>> const & std::use_facet<std::num_put<char, std::ostreambuf_iterator<char, std::char_traits<char>>>>()::_MyFacet
                        0x2000'02c0    0x4  Data  Gb  main.o [1]
std::num_put<char, std::ostreambuf_iterator<char, std::char_traits<char>>>::_Ffmt(char *, char, std::_Iosb<int>::_Fmtflags) const
                         0x800'4ef1   0xf8  Code  Gb  main.o [1]
std::num_put<char, std::ostreambuf_iterator<char, std::char_traits<char>>>::_Fput(std::ostreambuf_iterator<char, std::char_traits<char>>, std::ios_base &, char, char const *, unsigned int, unsigned int, unsigned int, unsigned int) const
                         0x800'3279  0x2e0  Code  Gb  main.o [1]
std::num_put<char, std::ostreambuf_iterator<char, std::char_traits<char>>>::_Fput(std::ostreambuf_iterator<char, std::char_traits<char>>, std::ios_base &, char, char const *, unsigned int, unsigned int, unsigned int, unsigned int) const::string
                         0x800'5910    0x4  Data  Gb  main.o [1]
std::num_put<char, std::ostreambuf_iterator<char, std::char_traits<char>>>::_Fput(std::ostreambuf_iterator<char, std::char_traits<char>>, std::ios_base &, char, char const *, unsigned int, unsigned int, unsigned int, unsigned int) const::string (instance 2)
                         0x800'5914    0x4  Data  Gb  main.o [1]
std::num_put<char, std::ostreambuf_iterator<char, std::char_traits<char>>>::_Ifmt(char *, char const *, std::_Iosb<int>::_Fmtflags) const
                         0x800'5029   0xbc  Code  Gb  main.o [1]
std::num_put<char, std::ostreambuf_iterator<char, std::char_traits<char>>>::_Iput(std::ostreambuf_iterator<char, std::char_traits<char>>, std::ios_base &, char, char *, unsigned int) const
                         0x800'4af5  0x244  Code  Gb  main.o [1]
std::num_put<char, std::ostreambuf_iterator<char, std::char_traits<char>>>::_Put(std::ostreambuf_iterator<char, std::char_traits<char>>, char const *, unsigned int) const
                         0x800'3741   0x30  Code  Gb  main.o [1]
std::num_put<char, std::ostreambuf_iterator<char, std::char_traits<char>>>::_Rep(std::ostreambuf_iterator<char, std::char_traits<char>>, char, unsigned int) const
                         0x800'3711   0x30  Code  Gb  main.o [1]
std::num_put<char, std::ostreambuf_iterator<char, std::char_traits<char>>>::do_put(std::ostreambuf_iterator<char, std::char_traits<char>>, std::ios_base &, char, double) const
                         0x800'4d39  0x194  Code  Gb  main.o [1]
std::num_put<char, std::ostreambuf_iterator<char, std::char_traits<char>>>::do_put(std::ostreambuf_iterator<char, std::char_traits<char>>, std::ios_base &, char, unsigned long) const
                         0x800'53b9   0x58  Code  Gb  main.o [1]
std::num_put<char, std::ostreambuf_iterator<char, std::char_traits<char>>>::do_put(std::ostreambuf_iterator<char, std::char_traits<char>>, std::ios_base &, char, unsigned long) const::string
                         0x800'590c    0x4  Data  Gb  main.o [1]
std::num_put<char, std::ostreambuf_iterator<char, std::char_traits<char>>>::num_put()
                         0x800'4a59    0xc  Code  Gb  main.o [1]
std::num_put<char, std::ostreambuf_iterator<char, std::char_traits<char>>>::num_put() [subobject]
                         0x800'49dd    0xc  Code  Gb  main.o [1]
std::num_put<char, std::ostreambuf_iterator<char, std::char_traits<char>>>::put(std::ostreambuf_iterator<char, std::char_traits<char>>, std::ios_base &, char, double) const
                         0x800'478d   0x38  Code  Gb  main.o [1]
std::num_put<char, std::ostreambuf_iterator<char, std::char_traits<char>>>::put(std::ostreambuf_iterator<char, std::char_traits<char>>, std::ios_base &, char, unsigned long) const
                         0x800'471d   0x24  Code  Gb  main.o [1]
std::numpunct<char> const & std::use_facet<std::numpunct<char>>()
                         0x800'3601   0x30  Code  Gb  main.o [1]
std::numpunct<char> const & std::use_facet<std::numpunct<char>>()::_MyFacet
                        0x2000'029c   0x14  Data  Gb  main.o [1]
std::numpunct<char>::_Init(bool)
                         0x800'3efd   0x70  Code  Gb  main.o [1]
std::numpunct<char>::_Init(bool)::string
                         0x800'299e    0x1  Data  Gb  main.o [1]
std::numpunct<char>::_Init(bool)::string (instance 2)
                         0x800'58e4    0x8  Data  Gb  main.o [1]
std::numpunct<char>::_Init(bool)::string (instance 3)
                         0x800'58ec    0x8  Data  Gb  main.o [1]
std::numpunct<char>::_Tidy()
                         0x800'5819   0x18  Code  Gb  main.o [1]
std::numpunct<char>::decimal_point() const
                         0x800'36e1    0xe  Code  Gb  main.o [1]
std::numpunct<char>::do_decimal_point() const
                         0x800'5919    0x4  Code  Gb  main.o [1]
std::numpunct<char>::do_grouping() const
                         0x800'58cd    0xc  Code  Gb  main.o [1]
std::numpunct<char>::do_thousands_sep() const
                         0x800'591d    0x4  Code  Gb  main.o [1]
std::numpunct<char>::grouping() const
                         0x800'3631    0xe  Code  Gb  main.o [1]
std::numpunct<char>::numpunct()
                         0x800'3dd5   0x28  Code  Gb  main.o [1]
std::numpunct<char>::numpunct() [subobject]
                         0x800'3ad5    0xc  Code  Gb  main.o [1]
std::numpunct<char>::thousands_sep() const
                         0x800'363f    0xe  Code  Gb  main.o [1]
std::numpunct<char>::~numpunct()
                         0x800'5801   0x18  Code  Gb  main.o [1]
std::numpunct<char>::~numpunct() [subobject]
                         0x800'58a7    0xc  Code  Gb  main.o [1]
std::operator &(std::_Iosb<int>::_Fmtflags, std::_Iosb<int>::_Fmtflags)
                         0x800'355d    0x6  Code  Gb  main.o [1]
std::operator |=(std::_Iosb<int>::_Iostate &, std::_Iosb<int>::_Iostate)
                         0x800'4695    0x8  Code  Gb  main.o [1]
std::ostream & std::endl<char, std::char_traits<char>>(std::ostream &)
                         0x800'5645   0x2e  Code  Gb  main.o [1]
std::ostream & std::operator <<<std::char_traits<char>>(std::ostream &, char const *)
                         0x800'42cd  0x1ce  Code  Gb  main.o [1]
std::ostream::_Flush_sentry::_Flush_sentry(std::ostream&)
                         0x800'488d   0x28  Code  Gb  main.o [1]
std::ostream::_Flush_sentry::_Flush_sentry(std::ostream&) [subobject]
                         0x800'47c5    0xc  Code  Gb  main.o [1]
std::ostream::_Flush_sentry::operator bool() const
                         0x800'4691    0x4  Code  Gb  main.o [1]
std::ostream::_Flush_sentry::~_Flush_sentry()
                         0x800'48c3   0x14  Code  Gb  main.o [1]
std::ostream::_Flush_sentry::~_Flush_sentry() [subobject]
                         0x800'4869    0xc  Code  Gb  main.o [1]
std::ostream::_Osfx()    0x800'49f5   0x54  Code  Gb  main.o [1]
std::ostream::_Sentry_base::_Sentry_base(std::ostream&)
                         0x800'4a65   0x4a  Code  Gb  main.o [1]
std::ostream::_Sentry_base::_Sentry_base(std::ostream&) [subobject]
                         0x800'49e9    0xc  Code  Gb  main.o [1]
std::ostream::_Sentry_base::~_Sentry_base()
                         0x800'4aaf   0x46  Code  Gb  main.o [1]
std::ostream::_Sentry_base::~_Sentry_base() [subobject]
                         0x800'4a49    0xc  Code  Gb  main.o [1]
std::ostream::flush()    0x800'47ed   0x54  Code  Gb  main.o [1]
std::ostream::operator <<(float)
                         0x800'4541   0xbc  Code  Gb  main.o [1]
std::ostream::operator <<(std::ostream&(*)(std::ostream&))
                         0x800'45fd    0xc  Code  Gb  main.o [1]
std::ostream::operator <<(unsigned int)
                         0x800'449b   0xa6  Code  Gb  main.o [1]
std::ostream::put(char)
                         0x800'51d1   0x82  Code  Gb  main.o [1]
std::ostream::sentry::sentry(std::ostream&)
                         0x800'461f   0x72  Code  Gb  main.o [1]
std::ostream::sentry::~sentry()
                         0x800'46e5    0xe  Code  Gb  main.o [1]
std::ostream::~basic_ostream()
                         0x800'58b3    0xe  Code  Gb  iostream_cout.o [3]
std::ostreambuf_iterator<char, std::char_traits<char>>::failed() const
                         0x800'4741    0x4  Code  Gb  main.o [1]
std::ostreambuf_iterator<char, std::char_traits<char>>::operator *()
                         0x800'39cb    0x2  Code  Gb  main.o [1]
std::ostreambuf_iterator<char, std::char_traits<char>>::operator ++()
                         0x800'3a0b    0x2  Code  Gb  main.o [1]
std::ostreambuf_iterator<char, std::char_traits<char>>::operator =(char)
                         0x800'39cd   0x3e  Code  Gb  main.o [1]
std::ostreambuf_iterator<char, std::char_traits<char>>::ostreambuf_iterator(std::streambuf *)
                         0x800'4715    0x8  Code  Gb  main.o [1]
std::remove_reference<char *&>::type && std::move<char *&>(char *& &&)
                         0x800'3e25    0x2  Code  Gb  main.o [1]
std::streambuf::_Lock()
                         0x800'27f7    0x2  Code  Gb  iostream_cout.o [3]
std::streambuf::_Pnavail() const
                         0x800'3ea9   0x18  Code  Gb  main.o [1]
std::streambuf::_Pninc()
                         0x800'3ec1    0xe  Code  Gb  main.o [1]
std::streambuf::_Unlock()
                         0x800'2827    0x2  Code  Gb  iostream_cout.o [3]
std::streambuf::overflow(int)
                         0x800'2683    0x6  Code  Gb  iostream_cout.o [3]
std::streambuf::pubsync()
                         0x800'48b5    0xe  Code  Gb  main.o [1]
std::streambuf::sputc(char)
                         0x800'3d3d   0x32  Code  Gb  main.o [1]
std::streambuf::sputn(char const *, int)
                         0x800'46a7   0x16  Code  Gb  main.o [1]
std::streambuf::sync()   0x800'5921    0x4  Code  Gb  iostream_cout.o [3]
std::streambuf::xsputn(char const *, int)
                         0x800'5359   0x60  Code  Gb  iostream_cout.o [3]
std::string::_Chassign(unsigned int, unsigned int, char)
                         0x800'3955   0x30  Code  Gb  main.o [1]
std::string::_Copy(unsigned int, unsigned int)
                         0x800'3b9d   0xdc  Code  Gb  main.o [1]
std::string::_Eos(unsigned int)
                         0x800'3985   0x28  Code  Gb  main.o [1]
std::string::_Grow(unsigned int, bool)
                         0x800'38b1   0x7c  Code  Gb  main.o [1]
std::string::_Inside(char const *)
                         0x800'5463   0x32  Code  Gb  main.o [1]
std::string::_Tidy(bool, unsigned int)
                         0x800'37b1   0x84  Code  Gb  main.o [1]
std::string::assign(char const *)
                         0x800'5749   0x18  Code  Gb  main.o [1]
std::string::assign(char const *, unsigned int)
                         0x800'5411   0x52  Code  Gb  main.o [1]
std::string::assign(const std::string&, unsigned int, unsigned int)
                         0x800'5253   0x7a  Code  Gb  main.o [1]
std::string::assign(unsigned int, char)
                         0x800'3835   0x3a  Code  Gb  main.o [1]
std::string::basic_string(char const *)
                         0x800'5725   0x24  Code  Gb  main.o [1]
std::string::basic_string(unsigned int, char)
                         0x800'35ad   0x2a  Code  Gb  main.o [1]
std::string::erase(unsigned int)
                         0x800'52cd   0x22  Code  Gb  main.o [1]
std::string::erase(unsigned int, unsigned int)
                         0x800'52ef   0x6a  Code  Gb  main.o [1]
std::string::insert(unsigned int, unsigned int, char)
                         0x800'364d   0x94  Code  Gb  main.o [1]
std::string::max_size() const
                         0x800'3b81   0x1c  Code  Gb  main.o [1]
std::string::operator [](unsigned int)
                         0x800'35d7   0x10  Code  Gb  main.o [1]
std::string::operator [](unsigned int) const
                         0x800'36ef   0x10  Code  Gb  main.o [1]
std::string::size() const
                         0x800'36ff    0xe  Code  Gb  main.o [1]
std::string::~basic_string()
                         0x800'3779   0x12  Code  Gb  main.o [1]
strchr                   0x800'25ed         Code  Gb  strchr.o [5]
strcspn                  0x800'3563   0x22  Code  Gb  strcspn.o [2]
strlen                   0x800'264d         Code  Gb  strlen.o [5]
ttio_guard              0x2000'02df    0x1  Data  Lc  XShttio.o [2]
void std::_Deallocate<char>(char *, unsigned int)
                         0x800'3eed    0xe  Code  Gb  main.o [1]
void std::_Wrap_alloc<std::allocator<char>>::construct<char *, char *>(char * *, char * &&...)
                         0x800'3e27   0x1a  Code  Gb  main.o [1]
void std::_Wrap_alloc<std::allocator<char>>::destroy<char *>(char * *)
                         0x800'3a5b   0x10  Code  Gb  main.o [1]
void std::allocator<char>::construct<char *, char *>(char * *, char * &&...)
                         0x800'4029   0x26  Code  Gb  main.o [1]
void std::allocator<char>::destroy<char *>(char * *)
                         0x800'3eeb    0x2  Code  Gb  main.o [1]
void std::allocator_traits<std::allocator<char>>::construct<char *, char *>(std::allocator<char>&, char * *, char * &&...)
                         0x800'3f93   0x1a  Code  Gb  main.o [1]
void std::allocator_traits<std::allocator<char>>::destroy<char *>(std::allocator<char>&, char * *)
                         0x800'3dad   0x10  Code  Gb  main.o [1]
void std::numpunct<char>::_Getvals<char>(char)
                         0x800'3fed   0x1a  Code  Gb  main.o [1]


[1] = D:\kraizette\STD\VII-VIII\POIP\PROJECTS\ÎÒ×ÅÒ6\ÑPP\6.1\Debug\Obj
[2] = dl7M_tln.a
[3] = dlpp7M_tl_nc.a
[4] = m7M_tls.a
[5] = rt7M_tl.a
[6] = shb_l.a

  22'283 bytes of readonly  code memory
     537 bytes of readonly  data memory
  42'116 bytes of readwrite data memory

Errors: none
Warnings: none
